../source/libsodium/crypto_pwhash/crypto_pwhash.c:9:1:crypto_pwhash_alg_argon2i13	4	static
../source/libsodium/crypto_pwhash/crypto_pwhash.c:15:1:crypto_pwhash_alg_argon2id13	4	static
../source/libsodium/crypto_pwhash/crypto_pwhash.c:21:1:crypto_pwhash_alg_default	4	static
../source/libsodium/crypto_pwhash/crypto_pwhash.c:27:1:crypto_pwhash_bytes_min	4	static
../source/libsodium/crypto_pwhash/crypto_pwhash.c:33:1:crypto_pwhash_bytes_max	4	static
../source/libsodium/crypto_pwhash/crypto_pwhash.c:39:1:crypto_pwhash_passwd_min	4	static
../source/libsodium/crypto_pwhash/crypto_pwhash.c:45:1:crypto_pwhash_passwd_max	4	static
../source/libsodium/crypto_pwhash/crypto_pwhash.c:51:1:crypto_pwhash_saltbytes	4	static
../source/libsodium/crypto_pwhash/crypto_pwhash.c:57:1:crypto_pwhash_strbytes	4	static
../source/libsodium/crypto_pwhash/crypto_pwhash.c:63:1:crypto_pwhash_strprefix	4	static
../source/libsodium/crypto_pwhash/crypto_pwhash.c:69:1:crypto_pwhash_opslimit_min	4	static
../source/libsodium/crypto_pwhash/crypto_pwhash.c:75:1:crypto_pwhash_opslimit_max	4	static
../source/libsodium/crypto_pwhash/crypto_pwhash.c:81:1:crypto_pwhash_memlimit_min	4	static
../source/libsodium/crypto_pwhash/crypto_pwhash.c:87:1:crypto_pwhash_memlimit_max	4	static
../source/libsodium/crypto_pwhash/crypto_pwhash.c:93:1:crypto_pwhash_opslimit_interactive	4	static
../source/libsodium/crypto_pwhash/crypto_pwhash.c:99:1:crypto_pwhash_memlimit_interactive	4	static
../source/libsodium/crypto_pwhash/crypto_pwhash.c:105:1:crypto_pwhash_opslimit_moderate	4	static
../source/libsodium/crypto_pwhash/crypto_pwhash.c:111:1:crypto_pwhash_memlimit_moderate	4	static
../source/libsodium/crypto_pwhash/crypto_pwhash.c:117:1:crypto_pwhash_opslimit_sensitive	4	static
../source/libsodium/crypto_pwhash/crypto_pwhash.c:123:1:crypto_pwhash_memlimit_sensitive	4	static
../source/libsodium/crypto_pwhash/crypto_pwhash.c:129:1:crypto_pwhash	64	static
../source/libsodium/crypto_pwhash/crypto_pwhash.c:148:1:crypto_pwhash_str	40	static
../source/libsodium/crypto_pwhash/crypto_pwhash.c:157:1:crypto_pwhash_str_alg	40	static
../source/libsodium/crypto_pwhash/crypto_pwhash.c:175:1:crypto_pwhash_str_verify	24	static
../source/libsodium/crypto_pwhash/crypto_pwhash.c:193:1:crypto_pwhash_str_needs_rehash	32	static
../source/libsodium/crypto_pwhash/crypto_pwhash.c:210:1:crypto_pwhash_primitive	4	static
