../source/libsodium/sodium/utils.c:123:1:sodium_memzero	24	static
../source/libsodium/sodium/utils.c:157:1:sodium_stackzero	16	static
../source/libsodium/sodium/utils.c:184:1:sodium_memcmp	40	static
../source/libsodium/sodium/utils.c:224:1:sodium_compare	48	static
../source/libsodium/sodium/utils.c:255:1:sodium_is_zero	24	static
../source/libsodium/sodium/utils.c:267:1:sodium_increment	24	static
../source/libsodium/sodium/utils.c:314:1:sodium_add	32	static
../source/libsodium/sodium/utils.c:363:1:sodium_sub	32	static
../source/libsodium/sodium/utils.c:406:1:_sodium_alloc_init	8	static
../source/libsodium/sodium/utils.c:431:1:sodium_mlock	16	static
../source/libsodium/sodium/utils.c:447:1:sodium_munlock	16	static
../source/libsodium/sodium/utils.c:464:1:_mprotect_noaccess	16	static
../source/libsodium/sodium/utils.c:478:1:_mprotect_readonly	16	static
../source/libsodium/sodium/utils.c:492:1:_mprotect_readwrite	16	static
../source/libsodium/sodium/utils.c:587:1:_sodium_malloc	16	static
../source/libsodium/sodium/utils.c:636:1:sodium_malloc	24	static
../source/libsodium/sodium/utils.c:649:1:sodium_allocarray	16	static
../source/libsodium/sodium/utils.c:660:1:sodium_free	16	static
../source/libsodium/sodium/utils.c:699:1:_sodium_mprotect	16	static
../source/libsodium/sodium/utils.c:723:1:sodium_mprotect_noaccess	16	static
../source/libsodium/sodium/utils.c:729:1:sodium_mprotect_readonly	16	static
../source/libsodium/sodium/utils.c:735:1:sodium_mprotect_readwrite	16	static
../source/libsodium/sodium/utils.c:741:1:sodium_pad	48	static
../source/libsodium/sodium/utils.c:782:1:sodium_unpad	48	static
