../source/libsodium/crypto_secretbox/xsalsa20poly1305/secretbox_xsalsa20poly1305.c:7:1:crypto_secretbox_xsalsa20poly1305	48	static
../source/libsodium/crypto_secretbox/xsalsa20poly1305/secretbox_xsalsa20poly1305.c:26:1:crypto_secretbox_xsalsa20poly1305_open	80	static
../source/libsodium/crypto_secretbox/xsalsa20poly1305/secretbox_xsalsa20poly1305.c:50:1:crypto_secretbox_xsalsa20poly1305_keybytes	4	static
../source/libsodium/crypto_secretbox/xsalsa20poly1305/secretbox_xsalsa20poly1305.c:56:1:crypto_secretbox_xsalsa20poly1305_noncebytes	4	static
../source/libsodium/crypto_secretbox/xsalsa20poly1305/secretbox_xsalsa20poly1305.c:62:1:crypto_secretbox_xsalsa20poly1305_zerobytes	4	static
../source/libsodium/crypto_secretbox/xsalsa20poly1305/secretbox_xsalsa20poly1305.c:68:1:crypto_secretbox_xsalsa20poly1305_boxzerobytes	4	static
../source/libsodium/crypto_secretbox/xsalsa20poly1305/secretbox_xsalsa20poly1305.c:74:1:crypto_secretbox_xsalsa20poly1305_macbytes	4	static
../source/libsodium/crypto_secretbox/xsalsa20poly1305/secretbox_xsalsa20poly1305.c:80:1:crypto_secretbox_xsalsa20poly1305_messagebytes_max	4	static
../source/libsodium/crypto_secretbox/xsalsa20poly1305/secretbox_xsalsa20poly1305.c:86:1:crypto_secretbox_xsalsa20poly1305_keygen	16	static
