../source/libsodium/crypto_box/curve25519xchacha20poly1305/box_curve25519xchacha20poly1305.c:18:1:crypto_box_curve25519xchacha20poly1305_seed_keypair	88	static
../source/libsodium/crypto_box/curve25519xchacha20poly1305/box_curve25519xchacha20poly1305.c:32:1:crypto_box_curve25519xchacha20poly1305_keypair	16	static
../source/libsodium/crypto_box/curve25519xchacha20poly1305/box_curve25519xchacha20poly1305.c:41:1:crypto_box_curve25519xchacha20poly1305_beforenm	56	static
../source/libsodium/crypto_box/curve25519xchacha20poly1305/box_curve25519xchacha20poly1305.c:55:1:crypto_box_curve25519xchacha20poly1305_detached_afternm	40	static
../source/libsodium/crypto_box/curve25519xchacha20poly1305/box_curve25519xchacha20poly1305.c:63:1:crypto_box_curve25519xchacha20poly1305_detached	80	static
../source/libsodium/crypto_box/curve25519xchacha20poly1305/box_curve25519xchacha20poly1305.c:84:1:crypto_box_curve25519xchacha20poly1305_easy_afternm	40	static
../source/libsodium/crypto_box/curve25519xchacha20poly1305/box_curve25519xchacha20poly1305.c:98:1:crypto_box_curve25519xchacha20poly1305_easy	48	static
../source/libsodium/crypto_box/curve25519xchacha20poly1305/box_curve25519xchacha20poly1305.c:111:1:crypto_box_curve25519xchacha20poly1305_open_detached_afternm	40	static
../source/libsodium/crypto_box/curve25519xchacha20poly1305/box_curve25519xchacha20poly1305.c:120:1:crypto_box_curve25519xchacha20poly1305_open_detached	80	static
../source/libsodium/crypto_box/curve25519xchacha20poly1305/box_curve25519xchacha20poly1305.c:139:1:crypto_box_curve25519xchacha20poly1305_open_easy_afternm	48	static
../source/libsodium/crypto_box/curve25519xchacha20poly1305/box_curve25519xchacha20poly1305.c:152:1:crypto_box_curve25519xchacha20poly1305_open_easy	56	static
../source/libsodium/crypto_box/curve25519xchacha20poly1305/box_curve25519xchacha20poly1305.c:165:1:crypto_box_curve25519xchacha20poly1305_seedbytes	4	static
../source/libsodium/crypto_box/curve25519xchacha20poly1305/box_curve25519xchacha20poly1305.c:171:1:crypto_box_curve25519xchacha20poly1305_publickeybytes	4	static
../source/libsodium/crypto_box/curve25519xchacha20poly1305/box_curve25519xchacha20poly1305.c:177:1:crypto_box_curve25519xchacha20poly1305_secretkeybytes	4	static
../source/libsodium/crypto_box/curve25519xchacha20poly1305/box_curve25519xchacha20poly1305.c:183:1:crypto_box_curve25519xchacha20poly1305_beforenmbytes	4	static
../source/libsodium/crypto_box/curve25519xchacha20poly1305/box_curve25519xchacha20poly1305.c:189:1:crypto_box_curve25519xchacha20poly1305_noncebytes	4	static
../source/libsodium/crypto_box/curve25519xchacha20poly1305/box_curve25519xchacha20poly1305.c:195:1:crypto_box_curve25519xchacha20poly1305_macbytes	4	static
../source/libsodium/crypto_box/curve25519xchacha20poly1305/box_curve25519xchacha20poly1305.c:201:1:crypto_box_curve25519xchacha20poly1305_messagebytes_max	4	static
