C:\Local\FIRMWARE\TESTES\FRDM_K64F\Teste2Sodium\source\libsodium\include\sodium/private/ed25519_ref10_fe_25_5.h:79:1:fe25519_sub	64	static
C:\Local\FIRMWARE\TESTES\FRDM_K64F\Teste2Sodium\source\libsodium\include\sodium/private/ed25519_ref10_fe_25_5.h:148:1:fe25519_cmov	112	static
C:\Local\FIRMWARE\TESTES\FRDM_K64F\Teste2Sodium\source\libsodium\include\sodium/private/ed25519_ref10_fe_25_5.h:198:1:fe25519_cswap	152	static
C:\Local\FIRMWARE\TESTES\FRDM_K64F\Teste2Sodium\source\libsodium\include\sodium/private/ed25519_ref10_fe_25_5.h:348:1:fe25519_mul	4552	static
C:\Local\FIRMWARE\TESTES\FRDM_K64F\Teste2Sodium\source\libsodium\include\sodium/private/ed25519_ref10_fe_25_5.h:618:1:fe25519_sq	2704	static
C:\Local\FIRMWARE\TESTES\FRDM_K64F\Teste2Sodium\source\libsodium\include\sodium/private/ed25519_ref10_fe_25_5.h:790:1:fe25519_sq2	2784	static
../source/libsodium/crypto_sign/ed25519/ref10/open.c:15:1:_crypto_sign_ed25519_verify_detached	616	static
../source/libsodium/crypto_sign/ed25519/ref10/open.c:60:1:crypto_sign_ed25519_verify_detached	32	static
../source/libsodium/crypto_sign/ed25519/ref10/open.c:69:1:crypto_sign_ed25519_open	56	static
