C:\Local\FIRMWARE\TESTES\FRDM_K64F\Teste2Sodium\source\libsodium\include\sodium/private/common.h:95:1:store64_le	24	static
../source/libsodium/crypto_aead/xchacha20poly1305/aead_xchacha20poly1305.c:23:1:_encrypt_detached	416	static
../source/libsodium/crypto_aead/xchacha20poly1305/aead_xchacha20poly1305.c:67:1:_decrypt_detached	448	static
../source/libsodium/crypto_aead/xchacha20poly1305/aead_xchacha20poly1305.c:121:1:crypto_aead_xchacha20poly1305_ietf_encrypt_detached	112	static
../source/libsodium/crypto_aead/xchacha20poly1305/aead_xchacha20poly1305.c:147:1:crypto_aead_xchacha20poly1305_ietf_encrypt	88	static
../source/libsodium/crypto_aead/xchacha20poly1305/aead_xchacha20poly1305.c:175:1:crypto_aead_xchacha20poly1305_ietf_decrypt_detached	104	static
../source/libsodium/crypto_aead/xchacha20poly1305/aead_xchacha20poly1305.c:199:1:crypto_aead_xchacha20poly1305_ietf_decrypt	88	static
../source/libsodium/crypto_aead/xchacha20poly1305/aead_xchacha20poly1305.c:229:1:crypto_aead_xchacha20poly1305_ietf_keybytes	4	static
../source/libsodium/crypto_aead/xchacha20poly1305/aead_xchacha20poly1305.c:235:1:crypto_aead_xchacha20poly1305_ietf_npubbytes	4	static
../source/libsodium/crypto_aead/xchacha20poly1305/aead_xchacha20poly1305.c:241:1:crypto_aead_xchacha20poly1305_ietf_nsecbytes	4	static
../source/libsodium/crypto_aead/xchacha20poly1305/aead_xchacha20poly1305.c:247:1:crypto_aead_xchacha20poly1305_ietf_abytes	4	static
../source/libsodium/crypto_aead/xchacha20poly1305/aead_xchacha20poly1305.c:253:1:crypto_aead_xchacha20poly1305_ietf_messagebytes_max	4	static
../source/libsodium/crypto_aead/xchacha20poly1305/aead_xchacha20poly1305.c:259:1:crypto_aead_xchacha20poly1305_ietf_keygen	16	static
