C:\Local\FIRMWARE\GIT\Firmwares\Nxp\Testes\TesteBearSSL\source\BearSSL\inc/bearssl_hash.h:1142:1:br_multihash_setimpl	24	static
C:\Local\FIRMWARE\GIT\Firmwares\Nxp\Testes\TesteBearSSL\source\BearSSL\inc/bearssl_x509.h:779:1:br_x509_minimal_set_hash	24	static
C:\Local\FIRMWARE\GIT\Firmwares\Nxp\Testes\TesteBearSSL\source\BearSSL\inc/bearssl_x509.h:798:1:br_x509_minimal_set_rsa	16	static
C:\Local\FIRMWARE\GIT\Firmwares\Nxp\Testes\TesteBearSSL\source\BearSSL\inc/bearssl_x509.h:822:1:br_x509_minimal_set_ecdsa	24	static
C:\Local\FIRMWARE\GIT\Firmwares\Nxp\Testes\TesteBearSSL\source\BearSSL\inc/bearssl_ssl.h:1250:1:br_ssl_engine_set_versions	24	static
C:\Local\FIRMWARE\GIT\Firmwares\Nxp\Testes\TesteBearSSL\source\BearSSL\inc/bearssl_ssl.h:1288:1:br_ssl_engine_set_x509	16	static
C:\Local\FIRMWARE\GIT\Firmwares\Nxp\Testes\TesteBearSSL\source\BearSSL\inc/bearssl_ssl.h:1365:1:br_ssl_engine_set_hash	24	static
C:\Local\FIRMWARE\GIT\Firmwares\Nxp\Testes\TesteBearSSL\source\BearSSL\inc/bearssl_ssl.h:1397:1:br_ssl_engine_set_prf10	16	static
C:\Local\FIRMWARE\GIT\Firmwares\Nxp\Testes\TesteBearSSL\source\BearSSL\inc/bearssl_ssl.h:1412:1:br_ssl_engine_set_prf_sha256	16	static
C:\Local\FIRMWARE\GIT\Firmwares\Nxp\Testes\TesteBearSSL\source\BearSSL\inc/bearssl_ssl.h:1427:1:br_ssl_engine_set_prf_sha384	16	static
C:\Local\FIRMWARE\GIT\Firmwares\Nxp\Testes\TesteBearSSL\source\BearSSL\inc/bearssl_ssl.h:1686:1:br_ssl_engine_get_ec	16	static
C:\Local\FIRMWARE\GIT\Firmwares\Nxp\Testes\TesteBearSSL\source\BearSSL\inc/bearssl_ssl.h:1726:1:br_ssl_engine_get_rsavrfy	16	static
C:\Local\FIRMWARE\GIT\Firmwares\Nxp\Testes\TesteBearSSL\source\BearSSL\inc/bearssl_ssl.h:1772:1:br_ssl_engine_get_ecdsa	16	static
../source/BearSSL/src/ssl/ssl_client_full.c:29:1:br_ssl_client_init_full	40	static
