C:\Local\FIRMWARE\GITHUB\Firmwares\Nxp\Testes\TesteBearSSL\source\BearSSL\src/inner.h:478:1:br_enc16be	24	static
C:\Local\FIRMWARE\GITHUB\Firmwares\Nxp\Testes\TesteBearSSL\source\BearSSL\src/inner.h:534:1:br_enc32be	24	static
C:\Local\FIRMWARE\GITHUB\Firmwares\Nxp\Testes\TesteBearSSL\source\BearSSL\src/inner.h:596:1:br_enc64be	32	static
C:\Local\FIRMWARE\GITHUB\Firmwares\Nxp\Testes\TesteBearSSL\source\BearSSL\src/inner.h:737:1:NOT	16	static
C:\Local\FIRMWARE\GITHUB\Firmwares\Nxp\Testes\TesteBearSSL\source\BearSSL\src/inner.h:746:1:MUX	24	static
C:\Local\FIRMWARE\GITHUB\Firmwares\Nxp\Testes\TesteBearSSL\source\BearSSL\src/inner.h:755:1:EQ	24	static
C:\Local\FIRMWARE\GITHUB\Firmwares\Nxp\Testes\TesteBearSSL\source\BearSSL\src/inner.h:779:1:GT	24	static
C:\Local\FIRMWARE\GITHUB\Firmwares\Nxp\Testes\TesteBearSSL\source\BearSSL\src/inner.h:820:1:EQ0	24	static
../source/BearSSL/src/ssl/ssl_rec_cbc.c:28:1:in_cbc_init	24	static
../source/BearSSL/src/ssl/ssl_rec_cbc.c:50:1:cbc_check_length	32	static
../source/BearSSL/src/ssl/ssl_rec_cbc.c:83:1:cond_rotate	96	static
../source/BearSSL/src/ssl/ssl_rec_cbc.c:98:1:cbc_decrypt	512	static
../source/BearSSL/src/ssl/ssl_rec_cbc.c:268:1:out_cbc_init	24	static
../source/BearSSL/src/ssl/ssl_rec_cbc.c:290:1:cbc_max_plaintext	32	static
../source/BearSSL/src/ssl/ssl_rec_cbc.c:310:1:cbc_encrypt	376	static
