C:\Local\FIRMWARE\GITHUB\Firmwares\Nxp\Testes\TesteBearSSL\source\BearSSL\inc/bearssl_rand.h:280:1:br_hmac_drbg_get_hash	16	static
C:\Local\FIRMWARE\GITHUB\Firmwares\Nxp\Testes\TesteBearSSL\source\BearSSL\src/inner.h:478:1:br_enc16be	24	static
C:\Local\FIRMWARE\GITHUB\Firmwares\Nxp\Testes\TesteBearSSL\source\BearSSL\src/inner.h:505:1:br_dec16be	24	static
C:\Local\FIRMWARE\GITHUB\Firmwares\Nxp\Testes\TesteBearSSL\source\BearSSL\src/inner.h:534:1:br_enc32be	24	static
C:\Local\FIRMWARE\GITHUB\Firmwares\Nxp\Testes\TesteBearSSL\source\BearSSL\src/inner.h:566:1:br_dec32be	24	static
../source/BearSSL/src/ssl/ssl_lru.c:106:1:get_prev	16	static
../source/BearSSL/src/ssl/ssl_lru.c:106:1:set_prev	24	static
../source/BearSSL/src/ssl/ssl_lru.c:107:1:get_next	16	static
../source/BearSSL/src/ssl/ssl_lru.c:107:1:set_next	24	static
../source/BearSSL/src/ssl/ssl_lru.c:108:1:get_left	16	static
../source/BearSSL/src/ssl/ssl_lru.c:108:1:set_left	24	static
../source/BearSSL/src/ssl/ssl_lru.c:109:1:get_right	16	static
../source/BearSSL/src/ssl/ssl_lru.c:109:1:set_right	24	static
../source/BearSSL/src/ssl/ssl_lru.c:126:1:mask_id	440	static
../source/BearSSL/src/ssl/ssl_lru.c:148:1:find_node	40	static
../source/BearSSL/src/ssl/ssl_lru.c:195:1:find_replacement_node	40	static
../source/BearSSL/src/ssl/ssl_lru.c:238:1:set_link	24	static
../source/BearSSL/src/ssl/ssl_lru.c:252:1:remove_node	32	static
../source/BearSSL/src/ssl/ssl_lru.c:322:1:lru_save	72	static
../source/BearSSL/src/ssl/ssl_lru.c:428:1:lru_load	80	static
../source/BearSSL/src/ssl/ssl_lru.c:494:1:br_ssl_session_cache_lru_init	24	static
../source/BearSSL/src/ssl/ssl_lru.c:508:6:br_ssl_session_cache_lru_forget	56	static
