C:\Local\FIRMWARE\GITHUB\Firmwares\Nxp\Testes\TesteBearSSL\source\BearSSL\inc/bearssl_hash.h:1164:1:br_multihash_getimpl	16	static
C:\Local\FIRMWARE\GITHUB\Firmwares\Nxp\Testes\TesteBearSSL\source\BearSSL\inc/bearssl_ssl.h:1382:1:br_ssl_engine_get_hash	16	static
C:\Local\FIRMWARE\GITHUB\Firmwares\Nxp\Testes\TesteBearSSL\source\BearSSL\src/inner.h:478:1:br_enc16be	24	static
C:\Local\FIRMWARE\GITHUB\Firmwares\Nxp\Testes\TesteBearSSL\source\BearSSL\src/inner.h:505:1:br_dec16be	24	static
C:\Local\FIRMWARE\GITHUB\Firmwares\Nxp\Testes\TesteBearSSL\source\BearSSL\src/inner.h:2148:1:br_ssl_engine_closed	16	static
C:\Local\FIRMWARE\GITHUB\Firmwares\Nxp\Testes\TesteBearSSL\source\BearSSL\src/inner.h:2179:1:br_ssl_engine_has_pld_to_send	16	static
../source/BearSSL/src/ssl/ssl_engine.c:287:1:br_ssl_engine_fail	16	static
../source/BearSSL/src/ssl/ssl_engine.c:299:1:make_ready_in	16	static
../source/BearSSL/src/ssl/ssl_engine.c:312:1:make_ready_out	24	static
../source/BearSSL/src/ssl/ssl_engine.c:332:1:br_ssl_engine_new_max_frag_len	24	static
../source/BearSSL/src/ssl/ssl_engine.c:345:1:br_ssl_engine_set_buffer	40	static
../source/BearSSL/src/ssl/ssl_engine.c:395:1:br_ssl_engine_set_buffers_bidi	32	static
../source/BearSSL/src/ssl/ssl_engine.c:458:1:engine_clearbuf	16	static
../source/BearSSL/src/ssl/ssl_engine.c:469:1:rng_init	24	static
../source/BearSSL/src/ssl/ssl_engine.c:508:1:br_ssl_engine_init_rand	24	static
../source/BearSSL/src/ssl/ssl_engine.c:537:1:br_ssl_engine_inject_entropy	24	static
../source/BearSSL/src/ssl/ssl_engine.c:566:1:recvrec_buf	24	static
../source/BearSSL/src/ssl/ssl_engine.c:603:1:recvrec_ack	48	static
../source/BearSSL/src/ssl/ssl_engine.c:763:1:br_ssl_engine_recvrec_finished	16	static
../source/BearSSL/src/ssl/ssl_engine.c:775:1:recvpld_buf	16	static
../source/BearSSL/src/ssl/ssl_engine.c:793:1:recvpld_ack	16	static
../source/BearSSL/src/ssl/ssl_engine.c:813:1:sendpld_buf	16	static
../source/BearSSL/src/ssl/ssl_engine.c:839:1:sendpld_flush	40	static
../source/BearSSL/src/ssl/ssl_engine.c:859:1:sendpld_ack	16	static
../source/BearSSL/src/ssl/ssl_engine.c:881:1:sendrec_buf	16	static
../source/BearSSL/src/ssl/ssl_engine.c:903:1:sendrec_ack	16	static
../source/BearSSL/src/ssl/ssl_engine.c:916:1:has_rec_tosend	16	static
../source/BearSSL/src/ssl/ssl_engine.c:927:1:clear_max_plaintext	32	static
../source/BearSSL/src/ssl/ssl_engine.c:944:1:clear_encrypt	32	static
../source/BearSSL/src/ssl/ssl_engine.c:1020:1:br_ssl_engine_set_suites	24	static
../source/BearSSL/src/ssl/ssl_engine.c:1036:1:jump_handshake	24	static
../source/BearSSL/src/ssl/ssl_engine.c:1107:1:br_ssl_engine_flush_record	16	static
../source/BearSSL/src/ssl/ssl_engine.c:1120:1:br_ssl_engine_sendapp_buf	16	static
../source/BearSSL/src/ssl/ssl_engine.c:1131:1:br_ssl_engine_sendapp_ack	16	static
../source/BearSSL/src/ssl/ssl_engine.c:1138:1:br_ssl_engine_recvapp_buf	16	static
../source/BearSSL/src/ssl/ssl_engine.c:1151:1:br_ssl_engine_recvapp_ack	16	static
../source/BearSSL/src/ssl/ssl_engine.c:1158:1:br_ssl_engine_sendrec_buf	16	static
../source/BearSSL/src/ssl/ssl_engine.c:1165:1:br_ssl_engine_sendrec_ack	16	static
../source/BearSSL/src/ssl/ssl_engine.c:1178:1:br_ssl_engine_recvrec_buf	16	static
../source/BearSSL/src/ssl/ssl_engine.c:1185:1:br_ssl_engine_recvrec_ack	24	static
../source/BearSSL/src/ssl/ssl_engine.c:1232:1:br_ssl_engine_close	16	static
../source/BearSSL/src/ssl/ssl_engine.c:1241:1:br_ssl_engine_renegotiate	24	static
../source/BearSSL/src/ssl/ssl_engine.c:1257:1:br_ssl_engine_current_state	24	static
../source/BearSSL/src/ssl/ssl_engine.c:1284:1:br_ssl_engine_flush	16	static
../source/BearSSL/src/ssl/ssl_engine.c:1293:1:br_ssl_engine_hs_reset	24	static
../source/BearSSL/src/ssl/ssl_engine.c:1309:1:br_ssl_engine_get_PRF	16	static
../source/BearSSL/src/ssl/ssl_engine.c:1324:1:br_ssl_engine_compute_master	72	static
../source/BearSSL/src/ssl/ssl_engine.c:1342:1:compute_key_block	72	static
../source/BearSSL/src/ssl/ssl_engine.c:1359:1:br_ssl_engine_switch_cbc_in	280	static
../source/BearSSL/src/ssl/ssl_engine.c:1402:1:br_ssl_engine_switch_cbc_out	280	static
../source/BearSSL/src/ssl/ssl_engine.c:1444:1:br_ssl_engine_switch_gcm_in	120	static
../source/BearSSL/src/ssl/ssl_engine.c:1466:1:br_ssl_engine_switch_gcm_out	120	static
../source/BearSSL/src/ssl/ssl_engine.c:1487:1:br_ssl_engine_switch_chapol_in	136	static
../source/BearSSL/src/ssl/ssl_engine.c:1508:1:br_ssl_engine_switch_chapol_out	136	static
../source/BearSSL/src/ssl/ssl_engine.c:1528:1:br_ssl_engine_switch_ccm_in	120	static
../source/BearSSL/src/ssl/ssl_engine.c:1551:1:br_ssl_engine_switch_ccm_out	120	static
