C:\Local\FIRMWARE\TESTES\FRDM_K64F\Teste2Sodium\source\libsodium\include\sodium/private/ed25519_ref10_fe_25_5.h:79:1:fe25519_sub	64	static
C:\Local\FIRMWARE\TESTES\FRDM_K64F\Teste2Sodium\source\libsodium\include\sodium/private/ed25519_ref10_fe_25_5.h:148:1:fe25519_cmov	112	static
C:\Local\FIRMWARE\TESTES\FRDM_K64F\Teste2Sodium\source\libsodium\include\sodium/private/ed25519_ref10_fe_25_5.h:198:1:fe25519_cswap	152	static
C:\Local\FIRMWARE\TESTES\FRDM_K64F\Teste2Sodium\source\libsodium\include\sodium/private/ed25519_ref10_fe_25_5.h:348:1:fe25519_mul	4552	static
C:\Local\FIRMWARE\TESTES\FRDM_K64F\Teste2Sodium\source\libsodium\include\sodium/private/ed25519_ref10_fe_25_5.h:618:1:fe25519_sq	2704	static
C:\Local\FIRMWARE\TESTES\FRDM_K64F\Teste2Sodium\source\libsodium\include\sodium/private/ed25519_ref10_fe_25_5.h:790:1:fe25519_sq2	2784	static
../source/libsodium/crypto_core/ed25519/core_ed25519.c:11:1:crypto_core_ed25519_is_valid_point	176	static
../source/libsodium/crypto_core/ed25519/core_ed25519.c:26:1:crypto_core_ed25519_add	824	static
../source/libsodium/crypto_core/ed25519/core_ed25519.c:46:1:crypto_core_ed25519_sub	824	static
../source/libsodium/crypto_core/ed25519/core_ed25519.c:66:1:crypto_core_ed25519_from_uniform	16	static
../source/libsodium/crypto_core/ed25519/core_ed25519.c:74:1:crypto_core_ed25519_from_hash	16	static
../source/libsodium/crypto_core/ed25519/core_ed25519.c:82:1:crypto_core_ed25519_random	48	static
../source/libsodium/crypto_core/ed25519/core_ed25519.c:91:1:crypto_core_ed25519_scalar_random	16	static
../source/libsodium/crypto_core/ed25519/core_ed25519.c:101:1:crypto_core_ed25519_scalar_invert	16	static
../source/libsodium/crypto_core/ed25519/core_ed25519.c:116:1:crypto_core_ed25519_scalar_negate	144	static
../source/libsodium/crypto_core/ed25519/core_ed25519.c:134:1:crypto_core_ed25519_scalar_complement	144	static
../source/libsodium/crypto_core/ed25519/core_ed25519.c:154:1:crypto_core_ed25519_scalar_add	152	static
../source/libsodium/crypto_core/ed25519/core_ed25519.c:169:1:crypto_core_ed25519_scalar_sub	56	static
../source/libsodium/crypto_core/ed25519/core_ed25519.c:179:1:crypto_core_ed25519_scalar_mul	24	static
../source/libsodium/crypto_core/ed25519/core_ed25519.c:186:1:crypto_core_ed25519_scalar_reduce	80	static
../source/libsodium/crypto_core/ed25519/core_ed25519.c:198:1:crypto_core_ed25519_bytes	4	static
../source/libsodium/crypto_core/ed25519/core_ed25519.c:204:1:crypto_core_ed25519_nonreducedscalarbytes	4	static
../source/libsodium/crypto_core/ed25519/core_ed25519.c:210:1:crypto_core_ed25519_uniformbytes	4	static
../source/libsodium/crypto_core/ed25519/core_ed25519.c:216:1:crypto_core_ed25519_hashbytes	4	static
../source/libsodium/crypto_core/ed25519/core_ed25519.c:222:1:crypto_core_ed25519_scalarbytes	4	static
