C:\Local\FIRMWARE\TESTES\FRDM_K64F\Teste2Sodium\source\libsodium\include\sodium/private/ed25519_ref10_fe_25_5.h:79:1:fe25519_sub	64	static
C:\Local\FIRMWARE\TESTES\FRDM_K64F\Teste2Sodium\source\libsodium\include\sodium/private/ed25519_ref10_fe_25_5.h:148:1:fe25519_cmov	112	static
C:\Local\FIRMWARE\TESTES\FRDM_K64F\Teste2Sodium\source\libsodium\include\sodium/private/ed25519_ref10_fe_25_5.h:198:1:fe25519_cswap	152	static
C:\Local\FIRMWARE\TESTES\FRDM_K64F\Teste2Sodium\source\libsodium\include\sodium/private/ed25519_ref10_fe_25_5.h:348:1:fe25519_mul	4552	static
C:\Local\FIRMWARE\TESTES\FRDM_K64F\Teste2Sodium\source\libsodium\include\sodium/private/ed25519_ref10_fe_25_5.h:618:1:fe25519_sq	2704	static
C:\Local\FIRMWARE\TESTES\FRDM_K64F\Teste2Sodium\source\libsodium\include\sodium/private/ed25519_ref10_fe_25_5.h:790:1:fe25519_sq2	2784	static
../source/libsodium/crypto_core/ed25519/core_ristretto255.c:12:1:crypto_core_ristretto255_is_valid_point	176	static
../source/libsodium/crypto_core/ed25519/core_ristretto255.c:23:1:crypto_core_ristretto255_add	824	static
../source/libsodium/crypto_core/ed25519/core_ristretto255.c:43:1:crypto_core_ristretto255_sub	824	static
../source/libsodium/crypto_core/ed25519/core_ristretto255.c:63:1:crypto_core_ristretto255_from_hash	16	static
../source/libsodium/crypto_core/ed25519/core_ristretto255.c:71:1:crypto_core_ristretto255_random	80	static
../source/libsodium/crypto_core/ed25519/core_ristretto255.c:80:1:crypto_core_ristretto255_scalar_random	16	static
../source/libsodium/crypto_core/ed25519/core_ristretto255.c:86:1:crypto_core_ristretto255_scalar_invert	16	static
../source/libsodium/crypto_core/ed25519/core_ristretto255.c:93:1:crypto_core_ristretto255_scalar_negate	16	static
../source/libsodium/crypto_core/ed25519/core_ristretto255.c:100:1:crypto_core_ristretto255_scalar_complement	16	static
../source/libsodium/crypto_core/ed25519/core_ristretto255.c:107:1:crypto_core_ristretto255_scalar_add	24	static
../source/libsodium/crypto_core/ed25519/core_ristretto255.c:114:1:crypto_core_ristretto255_scalar_sub	24	static
../source/libsodium/crypto_core/ed25519/core_ristretto255.c:121:1:crypto_core_ristretto255_scalar_mul	24	static
../source/libsodium/crypto_core/ed25519/core_ristretto255.c:128:1:crypto_core_ristretto255_scalar_reduce	16	static
../source/libsodium/crypto_core/ed25519/core_ristretto255.c:135:1:crypto_core_ristretto255_bytes	4	static
../source/libsodium/crypto_core/ed25519/core_ristretto255.c:141:1:crypto_core_ristretto255_nonreducedscalarbytes	4	static
../source/libsodium/crypto_core/ed25519/core_ristretto255.c:147:1:crypto_core_ristretto255_hashbytes	4	static
../source/libsodium/crypto_core/ed25519/core_ristretto255.c:153:1:crypto_core_ristretto255_scalarbytes	4	static
