../source/libsodium/crypto_box/crypto_box.c:5:1:crypto_box_seedbytes	4	static
../source/libsodium/crypto_box/crypto_box.c:11:1:crypto_box_publickeybytes	4	static
../source/libsodium/crypto_box/crypto_box.c:17:1:crypto_box_secretkeybytes	4	static
../source/libsodium/crypto_box/crypto_box.c:23:1:crypto_box_beforenmbytes	4	static
../source/libsodium/crypto_box/crypto_box.c:29:1:crypto_box_noncebytes	4	static
../source/libsodium/crypto_box/crypto_box.c:35:1:crypto_box_zerobytes	4	static
../source/libsodium/crypto_box/crypto_box.c:41:1:crypto_box_boxzerobytes	4	static
../source/libsodium/crypto_box/crypto_box.c:47:1:crypto_box_macbytes	4	static
../source/libsodium/crypto_box/crypto_box.c:53:1:crypto_box_messagebytes_max	4	static
../source/libsodium/crypto_box/crypto_box.c:59:1:crypto_box_primitive	4	static
../source/libsodium/crypto_box/crypto_box.c:65:1:crypto_box_seed_keypair	24	static
../source/libsodium/crypto_box/crypto_box.c:72:1:crypto_box_keypair	16	static
../source/libsodium/crypto_box/crypto_box.c:78:1:crypto_box_beforenm	24	static
../source/libsodium/crypto_box/crypto_box.c:85:1:crypto_box_afternm	32	static
../source/libsodium/crypto_box/crypto_box.c:93:1:crypto_box_open_afternm	32	static
../source/libsodium/crypto_box/crypto_box.c:101:1:crypto_box	40	static
../source/libsodium/crypto_box/crypto_box.c:109:1:crypto_box_open	40	static
