C:\Local\FIRMWARE\TESTES\FRDM_K64F\Teste2Sodium\source\libsodium\include\sodium/private/common.h:95:1:store64_le	24	static
C:\Local\FIRMWARE\TESTES\FRDM_K64F\Teste2Sodium\source\libsodium\include\sodium/private/common.h:216:1:xor_buf	32	static
../source/libsodium/crypto_secretstream/xchacha20poly1305/secretstream_xchacha20poly1305.c:27:1:_crypto_secretstream_xchacha20poly1305_counter_reset	16	static
../source/libsodium/crypto_secretstream/xchacha20poly1305/secretstream_xchacha20poly1305.c:36:1:crypto_secretstream_xchacha20poly1305_keygen	16	static
../source/libsodium/crypto_secretstream/xchacha20poly1305/secretstream_xchacha20poly1305.c:43:1:crypto_secretstream_xchacha20poly1305_init_push	24	static
../source/libsodium/crypto_secretstream/xchacha20poly1305/secretstream_xchacha20poly1305.c:68:1:crypto_secretstream_xchacha20poly1305_init_pull	24	static
../source/libsodium/crypto_secretstream/xchacha20poly1305/secretstream_xchacha20poly1305.c:83:1:crypto_secretstream_xchacha20poly1305_rekey	72	static
../source/libsodium/crypto_secretstream/xchacha20poly1305/secretstream_xchacha20poly1305.c:111:1:crypto_secretstream_xchacha20poly1305_push	432	static
../source/libsodium/crypto_secretstream/xchacha20poly1305/secretstream_xchacha20poly1305.c:179:1:crypto_secretstream_xchacha20poly1305_pull	464	static
../source/libsodium/crypto_secretstream/xchacha20poly1305/secretstream_xchacha20poly1305.c:262:1:crypto_secretstream_xchacha20poly1305_statebytes	4	static
../source/libsodium/crypto_secretstream/xchacha20poly1305/secretstream_xchacha20poly1305.c:268:1:crypto_secretstream_xchacha20poly1305_abytes	4	static
../source/libsodium/crypto_secretstream/xchacha20poly1305/secretstream_xchacha20poly1305.c:274:1:crypto_secretstream_xchacha20poly1305_headerbytes	4	static
../source/libsodium/crypto_secretstream/xchacha20poly1305/secretstream_xchacha20poly1305.c:280:1:crypto_secretstream_xchacha20poly1305_keybytes	4	static
../source/libsodium/crypto_secretstream/xchacha20poly1305/secretstream_xchacha20poly1305.c:286:1:crypto_secretstream_xchacha20poly1305_messagebytes_max	4	static
../source/libsodium/crypto_secretstream/xchacha20poly1305/secretstream_xchacha20poly1305.c:292:1:crypto_secretstream_xchacha20poly1305_tag_message	4	static
../source/libsodium/crypto_secretstream/xchacha20poly1305/secretstream_xchacha20poly1305.c:298:1:crypto_secretstream_xchacha20poly1305_tag_push	4	static
../source/libsodium/crypto_secretstream/xchacha20poly1305/secretstream_xchacha20poly1305.c:304:1:crypto_secretstream_xchacha20poly1305_tag_rekey	4	static
../source/libsodium/crypto_secretstream/xchacha20poly1305/secretstream_xchacha20poly1305.c:310:1:crypto_secretstream_xchacha20poly1305_tag_final	4	static
