Archive member included to satisfy reference by file (symbol)

c:/nxp/mcuxpressoide_11.8.1_1197/ide/plugins/com.nxp.mcuxpresso.tools.win32_11.8.1.202308071233/tools/bin/../lib/gcc/arm-none-eabi/12.2.1/../../../../arm-none-eabi/lib/thumb/v7e-m+fp/hard\libcr_nohost_nf.a(_cr__main.o)
                              ./startup/startup_mk64f12.o (__main)
c:/nxp/mcuxpressoide_11.8.1_1197/ide/plugins/com.nxp.mcuxpresso.tools.win32_11.8.1.202308071233/tools/bin/../lib/gcc/arm-none-eabi/12.2.1/../../../../arm-none-eabi/lib/thumb/v7e-m+fp/hard\libcr_nohost_nf.a(_cr_assert.o)
                              ./drivers/fsl_adc16.o (__assertion_failed)
c:/nxp/mcuxpressoide_11.8.1_1197/ide/plugins/com.nxp.mcuxpresso.tools.win32_11.8.1.202308071233/tools/bin/../lib/gcc/arm-none-eabi/12.2.1/../../../../arm-none-eabi/lib/thumb/v7e-m+fp/hard\libcr_nohost_nf.a(__ciob.o)
                              c:/nxp/mcuxpressoide_11.8.1_1197/ide/plugins/com.nxp.mcuxpresso.tools.win32_11.8.1.202308071233/tools/bin/../lib/gcc/arm-none-eabi/12.2.1/../../../../arm-none-eabi/lib/thumb/v7e-m+fp/hard\libcr_nohost_nf.a(_cr_assert.o) (__Ciob)
c:/nxp/mcuxpressoide_11.8.1_1197/ide/plugins/com.nxp.mcuxpresso.tools.win32_11.8.1.202308071233/tools/bin/../lib/gcc/arm-none-eabi/12.2.1/../../../../arm-none-eabi/lib/thumb/v7e-m+fp/hard\libcr_nohost_nf.a(__sys_appexit.o)
                              c:/nxp/mcuxpressoide_11.8.1_1197/ide/plugins/com.nxp.mcuxpresso.tools.win32_11.8.1.202308071233/tools/bin/../lib/gcc/arm-none-eabi/12.2.1/../../../../arm-none-eabi/lib/thumb/v7e-m+fp/hard\libcr_nohost_nf.a(_cr_assert.o) (__sys_appexit)
c:/nxp/mcuxpressoide_11.8.1_1197/ide/plugins/com.nxp.mcuxpresso.tools.win32_11.8.1.202308071233/tools/bin/../lib/gcc/arm-none-eabi/12.2.1/../../../../arm-none-eabi/lib/thumb/v7e-m+fp/hard\libcr_c.a(memcpy.o)
                              ./utilities/fsl_str.o (memcpy)
c:/nxp/mcuxpressoide_11.8.1_1197/ide/plugins/com.nxp.mcuxpresso.tools.win32_11.8.1.202308071233/tools/bin/../lib/gcc/arm-none-eabi/12.2.1/../../../../arm-none-eabi/lib/thumb/v7e-m+fp/hard\libcr_c.a(memset.o)
                              ./utilities/fsl_debug_console.o (memset)
c:/nxp/mcuxpressoide_11.8.1_1197/ide/plugins/com.nxp.mcuxpresso.tools.win32_11.8.1.202308071233/tools/bin/../lib/gcc/arm-none-eabi/12.2.1/../../../../arm-none-eabi/lib/thumb/v7e-m+fp/hard\libcr_c.a(_deferredlazyseek.o)
                              c:/nxp/mcuxpressoide_11.8.1_1197/ide/plugins/com.nxp.mcuxpresso.tools.win32_11.8.1.202308071233/tools/bin/../lib/gcc/arm-none-eabi/12.2.1/../../../../arm-none-eabi/lib/thumb/v7e-m+fp/hard\libcr_nohost_nf.a(_cr_assert.o) (__flsbuf)
c:/nxp/mcuxpressoide_11.8.1_1197/ide/plugins/com.nxp.mcuxpresso.tools.win32_11.8.1.202308071233/tools/bin/../lib/gcc/arm-none-eabi/12.2.1/../../../../arm-none-eabi/lib/thumb/v7e-m+fp/hard\libcr_c.a(_fflush.o)
                              c:/nxp/mcuxpressoide_11.8.1_1197/ide/plugins/com.nxp.mcuxpresso.tools.win32_11.8.1.202308071233/tools/bin/../lib/gcc/arm-none-eabi/12.2.1/../../../../arm-none-eabi/lib/thumb/v7e-m+fp/hard\libcr_c.a(_deferredlazyseek.o) (_fflush)
c:/nxp/mcuxpressoide_11.8.1_1197/ide/plugins/com.nxp.mcuxpresso.tools.win32_11.8.1.202308071233/tools/bin/../lib/gcc/arm-none-eabi/12.2.1/../../../../arm-none-eabi/lib/thumb/v7e-m+fp/hard\libcr_c.a(_writebuf.o)
                              c:/nxp/mcuxpressoide_11.8.1_1197/ide/plugins/com.nxp.mcuxpresso.tools.win32_11.8.1.202308071233/tools/bin/../lib/gcc/arm-none-eabi/12.2.1/../../../../arm-none-eabi/lib/thumb/v7e-m+fp/hard\libcr_c.a(_deferredlazyseek.o) (_Cwritebuf)
c:/nxp/mcuxpressoide_11.8.1_1197/ide/plugins/com.nxp.mcuxpresso.tools.win32_11.8.1.202308071233/tools/bin/../lib/gcc/arm-none-eabi/12.2.1/../../../../arm-none-eabi/lib/thumb/v7e-m+fp/hard\libcr_c.a(alloc.o)
                              ./drivers/fsl_common.o (malloc)
c:/nxp/mcuxpressoide_11.8.1_1197/ide/plugins/com.nxp.mcuxpresso.tools.win32_11.8.1.202308071233/tools/bin/../lib/gcc/arm-none-eabi/12.2.1/../../../../arm-none-eabi/lib/thumb/v7e-m+fp/hard\libcr_c.a(errno.o)
                              ./utilities/fsl_str.o (errno)
c:/nxp/mcuxpressoide_11.8.1_1197/ide/plugins/com.nxp.mcuxpresso.tools.win32_11.8.1.202308071233/tools/bin/../lib/gcc/arm-none-eabi/12.2.1/../../../../arm-none-eabi/lib/thumb/v7e-m+fp/hard\libcr_c.a(fputs.o)
                              c:/nxp/mcuxpressoide_11.8.1_1197/ide/plugins/com.nxp.mcuxpresso.tools.win32_11.8.1.202308071233/tools/bin/../lib/gcc/arm-none-eabi/12.2.1/../../../../arm-none-eabi/lib/thumb/v7e-m+fp/hard\libcr_nohost_nf.a(_cr_assert.o) (fputs)
c:/nxp/mcuxpressoide_11.8.1_1197/ide/plugins/com.nxp.mcuxpresso.tools.win32_11.8.1.202308071233/tools/bin/../lib/gcc/arm-none-eabi/12.2.1/../../../../arm-none-eabi/lib/thumb/v7e-m+fp/hard\libcr_c.a(fseek.o)
[...]
Memory Configuration

Name             Origin             Length             Attributes
PROGRAM_FLASH    0x00000000         0x00100000         xr
SRAM_UPPER       0x20000000         0x00030000         xrw
SRAM_LOWER       0x1fff0000         0x00010000         xrw
FLEX_RAM         0x14000000         0x00001000         xrw
*default*        0x00000000         0xffffffff

Linker script and memory map

LOAD ./utilities/fsl_debug_console.o
LOAD ./utilities/fsl_str.o
LOAD ./startup/startup_mk64f12.o
LOAD ./source/MyUartProject.o
LOAD ./source/semihost_hardfault.o
LOAD ./drivers/fsl_adc16.o
LOAD ./drivers/fsl_clock.o
LOAD ./drivers/fsl_common.o
LOAD ./drivers/fsl_common_arm.o
LOAD ./drivers/fsl_dspi.o
LOAD ./drivers/fsl_gpio.o
LOAD ./drivers/fsl_i2c.o
LOAD ./drivers/fsl_rtc.o
LOAD ./drivers/fsl_smc.o
LOAD ./drivers/fsl_uart.o
LOAD ./device/system_MK64F12.o
LOAD ./component/uart/fsl_adapter_uart.o
LOAD ./component/serial_manager/fsl_component_serial_manager.o
LOAD ./component/serial_manager/fsl_component_serial_port_uart.o
LOAD ./component/lists/fsl_component_generic_list.o
LOAD ./board/board.o
LOAD ./board/clock_config.o
LOAD ./board/peripherals.o
LOAD ./board/pin_mux.o
START GROUP
LOAD c:/nxp/mcuxpressoide_11.8.1_1197/ide/plugins/com.nxp.mcuxpresso.tools.win32_11.8.1.202308071233/tools/bin/../lib/gcc/arm-none-eabi/12.2.1/../../../../arm-none-eabi/lib/thumb/v7e-m+fp/hard\libcr_nohost_nf.a
LOAD c:/nxp/mcuxpressoide_11.8.1_1197/ide/plugins/com.nxp.mcuxpresso.tools.win32_11.8.1.202308071233/tools/bin/../lib/gcc/arm-none-eabi/12.2.1/../../../../arm-none-eabi/lib/thumb/v7e-m+fp/hard\libcr_c.a
LOAD c:/nxp/mcuxpressoide_11.8.1_1197/ide/plugins/com.nxp.mcuxpresso.tools.win32_11.8.1.202308071233/tools/bin/../lib/gcc/arm-none-eabi/12.2.1/thumb/v7e-m+fp/hard\libcr_eabihelpers.a
LOAD c:/nxp/mcuxpressoide_11.8.1_1197/ide/plugins/com.nxp.mcuxpresso.tools.win32_11.8.1.202308071233/tools/bin/../lib/gcc/arm-none-eabi/12.2.1/thumb/v7e-m+fp/hard\libgcc.a
END GROUP
                0x00000000                __base_PROGRAM_FLASH = 0x0
                0x00000000                __base_Flash = 0x0
                0x00100000                __top_PROGRAM_FLASH = 0x100000
                0x00100000                __top_Flash = 0x100000
                0x20000000                __base_SRAM_UPPER = 0x20000000
                0x20000000                __base_RAM = 0x20000000
                0x20030000                __top_SRAM_UPPER = 0x20030000
                0x20030000                __top_RAM = 0x20030000
                0x1fff0000                __base_SRAM_LOWER = 0x1fff0000
                0x1fff0000                __base_RAM2 = 0x1fff0000
                0x20000000                __top_SRAM_LOWER = 0x20000000
                0x20000000                __top_RAM2 = 0x20000000
                0x14000000                __base_FLEX_RAM = 0x14000000
                0x14000000                __base_RAM3 = 0x14000000
                0x14001000                __top_FLEX_RAM = 0x14001000
                0x14001000                __top_RAM3 = 0x14001000

.text           0x00000000     0x3460
 FILL mask 0xff
                0x00000000                __vectors_start__ = ABSOLUTE (.)
 *(SORT_BY_ALIGNMENT(.isr_vector))
 .isr_vector    0x00000000      0x198 ./startup/startup_mk64f12.o
                0x00000000                g_pfnVectors
                0x00000000                __Vectors
                0x00000198                . = ALIGN (0x4)
                0x00000198                __section_table_start = .
                0x00000198                __data_section_table = .
                0x00000198        0x4 LONG 0x3460 LOADADDR (.data)
                0x0000019c        0x4 LONG 0x20000000 ADDR (.data)
                0x000001a0        0x4 LONG 0x10 SIZEOF (.data)
                0x000001a4        0x4 LONG 0x3460 LOADADDR (.data_RAM2)
                0x000001a8        0x4 LONG 0x1fff0000 ADDR (.data_RAM2)
                0x000001ac        0x4 LONG 0x0 SIZEOF (.data_RAM2)
                0x000001b0        0x4 LONG 0x3460 LOADADDR (.data_RAM3)
                0x000001b4        0x4 LONG 0x14000000 ADDR (.data_RAM3)
                0x000001b8        0x4 LONG 0x0 SIZEOF (.data_RAM3)
                0x000001bc                __data_section_table_end = .
                0x000001bc                __bss_section_table = .
                0x000001bc        0x4 LONG 0x20000010 ADDR (.bss)
                0x000001c0        0x4 LONG 0x138 SIZEOF (.bss)
                0x000001c4        0x4 LONG 0x1fff0000 ADDR (.bss_RAM2)
                0x000001c8        0x4 LONG 0x0 SIZEOF (.bss_RAM2)
                0x000001cc        0x4 LONG 0x14000000 ADDR (.bss_RAM3)
                0x000001d0        0x4 LONG 0x0 SIZEOF (.bss_RAM3)
                0x000001d4                __bss_section_table_end = .
                0x000001d4                __section_table_end = .
 *(SORT_BY_ALIGNMENT(.after_vectors*))
 .after_vectors.reset
                0x000001d4       0x4c ./startup/startup_mk64f12.o
                0x000001d4                ResetISR
 .after_vectors.init_data
                0x00000220       0x1e ./startup/startup_mk64f12.o
                0x00000220                data_init
 .after_vectors.init_bss
                0x0000023e       0x12 ./startup/startup_mk64f12.o
                0x0000023e                bss_init
 .after_vectors
                0x00000250       0x14 ./startup/startup_mk64f12.o
                0x00000250                NMI_Handler
                0x00000254                MemManage_Handler
                0x00000256                BusFault_Handler
                0x00000258                UsageFault_Handler
                0x0000025a                SVC_Handler
                0x0000025c                DebugMon_Handler
                0x0000025e                PendSV_Handler
                0x00000260                SysTick_Handler
                0x00000262                DMA_Error_DriverIRQHandler
                0x00000262                FTM1_DriverIRQHandler
                0x00000262                FTM2_DriverIRQHandler
                0x00000262                PIT2_DriverIRQHandler
                0x00000262                SDHC_DriverIRQHandler
                0x00000262                I2S0_Tx_DriverIRQHandler
                0x00000262                RTC_Seconds_DriverIRQHandler
                0x00000262                DMA6_DriverIRQHandler
                0x00000262                LLWU_DriverIRQHandler
                0x00000262                MCM_DriverIRQHandler
                0x00000262                MCG_DriverIRQHandler
                0x00000262                ENET_1588_Timer_DriverIRQHandler
                0x00000262                DAC1_DriverIRQHandler
                0x00000262                LPTMR0_DriverIRQHandler
                0x00000262                CMP1_DriverIRQHandler
                0x00000262                FTM0_DriverIRQHandler
                0x00000262                IntDefaultHandler
                0x00000262                USB0_DriverIRQHandler
                0x00000262                UART5_ERR_DriverIRQHandler
                0x00000262                PORTC_DriverIRQHandler
                0x00000262                DMA11_DriverIRQHandler
                0x00000262                DAC0_DriverIRQHandler
                0x00000262                DMA10_DriverIRQHandler
                0x00000262                CMP2_DriverIRQHandler
                0x00000262                UART2_ERR_DriverIRQHandler
                0x00000262                LVD_LVW_DriverIRQHandler
                0x00000262                PIT0_DriverIRQHandler
                0x00000262                DMA12_DriverIRQHandler
                0x00000262                DMA5_DriverIRQHandler
                0x00000262                DMA4_DriverIRQHandler
                0x00000262                USBDCD_DriverIRQHandler
                0x00000262                UART3_ERR_DriverIRQHandler
                0x00000262                DMA3_DriverIRQHandler
                0x00000262                DMA8_DriverIRQHandler
                0x00000262                DMA9_DriverIRQHandler
                0x00000262                UART0_ERR_DriverIRQHandler
                0x00000262                CMT_DriverIRQHandler
                0x00000262                Reserved71_DriverIRQHandler
                0x00000262                ADC1_DriverIRQHandler
                0x00000262                PORTA_DriverIRQHandler
                0x00000262                DMA14_DriverIRQHandler
                0x00000262                PIT3_DriverIRQHandler
                0x00000262                PIT1_DriverIRQHandler
                0x00000262                WDOG_EWM_DriverIRQHandler
                0x00000262                PDB0_DriverIRQHandler
                0x00000262                RTC_DriverIRQHandler
                0x00000262                I2S0_Rx_DriverIRQHandler
                0x00000262                Read_Collision_DriverIRQHandler
                0x00000262                SWI_DriverIRQHandler
                0x00000262                UART4_ERR_DriverIRQHandler
                0x00000262                PORTB_DriverIRQHandler
                0x00000262                UART0_LON_DriverIRQHandler
                0x00000262                DMA0_DriverIRQHandler
                0x00000262                DMA1_DriverIRQHandler
                0x00000262                ENET_Receive_DriverIRQHandler
                0x00000262                DMA13_DriverIRQHandler
                0x00000262                ENET_Error_DriverIRQHandler
                0x00000262                DMA15_DriverIRQHandler
                0x00000262                ADC0_DriverIRQHandler
                0x00000262                CMP0_DriverIRQHandler
                0x00000262                CAN0_DriverIRQHandler
                0x00000262                FTM3_DriverIRQHandler
                0x00000262                RNG_DriverIRQHandler
                0x00000262                UART1_ERR_DriverIRQHandler
                0x00000262                DMA2_DriverIRQHandler
                0x00000262                ENET_Transmit_DriverIRQHandler
                0x00000262                PORTD_DriverIRQHandler
                0x00000262                PORTE_DriverIRQHandler
                0x00000262                FTFE_DriverIRQHandler
                0x00000262                DMA7_DriverIRQHandler
                0x00000400                . = 0x400
 *fill*         0x00000264      0x19c ff
                0x00000400                PROVIDE (__FLASH_CONFIG_START__ = .)
 *(SORT_BY_ALIGNMENT(.FlashConfig))
 .FlashConfig   0x00000400       0x10 ./startup/startup_mk64f12.o
                0x00000400                Flash_Config
                0x00000410                PROVIDE (__FLASH_CONFIG_END__ = .)
                0x00000001                ASSERT (! ((__FLASH_CONFIG_START__ == __FLASH_CONFIG_END__)), Linker Flash Config Support Enabled, but no .FlashConfig section provided within application)
 *(SORT_BY_ALIGNMENT(.text*))
 .text.DbgConsole_SendDataReliable
                0x00000410       0x54 ./utilities/fsl_debug_console.o
                0x00000410                DbgConsole_SendDataReliable
 .text.DbgConsole_Init
                0x00000464      0x118 ./utilities/fsl_debug_console.o
                0x00000464                DbgConsole_Init
 .text.DbgConsole_Vprintf
                0x0000057c       0x6c ./utilities/fsl_debug_console.o
                0x0000057c                DbgConsole_Vprintf
 .text.UART0_RX_TX_IRQHandler
                0x000005e8       0x40 ./source/MyUartProject.o
                0x000005e8                UART0_RX_TX_IRQHandler
 .text.UART4_RX_TX_IRQHandler
                0x00000628       0x40 ./source/MyUartProject.o
                0x00000628                UART4_RX_TX_IRQHandler
 .text.main     0x00000668       0x38 ./source/MyUartProject.o
                0x00000668                main
 .text.CLOCK_SetEr32kClock
                0x000006a0       0x30 ./drivers/fsl_clock.o
 .text.CLOCK_SetPllFllSelClock
                0x000006d0       0x38 ./drivers/fsl_clock.o
 .text.CLOCK_GetMcgExtClkFreq
                0x00000708       0x7c ./drivers/fsl_clock.o
 .text.CLOCK_GetFllExtRefClkFreq
                0x00000784       0xb0 ./drivers/fsl_clock.o
 .text.CLOCK_GetInternalRefClkSelectFreq
                0x00000834       0x4c ./drivers/fsl_clock.o
 .text.CLOCK_GetFllRefClkFreq
                0x00000880       0x34 ./drivers/fsl_clock.o
 .text.CLOCK_GetOsc0ErClkFreq
                0x000008b4       0x44 ./drivers/fsl_clock.o
                0x000008b4                CLOCK_GetOsc0ErClkFreq
 .text.CLOCK_GetEr32kClkFreq
                0x000008f8       0x74 ./drivers/fsl_clock.o
                0x000008f8                CLOCK_GetEr32kClkFreq
 .text.CLOCK_GetPllFllSelClkFreq
                0x0000096c       0x54 ./drivers/fsl_clock.o
                0x0000096c                CLOCK_GetPllFllSelClkFreq
 .text.CLOCK_GetCoreSysClkFreq
                0x000009c0       0x28 ./drivers/fsl_clock.o
                0x000009c0                CLOCK_GetCoreSysClkFreq
 .text.CLOCK_GetFreq
                0x000009e8      0x140 ./drivers/fsl_clock.o
                0x000009e8                CLOCK_GetFreq
 .text.CLOCK_SetSimConfig
                0x00000b28       0x34 ./drivers/fsl_clock.o
                0x00000b28                CLOCK_SetSimConfig
 .text.CLOCK_GetOutClkFreq
                0x00000b5c       0x64 ./drivers/fsl_clock.o
                0x00000b5c                CLOCK_GetOutClkFreq
 .text.CLOCK_GetFllFreq
                0x00000bc0       0x84 ./drivers/fsl_clock.o
                0x00000bc0                CLOCK_GetFllFreq
 .text.CLOCK_GetInternalRefClkFreq
                0x00000c44       0x30 ./drivers/fsl_clock.o
                0x00000c44                CLOCK_GetInternalRefClkFreq
 .text.CLOCK_GetPll0Freq
                0x00000c74       0x78 ./drivers/fsl_clock.o
                0x00000c74                CLOCK_GetPll0Freq
 .text.CLOCK_SetInternalRefClkConfig
                0x00000cec      0x104 ./drivers/fsl_clock.o
                0x00000cec                CLOCK_SetInternalRefClkConfig
 .text.CLOCK_SetFeiMode
                0x00000df0       0xc0 ./drivers/fsl_clock.o
                0x00000df0                CLOCK_SetFeiMode
 .text.DSPI_CommonIRQHandler
                0x00000eb0       0x44 ./drivers/fsl_dspi.o
 .text.SPI0_DriverIRQHandler
                0x00000ef4       0x30 ./drivers/fsl_dspi.o
                0x00000ef4                SPI0_DriverIRQHandler
 .text.SPI1_DriverIRQHandler
                0x00000f24       0x30 ./drivers/fsl_dspi.o
                0x00000f24                SPI1_DriverIRQHandler
 .text.SPI2_DriverIRQHandler
                0x00000f54       0x30 ./drivers/fsl_dspi.o
                0x00000f54                SPI2_DriverIRQHandler
 .text.I2C_TransferCommonIRQHandler
                0x00000f84       0x58 ./drivers/fsl_i2c.o
 .text.I2C0_DriverIRQHandler
                0x00000fdc       0x1c ./drivers/fsl_i2c.o
                0x00000fdc                I2C0_DriverIRQHandler
 .text.I2C1_DriverIRQHandler
                0x00000ff8       0x1c ./drivers/fsl_i2c.o
                0x00000ff8                I2C1_DriverIRQHandler
 .text.I2C2_DriverIRQHandler
                0x00001014       0x1c ./drivers/fsl_i2c.o
                0x00001014                I2C2_DriverIRQHandler
 .text.UART_GetInstance
                0x00001030       0x54 ./drivers/fsl_uart.o
                0x00001030                UART_GetInstance
 .text.UART_Init
                0x00001084      0x2f4 ./drivers/fsl_uart.o
                0x00001084                UART_Init
 .text.UART_GetDefaultConfig
                0x00001378       0x68 ./drivers/fsl_uart.o
                0x00001378                UART_GetDefaultConfig
 .text.UART_EnableInterrupts
                0x000013e0       0x70 ./drivers/fsl_uart.o
                0x000013e0                UART_EnableInterrupts
 .text.UART1_DriverIRQHandler
                0x00001450       0x28 ./drivers/fsl_uart.o
                0x00001450                UART1_DriverIRQHandler
 .text.UART2_DriverIRQHandler
                0x00001478       0x28 ./drivers/fsl_uart.o
                0x00001478                UART2_DriverIRQHandler
 .text.UART3_DriverIRQHandler
                0x000014a0       0x28 ./drivers/fsl_uart.o
                0x000014a0                UART3_DriverIRQHandler
 .text.UART5_DriverIRQHandler
                0x000014c8       0x28 ./drivers/fsl_uart.o
                0x000014c8                UART5_DriverIRQHandler
 .text.SystemInit
                0x000014f0       0x3c ./device/system_MK64F12.o
                0x000014f0                SystemInit
 .text.HAL_UartInit
                0x0000152c      0x128 ./component/uart/fsl_adapter_uart.o
                0x0000152c                HAL_UartInit
 .text.HAL_UartSendBlocking
                0x00001654       0x64 ./component/uart/fsl_adapter_uart.o
                0x00001654                HAL_UartSendBlocking
 .text.CLOCK_SetSimSafeDivs
                0x000016b8       0x20 ./board/clock_config.o
 .text.BOARD_BootClockRUN
                0x000016d8       0x40 ./board/clock_config.o
                0x000016d8                BOARD_BootClockRUN
 .text.__NVIC_EnableIRQ
                0x00001718       0x3c ./board/peripherals.o
 .text.UART4_init
                0x00001754       0x34 ./board/peripherals.o
 .text.UART0_init
                0x00001788       0x34 ./board/peripherals.o
 .text.BOARD_InitPins
                0x000017bc       0x64 ./board/pin_mux.o
                0x000017bc                BOARD_InitPins
 .text.__assertion_failed
                0x00001820       0x4c c:/nxp/mcuxpressoide_11.8.1_1197/ide/plugins/com.nxp.mcuxpresso.tools.win32_11.8.1.202308071233/tools/bin/../lib/gcc/arm-none-eabi/12.2.1/../../../../arm-none-eabi/lib/thumb/v7e-m+fp/hard\libcr_nohost_nf.a(_cr_assert.o)
                0x00001820                __assertion_failed
 .text._Cwritebuf
                0x0000186c       0x6c c:/nxp/mcuxpressoide_11.8.1_1197/ide/plugins/com.nxp.mcuxpresso.tools.win32_11.8.1.202308071233/tools/bin/../lib/gcc/arm-none-eabi/12.2.1/../../../../arm-none-eabi/lib/thumb/v7e-m+fp/hard\libcr_c.a(_writebuf.o)
                0x0000186c                _Cwritebuf
 .text.malloc   0x000018d8       0xe8 c:/nxp/mcuxpressoide_11.8.1_1197/ide/plugins/com.nxp.mcuxpresso.tools.win32_11.8.1.202308071233/tools/bin/../lib/gcc/arm-none-eabi/12.2.1/../../../../arm-none-eabi/lib/thumb/v7e-m+fp/hard\libcr_c.a(alloc.o)
                0x000018d8                malloc
 .text._Csys_alloc
                0x000019c0       0x20 c:/nxp/mcuxpressoide_11.8.1_1197/ide/plugins/com.nxp.mcuxpresso.tools.win32_11.8.1.202308071233/tools/bin/../lib/gcc/arm-none-eabi/12.2.1/../../../../arm-none-eabi/lib/thumb/v7e-m+fp/hard\libcr_c.a(alloc.o)
                0x000019c0                _Csys_alloc
 .text.fseek    0x000019e0       0xf8 c:/nxp/mcuxpressoide_11.8.1_1197/ide/plugins/com.nxp.mcuxpresso.tools.win32_11.8.1.202308071233/tools/bin/../lib/gcc/arm-none-eabi/12.2.1/../../../../arm-none-eabi/lib/thumb/v7e-m+fp/hard\libcr_c.a(fseek.o)
                0x000019e0                fseek
 .text.ftell    0x00001ad8       0x44 c:/nxp/mcuxpressoide_11.8.1_1197/ide/plugins/com.nxp.mcuxpresso.tools.win32_11.8.1.202308071233/tools/bin/../lib/gcc/arm-none-eabi/12.2.1/../../../../arm-none-eabi/lib/thumb/v7e-m+fp/hard\libcr_c.a(ftell.o)
                0x00001ad8                ftell
 .text._initio  0x00001b1c       0x78 c:/nxp/mcuxpressoide_11.8.1_1197/ide/plugins/com.nxp.mcuxpresso.tools.win32_11.8.1.202308071233/tools/bin/../lib/gcc/arm-none-eabi/12.2.1/../../../../arm-none-eabi/lib/thumb/v7e-m+fp/hard\libcr_c.a(initio.o)
                0x00001b1c                _initio
 .text._sbrk    0x00001b94       0x3c c:/nxp/mcuxpressoide_11.8.1_1197/ide/plugins/com.nxp.mcuxpresso.tools.win32_11.8.1.202308071233/tools/bin/../lib/gcc/arm-none-eabi/12.2.1/../../../../arm-none-eabi/lib/thumb/v7e-m+fp/hard\libcr_c.a(_cr_sbrk.o)
                0x00001b94                _sbrk
 .text.fflush   0x00001bd0       0x3c c:/nxp/mcuxpressoide_11.8.1_1197/ide/plugins/com.nxp.mcuxpresso.tools.win32_11.8.1.202308071233/tools/bin/../lib/gcc/arm-none-eabi/12.2.1/../../../../arm-none-eabi/lib/thumb/v7e-m+fp/hard\libcr_c.a(fflush.o)
                0x00001bd0                fflush
 .text.__check_heap_overflow
                0x00001c0c       0x18 c:/nxp/mcuxpressoide_11.8.1_1197/ide/plugins/com.nxp.mcuxpresso.tools.win32_11.8.1.202308071233/tools/bin/../lib/gcc/arm-none-eabi/12.2.1/../../../../arm-none-eabi/lib/thumb/v7e-m+fp/hard\libcr_c.a(_cr_check_heap.o)
                0x00001c0c                __check_heap_overflow
 .text.DbgConsole_PrintCallback
                0x00001c24       0x66 ./utilities/fsl_debug_console.o
 .text.DbgConsole_Printf
                0x00001c8a       0x2c ./utilities/fsl_debug_console.o
                0x00001c8a                DbgConsole_Printf
 .text.PrintGetWidth
                0x00001cb6       0x6a ./utilities/fsl_str.o
 .text.PrintGetPrecision
                0x00001d20       0x8c ./utilities/fsl_str.o
 .text.PrintIsobpu
                0x00001dac       0x38 ./utilities/fsl_str.o
 .text.PrintIsdi
                0x00001de4       0x2c ./utilities/fsl_str.o
 .text.PrintOutputdifFobpu
                0x00001e10       0x44 ./utilities/fsl_str.o
 .text.PrintOutputxX
                0x00001e54       0x44 ./utilities/fsl_str.o
 .text.PrintIsfF
                0x00001e98       0x2c ./utilities/fsl_str.o
 .text.PrintIsxX
                0x00001ec4       0x2c ./utilities/fsl_str.o
 .text.PrintFilterLengthFlag
                0x00001ef0       0x3e ./utilities/fsl_str.o
 .text.PrintGetRadixFromobpu
                0x00001f2e       0x40 ./utilities/fsl_str.o
 .text.ConvertRadixNumToString
                0x00001f6e       0xc2 ./utilities/fsl_str.o
 .text.StrFormatPrintf
                0x00002030      0x2ac ./utilities/fsl_str.o
                0x00002030                StrFormatPrintf
 .text.DMA0_IRQHandler
                0x000022dc        0x8 ./startup/startup_mk64f12.o
                0x000022dc                DMA0_IRQHandler
 .text.DMA1_IRQHandler
                0x000022e4        0x8 ./startup/startup_mk64f12.o
                0x000022e4                DMA1_IRQHandler
 .text.DMA2_IRQHandler
                0x000022ec        0x8 ./startup/startup_mk64f12.o
                0x000022ec                DMA2_IRQHandler
 .text.DMA3_IRQHandler
                0x000022f4        0x8 ./startup/startup_mk64f12.o
                0x000022f4                DMA3_IRQHandler
 .text.DMA4_IRQHandler
                0x000022fc        0x8 ./startup/startup_mk64f12.o
                0x000022fc                DMA4_IRQHandler
 .text.DMA5_IRQHandler
                0x00002304        0x8 ./startup/startup_mk64f12.o
                0x00002304                DMA5_IRQHandler
 .text.DMA6_IRQHandler
                0x0000230c        0x8 ./startup/startup_mk64f12.o
                0x0000230c                DMA6_IRQHandler
 .text.DMA7_IRQHandler
                0x00002314        0x8 ./startup/startup_mk64f12.o
                0x00002314                DMA7_IRQHandler
 .text.DMA8_IRQHandler
                0x0000231c        0x8 ./startup/startup_mk64f12.o
                0x0000231c                DMA8_IRQHandler
 .text.DMA9_IRQHandler
                0x00002324        0x8 ./startup/startup_mk64f12.o
                0x00002324                DMA9_IRQHandler
 .text.DMA10_IRQHandler
                0x0000232c        0x8 ./startup/startup_mk64f12.o
                0x0000232c                DMA10_IRQHandler
 .text.DMA11_IRQHandler
                0x00002334        0x8 ./startup/startup_mk64f12.o
                0x00002334                DMA11_IRQHandler
 .text.DMA12_IRQHandler
                0x0000233c        0x8 ./startup/startup_mk64f12.o
                0x0000233c                DMA12_IRQHandler
 .text.DMA13_IRQHandler
                0x00002344        0x8 ./startup/startup_mk64f12.o
                0x00002344                DMA13_IRQHandler
 .text.DMA14_IRQHandler
                0x0000234c        0x8 ./startup/startup_mk64f12.o
                0x0000234c                DMA14_IRQHandler
 .text.DMA15_IRQHandler
                0x00002354        0x8 ./startup/startup_mk64f12.o
                0x00002354                DMA15_IRQHandler
 .text.DMA_Error_IRQHandler
                0x0000235c        0x8 ./startup/startup_mk64f12.o
                0x0000235c                DMA_Error_IRQHandler
 .text.MCM_IRQHandler
                0x00002364        0x8 ./startup/startup_mk64f12.o
                0x00002364                MCM_IRQHandler
 .text.FTFE_IRQHandler
                0x0000236c        0x8 ./startup/startup_mk64f12.o
                0x0000236c                FTFE_IRQHandler
 .text.Read_Collision_IRQHandler
                0x00002374        0x8 ./startup/startup_mk64f12.o
                0x00002374                Read_Collision_IRQHandler
 .text.LVD_LVW_IRQHandler
                0x0000237c        0x8 ./startup/startup_mk64f12.o
                0x0000237c                LVD_LVW_IRQHandler
 .text.LLWU_IRQHandler
                0x00002384        0x8 ./startup/startup_mk64f12.o
                0x00002384                LLWU_IRQHandler
 .text.WDOG_EWM_IRQHandler
                0x0000238c        0x8 ./startup/startup_mk64f12.o
                0x0000238c                WDOG_EWM_IRQHandler
 .text.RNG_IRQHandler
                0x00002394        0x8 ./startup/startup_mk64f12.o
                0x00002394                RNG_IRQHandler
 .text.I2C0_IRQHandler
                0x0000239c        0x8 ./startup/startup_mk64f12.o
                0x0000239c                I2C0_IRQHandler
 .text.I2C1_IRQHandler
                0x000023a4        0x8 ./startup/startup_mk64f12.o
                0x000023a4                I2C1_IRQHandler
 .text.SPI0_IRQHandler
                0x000023ac        0x8 ./startup/startup_mk64f12.o
                0x000023ac                SPI0_IRQHandler
 .text.SPI1_IRQHandler
                0x000023b4        0x8 ./startup/startup_mk64f12.o
                0x000023b4                SPI1_IRQHandler
 .text.I2S0_Tx_IRQHandler
                0x000023bc        0x8 ./startup/startup_mk64f12.o
                0x000023bc                I2S0_Tx_IRQHandler
 .text.I2S0_Rx_IRQHandler
                0x000023c4        0x8 ./startup/startup_mk64f12.o
                0x000023c4                I2S0_Rx_IRQHandler
 .text.UART0_LON_IRQHandler
                0x000023cc        0x8 ./startup/startup_mk64f12.o
                0x000023cc                UART0_LON_IRQHandler
 .text.UART0_ERR_IRQHandler
                0x000023d4        0x8 ./startup/startup_mk64f12.o
                0x000023d4                UART0_ERR_IRQHandler
 .text.UART1_RX_TX_IRQHandler
                0x000023dc        0x8 ./startup/startup_mk64f12.o
                0x000023dc                UART1_RX_TX_IRQHandler
 .text.UART1_ERR_IRQHandler
                0x000023e4        0x8 ./startup/startup_mk64f12.o
                0x000023e4                UART1_ERR_IRQHandler
 .text.UART2_RX_TX_IRQHandler
                0x000023ec        0x8 ./startup/startup_mk64f12.o
                0x000023ec                UART2_RX_TX_IRQHandler
 .text.UART2_ERR_IRQHandler
                0x000023f4        0x8 ./startup/startup_mk64f12.o
                0x000023f4                UART2_ERR_IRQHandler
 .text.UART3_RX_TX_IRQHandler
                0x000023fc        0x8 ./startup/startup_mk64f12.o
                0x000023fc                UART3_RX_TX_IRQHandler
 .text.UART3_ERR_IRQHandler
                0x00002404        0x8 ./startup/startup_mk64f12.o
                0x00002404                UART3_ERR_IRQHandler
 .text.ADC0_IRQHandler
                0x0000240c        0x8 ./startup/startup_mk64f12.o
                0x0000240c                ADC0_IRQHandler
 .text.CMP0_IRQHandler
                0x00002414        0x8 ./startup/startup_mk64f12.o
                0x00002414                CMP0_IRQHandler
 .text.CMP1_IRQHandler
                0x0000241c        0x8 ./startup/startup_mk64f12.o
                0x0000241c                CMP1_IRQHandler
 .text.FTM0_IRQHandler
                0x00002424        0x8 ./startup/startup_mk64f12.o
                0x00002424                FTM0_IRQHandler
 .text.FTM1_IRQHandler
                0x0000242c        0x8 ./startup/startup_mk64f12.o
                0x0000242c                FTM1_IRQHandler
 .text.FTM2_IRQHandler
                0x00002434        0x8 ./startup/startup_mk64f12.o
                0x00002434                FTM2_IRQHandler
 .text.CMT_IRQHandler
                0x0000243c        0x8 ./startup/startup_mk64f12.o
                0x0000243c                CMT_IRQHandler
 .text.RTC_IRQHandler
                0x00002444        0x8 ./startup/startup_mk64f12.o
                0x00002444                RTC_IRQHandler
 .text.RTC_Seconds_IRQHandler
                0x0000244c        0x8 ./startup/startup_mk64f12.o
                0x0000244c                RTC_Seconds_IRQHandler
 .text.PIT0_IRQHandler
                0x00002454        0x8 ./startup/startup_mk64f12.o
                0x00002454                PIT0_IRQHandler
 .text.PIT1_IRQHandler
                0x0000245c        0x8 ./startup/startup_mk64f12.o
                0x0000245c                PIT1_IRQHandler
 .text.PIT2_IRQHandler
                0x00002464        0x8 ./startup/startup_mk64f12.o
                0x00002464                PIT2_IRQHandler
 .text.PIT3_IRQHandler
                0x0000246c        0x8 ./startup/startup_mk64f12.o
                0x0000246c                PIT3_IRQHandler
 .text.PDB0_IRQHandler
                0x00002474        0x8 ./startup/startup_mk64f12.o
                0x00002474                PDB0_IRQHandler
 .text.USB0_IRQHandler
                0x0000247c        0x8 ./startup/startup_mk64f12.o
                0x0000247c                USB0_IRQHandler
 .text.USBDCD_IRQHandler
                0x00002484        0x8 ./startup/startup_mk64f12.o
                0x00002484                USBDCD_IRQHandler
 .text.Reserved71_IRQHandler
                0x0000248c        0x8 ./startup/startup_mk64f12.o
                0x0000248c                Reserved71_IRQHandler
 .text.DAC0_IRQHandler
                0x00002494        0x8 ./startup/startup_mk64f12.o
                0x00002494                DAC0_IRQHandler
 .text.MCG_IRQHandler
                0x0000249c        0x8 ./startup/startup_mk64f12.o
                0x0000249c                MCG_IRQHandler
 .text.LPTMR0_IRQHandler
                0x000024a4        0x8 ./startup/startup_mk64f12.o
                0x000024a4                LPTMR0_IRQHandler
 .text.PORTA_IRQHandler
                0x000024ac        0x8 ./startup/startup_mk64f12.o
                0x000024ac                PORTA_IRQHandler
 .text.PORTB_IRQHandler
                0x000024b4        0x8 ./startup/startup_mk64f12.o
                0x000024b4                PORTB_IRQHandler
 .text.PORTC_IRQHandler
                0x000024bc        0x8 ./startup/startup_mk64f12.o
                0x000024bc                PORTC_IRQHandler
 .text.PORTD_IRQHandler
                0x000024c4        0x8 ./startup/startup_mk64f12.o
                0x000024c4                PORTD_IRQHandler
 .text.PORTE_IRQHandler
                0x000024cc        0x8 ./startup/startup_mk64f12.o
                0x000024cc                PORTE_IRQHandler
 .text.SWI_IRQHandler
                0x000024d4        0x8 ./startup/startup_mk64f12.o
                0x000024d4                SWI_IRQHandler
 .text.SPI2_IRQHandler
                0x000024dc        0x8 ./startup/startup_mk64f12.o
                0x000024dc                SPI2_IRQHandler
 .text.UART4_ERR_IRQHandler
                0x000024e4        0x8 ./startup/startup_mk64f12.o
                0x000024e4                UART4_ERR_IRQHandler
 .text.UART5_RX_TX_IRQHandler
                0x000024ec        0x8 ./startup/startup_mk64f12.o
                0x000024ec                UART5_RX_TX_IRQHandler
 .text.UART5_ERR_IRQHandler
                0x000024f4        0x8 ./startup/startup_mk64f12.o
                0x000024f4                UART5_ERR_IRQHandler
 .text.CMP2_IRQHandler
                0x000024fc        0x8 ./startup/startup_mk64f12.o
                0x000024fc                CMP2_IRQHandler
 .text.FTM3_IRQHandler
                0x00002504        0x8 ./startup/startup_mk64f12.o
                0x00002504                FTM3_IRQHandler
 .text.DAC1_IRQHandler
                0x0000250c        0x8 ./startup/startup_mk64f12.o
                0x0000250c                DAC1_IRQHandler
 .text.ADC1_IRQHandler
                0x00002514        0x8 ./startup/startup_mk64f12.o
                0x00002514                ADC1_IRQHandler
 .text.I2C2_IRQHandler
                0x0000251c        0x8 ./startup/startup_mk64f12.o
                0x0000251c                I2C2_IRQHandler
 .text.CAN0_ORed_Message_buffer_IRQHandler
                0x00002524        0x8 ./startup/startup_mk64f12.o
                0x00002524                CAN0_ORed_Message_buffer_IRQHandler
 .text.CAN0_Bus_Off_IRQHandler
                0x0000252c        0x8 ./startup/startup_mk64f12.o
                0x0000252c                CAN0_Bus_Off_IRQHandler
 .text.CAN0_Error_IRQHandler
                0x00002534        0x8 ./startup/startup_mk64f12.o
                0x00002534                CAN0_Error_IRQHandler
 .text.CAN0_Tx_Warning_IRQHandler
                0x0000253c        0x8 ./startup/startup_mk64f12.o
                0x0000253c                CAN0_Tx_Warning_IRQHandler
 .text.CAN0_Rx_Warning_IRQHandler
                0x00002544        0x8 ./startup/startup_mk64f12.o
                0x00002544                CAN0_Rx_Warning_IRQHandler
 .text.CAN0_Wake_Up_IRQHandler
                0x0000254c        0x8 ./startup/startup_mk64f12.o
                0x0000254c                CAN0_Wake_Up_IRQHandler
 .text.SDHC_IRQHandler
                0x00002554        0x8 ./startup/startup_mk64f12.o
                0x00002554                SDHC_IRQHandler
 .text.ENET_1588_Timer_IRQHandler
                0x0000255c        0x8 ./startup/startup_mk64f12.o
                0x0000255c                ENET_1588_Timer_IRQHandler
 .text.ENET_Transmit_IRQHandler
                0x00002564        0x8 ./startup/startup_mk64f12.o
                0x00002564                ENET_Transmit_IRQHandler
 .text.ENET_Receive_IRQHandler
                0x0000256c        0x8 ./startup/startup_mk64f12.o
                0x0000256c                ENET_Receive_IRQHandler
 .text.ENET_Error_IRQHandler
                0x00002574        0x8 ./startup/startup_mk64f12.o
                0x00002574                ENET_Error_IRQHandler
 .text.UART_WriteByte
                0x0000257c       0x1e ./source/MyUartProject.o
 .text.UART_ReadByte
                0x0000259a       0x1a ./source/MyUartProject.o
 .text.delay    0x000025b4       0x2e ./source/MyUartProject.o
                0x000025b4                delay
 .text.HardFault_Handler
                0x000025e2       0x36 ./source/semihost_hardfault.o
                0x000025e2                HardFault_Handler
 .text.CLOCK_GetPll0RefFreq
                0x00002618        0xe ./drivers/fsl_clock.o
 .text.CLOCK_GetFixedFreqClkFreq
                0x00002626       0x34 ./drivers/fsl_clock.o
                0x00002626                CLOCK_GetFixedFreqClkFreq
 .text.CLOCK_BootToFeiMode
                0x0000265a       0x26 ./drivers/fsl_clock.o
                0x0000265a                CLOCK_BootToFeiMode
 .text.DSPI_IsMaster
                0x00002680       0x26 ./drivers/fsl_dspi.o
 .text.CLOCK_EnableClock
                0x000026a6       0x34 ./drivers/fsl_uart.o
 .text.UART_GetStatusFlags
                0x000026da       0x48 ./drivers/fsl_uart.o
                0x000026da                UART_GetStatusFlags
 .text.UART_WriteBlocking
                0x00002722       0x50 ./drivers/fsl_uart.o
                0x00002722                UART_WriteBlocking
 .text.UART1_RX_TX_DriverIRQHandler
                0x00002772       0x12 ./drivers/fsl_uart.o
                0x00002772                UART1_RX_TX_DriverIRQHandler
 .text.UART2_RX_TX_DriverIRQHandler
                0x00002784       0x12 ./drivers/fsl_uart.o
                0x00002784                UART2_RX_TX_DriverIRQHandler
 .text.UART3_RX_TX_DriverIRQHandler
                0x00002796       0x12 ./drivers/fsl_uart.o
                0x00002796                UART3_RX_TX_DriverIRQHandler
 .text.UART5_RX_TX_DriverIRQHandler
                0x000027a8       0x12 ./drivers/fsl_uart.o
                0x000027a8                UART5_RX_TX_DriverIRQHandler
 .text.SystemInitHook
                0x000027ba        0xe ./device/system_MK64F12.o
                0x000027ba                SystemInitHook
 .text.HAL_UartGetStatus
                0x000027c8       0x22 ./component/uart/fsl_adapter_uart.o
 .text.DisableGlobalIRQ
                0x000027ea       0x22 ./component/serial_manager/fsl_component_serial_manager.o
 .text.EnableGlobalIRQ
                0x0000280c       0x20 ./component/serial_manager/fsl_component_serial_manager.o
 .text.SerialManager_StartWriting
                0x0000282c       0x38 ./component/serial_manager/fsl_component_serial_manager.o
 .text.SerialManager_Write
                0x00002864       0x44 ./component/serial_manager/fsl_component_serial_manager.o
 .text.SerialManager_Init
                0x000028a8       0x60 ./component/serial_manager/fsl_component_serial_manager.o
                0x000028a8                SerialManager_Init
 .text.SerialManager_OpenWriteHandle
                0x00002908       0x50 ./component/serial_manager/fsl_component_serial_manager.o
                0x00002908                SerialManager_OpenWriteHandle
 .text.SerialManager_OpenReadHandle
                0x00002958       0x60 ./component/serial_manager/fsl_component_serial_manager.o
                0x00002958                SerialManager_OpenReadHandle
 .text.SerialManager_WriteBlocking
                0x000029b8       0x20 ./component/serial_manager/fsl_component_serial_manager.o
                0x000029b8                SerialManager_WriteBlocking
 .text.Serial_UartInit
                0x000029d8       0x3e ./component/serial_manager/fsl_component_serial_port_uart.o
                0x000029d8                Serial_UartInit
 .text.Serial_UartWrite
                0x00002a16       0x38 ./component/serial_manager/fsl_component_serial_port_uart.o
                0x00002a16                Serial_UartWrite
 .text.BOARD_InitDebugConsole
                0x00002a4e       0x22 ./board/board.o
                0x00002a4e                BOARD_InitDebugConsole
 .text.CLOCK_CONFIG_FllStableDelay
                0x00002a70       0x28 ./board/clock_config.o
 .text.BOARD_InitBootClocks
                0x00002a98        0xc ./board/clock_config.o
                0x00002a98                BOARD_InitBootClocks
 .text.EnableIRQ
                0x00002aa4       0x32 ./board/peripherals.o
 .text.BOARD_InitPeripherals
                0x00002ad6       0x10 ./board/peripherals.o
                0x00002ad6                BOARD_InitPeripherals
 .text.BOARD_InitBootPeripherals
                0x00002ae6        0xc ./board/peripherals.o
                0x00002ae6                BOARD_InitBootPeripherals
 .text.CLOCK_EnableClock
                0x00002af2       0x34 ./board/pin_mux.o
 .text.PORT_SetPinMux
                0x00002b26       0x3a ./board/pin_mux.o
 .text.BOARD_InitBootPins
                0x00002b60        0xc ./board/pin_mux.o
                0x00002b60                BOARD_InitBootPins
 .text.__main   0x00002b6c        0xe c:/nxp/mcuxpressoide_11.8.1_1197/ide/plugins/com.nxp.mcuxpresso.tools.win32_11.8.1.202308071233/tools/bin/../lib/gcc/arm-none-eabi/12.2.1/../../../../arm-none-eabi/lib/thumb/v7e-m+fp/hard\libcr_nohost_nf.a(_cr__main.o)
                0x00002b6c                __main
 .text.__sys_appexit
                0x00002b7a        0x2 c:/nxp/mcuxpressoide_11.8.1_1197/ide/plugins/com.nxp.mcuxpresso.tools.win32_11.8.1.202308071233/tools/bin/../lib/gcc/arm-none-eabi/12.2.1/../../../../arm-none-eabi/lib/thumb/v7e-m+fp/hard\libcr_nohost_nf.a(__sys_appexit.o)
                0x00002b7a                __sys_appexit
                0x00002b7a                __exit
 .text.memcpy   0x00002b7c        0x4 c:/nxp/mcuxpressoide_11.8.1_1197/ide/plugins/com.nxp.mcuxpresso.tools.win32_11.8.1.202308071233/tools/bin/../lib/gcc/arm-none-eabi/12.2.1/../../../../arm-none-eabi/lib/thumb/v7e-m+fp/hard\libcr_c.a(memcpy.o)
                0x00002b7c                memcpy
 .text.memset   0x00002b80        0x4 c:/nxp/mcuxpressoide_11.8.1_1197/ide/plugins/com.nxp.mcuxpresso.tools.win32_11.8.1.202308071233/tools/bin/../lib/gcc/arm-none-eabi/12.2.1/../../../../arm-none-eabi/lib/thumb/v7e-m+fp/hard\libcr_c.a(memset.o)
                0x00002b80                memset
 .text._deferredlazyseek
                0x00002b84       0x40 c:/nxp/mcuxpressoide_11.8.1_1197/ide/plugins/com.nxp.mcuxpresso.tools.win32_11.8.1.202308071233/tools/bin/../lib/gcc/arm-none-eabi/12.2.1/../../../../arm-none-eabi/lib/thumb/v7e-m+fp/hard\libcr_c.a(_deferredlazyseek.o)
                0x00002b84                _deferredlazyseek
 .text.__flsbuf
                0x00002bc4      0x140 c:/nxp/mcuxpressoide_11.8.1_1197/ide/plugins/com.nxp.mcuxpresso.tools.win32_11.8.1.202308071233/tools/bin/../lib/gcc/arm-none-eabi/12.2.1/../../../../arm-none-eabi/lib/thumb/v7e-m+fp/hard\libcr_c.a(_deferredlazyseek.o)
                0x00002bc4                __flsbuf
 .text._fflush  0x00002d04       0x52 c:/nxp/mcuxpressoide_11.8.1_1197/ide/plugins/com.nxp.mcuxpresso.tools.win32_11.8.1.202308071233/tools/bin/../lib/gcc/arm-none-eabi/12.2.1/../../../../arm-none-eabi/lib/thumb/v7e-m+fp/hard\libcr_c.a(_fflush.o)
                0x00002d04                _fflush
 .text.free     0x00002d56       0x30 c:/nxp/mcuxpressoide_11.8.1_1197/ide/plugins/com.nxp.mcuxpresso.tools.win32_11.8.1.202308071233/tools/bin/../lib/gcc/arm-none-eabi/12.2.1/../../../../arm-none-eabi/lib/thumb/v7e-m+fp/hard\libcr_c.a(alloc.o)
                0x00002d56                free
 .text.fputs    0x00002d86       0x2c c:/nxp/mcuxpressoide_11.8.1_1197/ide/plugins/com.nxp.mcuxpresso.tools.win32_11.8.1.202308071233/tools/bin/../lib/gcc/arm-none-eabi/12.2.1/../../../../arm-none-eabi/lib/thumb/v7e-m+fp/hard\libcr_c.a(fputs.o)
                0x00002d86                fputs
 .text.setvbuf  0x00002db2       0x3e c:/nxp/mcuxpressoide_11.8.1_1197/ide/plugins/com.nxp.mcuxpresso.tools.win32_11.8.1.202308071233/tools/bin/../lib/gcc/arm-none-eabi/12.2.1/../../../../arm-none-eabi/lib/thumb/v7e-m+fp/hard\libcr_c.a(setvbuf.o)
                0x00002db2                setvbuf
 .text.strlen   0x00002df0       0x4e c:/nxp/mcuxpressoide_11.8.1_1197/ide/plugins/com.nxp.mcuxpresso.tools.win32_11.8.1.202308071233/tools/bin/../lib/gcc/arm-none-eabi/12.2.1/../../../../arm-none-eabi/lib/thumb/v7e-m+fp/hard\libcr_c.a(strlen.o)
                0x00002df0                strlen
 .text._fdopen  0x00002e3e       0x68 c:/nxp/mcuxpressoide_11.8.1_1197/ide/plugins/com.nxp.mcuxpresso.tools.win32_11.8.1.202308071233/tools/bin/../lib/gcc/arm-none-eabi/12.2.1/../../../../arm-none-eabi/lib/thumb/v7e-m+fp/hard\libcr_c.a(_fdopen.o)
                0x00002e3e                _fdopen
 .text.fclose   0x00002ea6       0x58 c:/nxp/mcuxpressoide_11.8.1_1197/ide/plugins/com.nxp.mcuxpresso.tools.win32_11.8.1.202308071233/tools/bin/../lib/gcc/arm-none-eabi/12.2.1/../../../../arm-none-eabi/lib/thumb/v7e-m+fp/hard\libcr_c.a(fclose.o)
                0x00002ea6                fclose
 .text.remove   0x00002efe       0x14 c:/nxp/mcuxpressoide_11.8.1_1197/ide/plugins/com.nxp.mcuxpresso.tools.win32_11.8.1.202308071233/tools/bin/../lib/gcc/arm-none-eabi/12.2.1/../../../../arm-none-eabi/lib/thumb/v7e-m+fp/hard\libcr_c.a(remove.o)
                0x00002efe                remove
 .text._do_fflush
                0x00002f12       0x40 c:/nxp/mcuxpressoide_11.8.1_1197/ide/plugins/com.nxp.mcuxpresso.tools.win32_11.8.1.202308071233/tools/bin/../lib/gcc/arm-none-eabi/12.2.1/../../../../arm-none-eabi/lib/thumb/v7e-m+fp/hard\libcr_c.a(_do_fflush.o)
                0x00002f12                _do_fflush
 .text.__aeabi_memcpy
                0x00002f52       0x34 c:/nxp/mcuxpressoide_11.8.1_1197/ide/plugins/com.nxp.mcuxpresso.tools.win32_11.8.1.202308071233/tools/bin/../lib/gcc/arm-none-eabi/12.2.1/thumb/v7e-m+fp/hard\libcr_eabihelpers.a(memcpy.o)
                0x00002f52                __aeabi_memcpy
                0x00002f5c                __aeabi_memcpy8
                0x00002f5c                __aeabi_memcpy4
 .text.__aeabi_memset_lowlevel
                0x00002f86       0x32 c:/nxp/mcuxpressoide_11.8.1_1197/ide/plugins/com.nxp.mcuxpresso.tools.win32_11.8.1.202308071233/tools/bin/../lib/gcc/arm-none-eabi/12.2.1/thumb/v7e-m+fp/hard\libcr_eabihelpers.a(memcpy.o)
                0x00002f86                __aeabi_lowlevel_memset
 .text.__sys_close
                0x00002fb8        0x6 c:/nxp/mcuxpressoide_11.8.1_1197/ide/plugins/com.nxp.mcuxpresso.tools.win32_11.8.1.202308071233/tools/bin/../lib/gcc/arm-none-eabi/12.2.1/../../../../arm-none-eabi/lib/thumb/v7e-m+fp/hard\libcr_nohost_nf.a(__sys_close.o)
                0x00002fb8                __sys_close
 .text.__sys_flen
                0x00002fbe        0x6 c:/nxp/mcuxpressoide_11.8.1_1197/ide/plugins/com.nxp.mcuxpresso.tools.win32_11.8.1.202308071233/tools/bin/../lib/gcc/arm-none-eabi/12.2.1/../../../../arm-none-eabi/lib/thumb/v7e-m+fp/hard\libcr_nohost_nf.a(__sys_flen.o)
                0x00002fbe                __sys_flen
 .text.__sys_istty
                0x00002fc4        0x6 c:/nxp/mcuxpressoide_11.8.1_1197/ide/plugins/com.nxp.mcuxpresso.tools.win32_11.8.1.202308071233/tools/bin/../lib/gcc/arm-none-eabi/12.2.1/../../../../arm-none-eabi/lib/thumb/v7e-m+fp/hard\libcr_nohost_nf.a(__sys_istty.o)
                0x00002fc4                __sys_istty
 .text.__sys_remove
                0x00002fca        0x6 c:/nxp/mcuxpressoide_11.8.1_1197/ide/plugins/com.nxp.mcuxpresso.tools.win32_11.8.1.202308071233/tools/bin/../lib/gcc/arm-none-eabi/12.2.1/../../../../arm-none-eabi/lib/thumb/v7e-m+fp/hard\libcr_nohost_nf.a(__sys_remove.o)
                0x00002fca                __sys_remove
 .text.__sys_seek
                0x00002fd0        0x6 c:/nxp/mcuxpressoide_11.8.1_1197/ide/plugins/com.nxp.mcuxpresso.tools.win32_11.8.1.202308071233/tools/bin/../lib/gcc/arm-none-eabi/12.2.1/../../../../arm-none-eabi/lib/thumb/v7e-m+fp/hard\libcr_nohost_nf.a(__sys_seek.o)
                0x00002fd0                __sys_seek
 .text.__sys_tmpnam
                0x00002fd6        0x6 c:/nxp/mcuxpressoide_11.8.1_1197/ide/plugins/com.nxp.mcuxpresso.tools.win32_11.8.1.202308071233/tools/bin/../lib/gcc/arm-none-eabi/12.2.1/../../../../arm-none-eabi/lib/thumb/v7e-m+fp/hard\libcr_nohost_nf.a(__sys_tmpnam.o)
                0x00002fd6                __sys_tmpnam
 .text.__sys_write
                0x00002fdc        0x4 c:/nxp/mcuxpressoide_11.8.1_1197/ide/plugins/com.nxp.mcuxpresso.tools.win32_11.8.1.202308071233/tools/bin/../lib/gcc/arm-none-eabi/12.2.1/../../../../arm-none-eabi/lib/thumb/v7e-m+fp/hard\libcr_nohost_nf.a(__sys_write.o)
                0x00002fdc                __sys_write
 *(SORT_BY_ALIGNMENT(.rodata) SORT_BY_ALIGNMENT(.rodata.*) SORT_BY_ALIGNMENT(.constdata) SORT_BY_ALIGNMENT(.constdata.*))
 .rodata.main.str1.4
                0x00002fe0        0xe ./source/MyUartProject.o
 *fill*         0x00002fee        0x2 ff
 .rodata.CLOCK_GetMcgExtClkFreq.str1.4
                0x00002ff0       0x49 ./drivers/fsl_clock.o
 *fill*         0x00003039        0x3 ff
 .rodata.CLOCK_GetOsc0ErClkFreq.str1.4
                0x0000303c       0x1e ./drivers/fsl_clock.o
 *fill*         0x0000305a        0x2 ff
 .rodata.CLOCK_GetEr32kClkFreq.str1.4
                0x0000305c       0x1f ./drivers/fsl_clock.o
 *fill*         0x0000307b        0x1 ff
 .rodata.CLOCK_GetPll0Freq.str1.4
                0x0000307c       0x1d ./drivers/fsl_clock.o
 *fill*         0x00003099        0x3 ff
 .rodata.fllFactorTable.1
                0x0000309c       0x10 ./drivers/fsl_clock.o
 .rodata.SPI0_DriverIRQHandler.str1.4
                0x000030ac       0x2a ./drivers/fsl_dspi.o
 *fill*         0x000030d6        0x2 ff
 .rodata.SPI1_DriverIRQHandler.str1.4
                0x000030d8       0x2a ./drivers/fsl_dspi.o
 *fill*         0x00003102        0x2 ff
 .rodata.SPI2_DriverIRQHandler.str1.4
                0x00003104       0x2a ./drivers/fsl_dspi.o
 *fill*         0x0000312e        0x2 ff
 .rodata.s_uartBases
                0x00003130       0x18 ./drivers/fsl_uart.o
 .rodata.s_uartClock
                0x00003148       0x18 ./drivers/fsl_uart.o
 .rodata.UART_GetInstance.str1.4
                0x00003160       0x2b ./drivers/fsl_uart.o
 *fill*         0x0000318b        0x1 ff
 .rodata.UART_Init.str1.4
                0x0000318c       0xfb ./drivers/fsl_uart.o
 *fill*         0x00003287        0x1 ff
 .rodata.UART_GetDefaultConfig.str1.4
                0x00003288       0x20 ./drivers/fsl_uart.o
 .rodata.s_UartAdapterBase
                0x000032a8       0x18 ./component/uart/fsl_adapter_uart.o
 .rodata.HAL_UartInit.str1.4
                0x000032c0       0xdd ./component/uart/fsl_adapter_uart.o
 *fill*         0x0000339d        0x3 ff
 .rodata.HAL_UartSendBlocking.str1.4
                0x000033a0       0x60 ./component/uart/fsl_adapter_uart.o
 .rodata.simConfig_BOARD_BootClockRUN
                0x00003400        0x8 ./board/clock_config.o
                0x00003400                simConfig_BOARD_BootClockRUN
 .rodata.UART4_config
                0x00003408       0x10 ./board/peripherals.o
                0x00003408                UART4_config
 .rodata.UART0_config
                0x00003418       0x10 ./board/peripherals.o
                0x00003418                UART0_config
 .rodata.__num_Ciob_streams
                0x00003428        0x4 c:/nxp/mcuxpressoide_11.8.1_1197/ide/plugins/com.nxp.mcuxpresso.tools.win32_11.8.1.202308071233/tools/bin/../lib/gcc/arm-none-eabi/12.2.1/../../../../arm-none-eabi/lib/thumb/v7e-m+fp/hard\libcr_nohost_nf.a(__ciob.o)
                0x00003428                __num_Ciob_streams
 .rodata.__assertion_failed.str1.1
                0x0000342c       0x15 c:/nxp/mcuxpressoide_11.8.1_1197/ide/plugins/com.nxp.mcuxpresso.tools.win32_11.8.1.202308071233/tools/bin/../lib/gcc/arm-none-eabi/12.2.1/../../../../arm-none-eabi/lib/thumb/v7e-m+fp/hard\libcr_nohost_nf.a(_cr_assert.o)
 .rodata._Csys_alloc.str1.1
                0x00003441       0x18 c:/nxp/mcuxpressoide_11.8.1_1197/ide/plugins/com.nxp.mcuxpresso.tools.win32_11.8.1.202308071233/tools/bin/../lib/gcc/arm-none-eabi/12.2.1/../../../../arm-none-eabi/lib/thumb/v7e-m+fp/hard\libcr_c.a(alloc.o)
 .rodata._initio.str1.1
                0x00003459        0x4 c:/nxp/mcuxpressoide_11.8.1_1197/ide/plugins/com.nxp.mcuxpresso.tools.win32_11.8.1.202308071233/tools/bin/../lib/gcc/arm-none-eabi/12.2.1/../../../../arm-none-eabi/lib/thumb/v7e-m+fp/hard\libcr_c.a(initio.o)
                0x00003460                . = ALIGN (0x8)
 *fill*         0x0000345d        0x3 ff

.glue_7         0x00003460        0x0
 .glue_7        0x00003460        0x0 linker stubs

.glue_7t        0x00003460        0x0
 .glue_7t       0x00003460        0x0 linker stubs

.vfp11_veneer   0x00003460        0x0
 .vfp11_veneer  0x00003460        0x0 linker stubs

.v4_bx          0x00003460        0x0
 .v4_bx         0x00003460        0x0 linker stubs

.iplt           0x00003460        0x0
 .iplt          0x00003460        0x0 ./utilities/fsl_debug_console.o

.rel.dyn        0x00003460        0x0
 .rel.iplt      0x00003460        0x0 ./utilities/fsl_debug_console.o

.ARM.extab
 *(SORT_BY_ALIGNMENT(.ARM.extab*) SORT_BY_ALIGNMENT(.gnu.linkonce.armextab.*))

.ARM.exidx      0x00003460        0x0
                0x00003460                __exidx_start = .
 *(SORT_BY_ALIGNMENT(.ARM.exidx*) SORT_BY_ALIGNMENT(.gnu.linkonce.armexidx.*))
                0x00003460                __exidx_end = .
                0x00003460                _etext = .

.m_usb_data
 *(SORT_BY_ALIGNMENT(m_usb_bdt))

.data_RAM2      0x1fff0000        0x0 load address 0x00003460
 FILL mask 0xff
                [!provide]                PROVIDE (__start_data_RAM2 = .)
                [!provide]                PROVIDE (__start_data_SRAM_LOWER = .)
 *(SORT_BY_ALIGNMENT(.ramfunc.$RAM2))
 *(SORT_BY_ALIGNMENT(.ramfunc.$SRAM_LOWER))
 *(SORT_BY_ALIGNMENT(.data.$RAM2))
 *(SORT_BY_ALIGNMENT(.data.$SRAM_LOWER))
 *(SORT_BY_ALIGNMENT(.data.$RAM2.*))
 *(SORT_BY_ALIGNMENT(.data.$SRAM_LOWER.*))
                0x1fff0000                . = ALIGN (0x8)
                [!provide]                PROVIDE (__end_data_RAM2 = .)
                [!provide]                PROVIDE (__end_data_SRAM_LOWER = .)

.data_RAM3      0x14000000        0x0 load address 0x00003460
 FILL mask 0xff
                [!provide]                PROVIDE (__start_data_RAM3 = .)
                [!provide]                PROVIDE (__start_data_FLEX_RAM = .)
 *(SORT_BY_ALIGNMENT(.ramfunc.$RAM3))
 *(SORT_BY_ALIGNMENT(.ramfunc.$FLEX_RAM))
 *(SORT_BY_ALIGNMENT(.data.$RAM3))
 *(SORT_BY_ALIGNMENT(.data.$FLEX_RAM))
 *(SORT_BY_ALIGNMENT(.data.$RAM3.*))
 *(SORT_BY_ALIGNMENT(.data.$FLEX_RAM.*))
                0x14000000                . = ALIGN (0x8)
                [!provide]                PROVIDE (__end_data_RAM3 = .)
                [!provide]                PROVIDE (__end_data_FLEX_RAM = .)

.uninit_RESERVED
                0x20000000        0x0
                0x20000000                _start_uninit_RESERVED = .
 *(SORT_BY_ALIGNMENT(.bss.$RESERVED*))
                0x20000000                . = ALIGN (0x8)
                0x20000000                _end_uninit_RESERVED = .

.data           0x20000000       0x10 load address 0x00003460
 FILL mask 0xff
                0x20000000                _data = .
                [!provide]                PROVIDE (__start_data_RAM = .)
                [!provide]                PROVIDE (__start_data_SRAM_UPPER = .)
 *(SORT_BY_ALIGNMENT(vtable))
 *(SORT_BY_ALIGNMENT(.ramfunc*))
 *(SORT_BY_ALIGNMENT(CodeQuickAccess))
 *(SORT_BY_ALIGNMENT(DataQuickAccess))
 *(SORT_BY_ALIGNMENT(RamFunction))
 *(SORT_BY_ALIGNMENT(.data*))
 .data.s_slowIrcFreq
                0x20000000        0x4 ./drivers/fsl_clock.o
 .data.s_fastIrcFreq
                0x20000004        0x4 ./drivers/fsl_clock.o
 .data.SystemCoreClock
                0x20000008        0x4 ./device/system_MK64F12.o
                0x20000008                SystemCoreClock
                0x20000010                . = ALIGN (0x8)
 *fill*         0x2000000c        0x4 ff
                0x20000010                _edata = .
                [!provide]                PROVIDE (__end_data_RAM = .)
                [!provide]                PROVIDE (__end_data_SRAM_UPPER = .)

.igot.plt       0x20000010        0x0 load address 0x00003470
 .igot.plt      0x20000010        0x0 ./utilities/fsl_debug_console.o

.bss_RAM2       0x1fff0000        0x0
                [!provide]                PROVIDE (__start_bss_RAM2 = .)
                [!provide]                PROVIDE (__start_bss_SRAM_LOWER = .)
 *(SORT_BY_ALIGNMENT(.bss.$RAM2))
 *(SORT_BY_ALIGNMENT(.bss.$SRAM_LOWER))
 *(SORT_BY_ALIGNMENT(.bss.$RAM2.*))
 *(SORT_BY_ALIGNMENT(.bss.$SRAM_LOWER.*))
                0x1fff0000                . = ALIGN ((. != 0x0)?0x8:0x1)
                [!provide]                PROVIDE (__end_bss_RAM2 = .)
                [!provide]                PROVIDE (__end_bss_SRAM_LOWER = .)

.bss_RAM3       0x14000000        0x0
                [!provide]                PROVIDE (__start_bss_RAM3 = .)
                [!provide]                PROVIDE (__start_bss_FLEX_RAM = .)
 *(SORT_BY_ALIGNMENT(.bss.$RAM3))
 *(SORT_BY_ALIGNMENT(.bss.$FLEX_RAM))
 *(SORT_BY_ALIGNMENT(.bss.$RAM3.*))
 *(SORT_BY_ALIGNMENT(.bss.$FLEX_RAM.*))
                0x14000000                . = ALIGN ((. != 0x0)?0x8:0x1)
                [!provide]                PROVIDE (__end_bss_RAM3 = .)
                [!provide]                PROVIDE (__end_bss_FLEX_RAM = .)

.bss            0x20000010      0x138
                0x20000010                _bss = .
                [!provide]                PROVIDE (__start_bss_RAM = .)
                [!provide]                PROVIDE (__start_bss_SRAM_UPPER = .)
 *(SORT_BY_ALIGNMENT(.bss*))
 .bss.s_debugConsoleState
                0x20000010       0x20 ./utilities/fsl_debug_console.o
 .bss.g_serialHandle
                0x20000030        0x4 ./utilities/fsl_debug_console.o
                0x20000030                g_serialHandle
 .bss.i.0       0x20000034        0x4 ./source/MyUartProject.o
 .bss.g_xtal0Freq
                0x20000038        0x4 ./drivers/fsl_clock.o
                0x20000038                g_xtal0Freq
 .bss.g_xtal32Freq
                0x2000003c        0x4 ./drivers/fsl_clock.o
                0x2000003c                g_xtal32Freq
 .bss.g_dspiHandle
                0x20000040        0xc ./drivers/fsl_dspi.o
 .bss.s_dspiMasterIsr
                0x2000004c        0x4 ./drivers/fsl_dspi.o
 .bss.s_dspiSlaveIsr
                0x20000050        0x4 ./drivers/fsl_dspi.o
 .bss.s_i2cHandle
                0x20000054        0xc ./drivers/fsl_i2c.o
 .bss.s_i2cMasterIsr
                0x20000060        0x4 ./drivers/fsl_i2c.o
 .bss.s_i2cSlaveIsr
                0x20000064        0x4 ./drivers/fsl_i2c.o
 .bss.s_uartHandle
                0x20000068       0x18 ./drivers/fsl_uart.o
                0x20000068                s_uartHandle
 .bss.s_uartIsr
                0x20000080        0x4 ./drivers/fsl_uart.o
                0x20000080                s_uartIsr
 .bss.__Ciob    0x20000084       0xb4 c:/nxp/mcuxpressoide_11.8.1_1197/ide/plugins/com.nxp.mcuxpresso.tools.win32_11.8.1.202308071233/tools/bin/../lib/gcc/arm-none-eabi/12.2.1/../../../../arm-none-eabi/lib/thumb/v7e-m+fp/hard\libcr_nohost_nf.a(__ciob.o)
                0x20000084                __Ciob
 .bss.errno     0x20000138        0x4 c:/nxp/mcuxpressoide_11.8.1_1197/ide/plugins/com.nxp.mcuxpresso.tools.win32_11.8.1.202308071233/tools/bin/../lib/gcc/arm-none-eabi/12.2.1/../../../../arm-none-eabi/lib/thumb/v7e-m+fp/hard\libcr_c.a(errno.o)
                0x20000138                errno
 .bss.__end_of_heap
                0x2000013c        0x4 c:/nxp/mcuxpressoide_11.8.1_1197/ide/plugins/com.nxp.mcuxpresso.tools.win32_11.8.1.202308071233/tools/bin/../lib/gcc/arm-none-eabi/12.2.1/../../../../arm-none-eabi/lib/thumb/v7e-m+fp/hard\libcr_c.a(__init_alloc.o)
                0x2000013c                __end_of_heap
 .bss.__heaps   0x20000140        0x4 c:/nxp/mcuxpressoide_11.8.1_1197/ide/plugins/com.nxp.mcuxpresso.tools.win32_11.8.1.202308071233/tools/bin/../lib/gcc/arm-none-eabi/12.2.1/../../../../arm-none-eabi/lib/thumb/v7e-m+fp/hard\libcr_c.a(__init_alloc.o)
                0x20000140                __heaps
 .bss.s_debugConsoleReadWaitSemaphore
                0x20000144        0x1 ./utilities/fsl_debug_console.o
 *(SORT_BY_ALIGNMENT(COMMON))
                0x20000148                . = ALIGN (0x8)
 *fill*         0x20000145        0x3 
                0x20000148                _ebss = .
                [!provide]                PROVIDE (__end_bss_RAM = .)
                [!provide]                PROVIDE (__end_bss_SRAM_UPPER = .)
                [!provide]                PROVIDE (end = .)

.noinit_RAM2    0x1fff0000        0x0
                [!provide]                PROVIDE (__start_noinit_RAM2 = .)
                [!provide]                PROVIDE (__start_noinit_SRAM_LOWER = .)
 *(SORT_BY_ALIGNMENT(.noinit.$RAM2))
 *(SORT_BY_ALIGNMENT(.noinit.$SRAM_LOWER))
 *(SORT_BY_ALIGNMENT(.noinit.$RAM2.*))
 *(SORT_BY_ALIGNMENT(.noinit.$SRAM_LOWER.*))
                0x1fff0000                . = ALIGN (0x8)
                [!provide]                PROVIDE (__end_noinit_RAM2 = .)
                [!provide]                PROVIDE (__end_noinit_SRAM_LOWER = .)

.noinit_RAM3    0x14000000        0x0
                [!provide]                PROVIDE (__start_noinit_RAM3 = .)
                [!provide]                PROVIDE (__start_noinit_FLEX_RAM = .)
 *(SORT_BY_ALIGNMENT(.noinit.$RAM3))
 *(SORT_BY_ALIGNMENT(.noinit.$FLEX_RAM))
 *(SORT_BY_ALIGNMENT(.noinit.$RAM3.*))
 *(SORT_BY_ALIGNMENT(.noinit.$FLEX_RAM.*))
                0x14000000                . = ALIGN (0x8)
                [!provide]                PROVIDE (__end_noinit_RAM3 = .)
                [!provide]                PROVIDE (__end_noinit_FLEX_RAM = .)

.noinit         0x20000148        0x0
                0x20000148                _noinit = .
                [!provide]                PROVIDE (__start_noinit_RAM = .)
                [!provide]                PROVIDE (__start_noinit_SRAM_UPPER = .)
 *(SORT_BY_ALIGNMENT(.noinit*))
                0x20000148                . = ALIGN (0x8)
                0x20000148                _end_noinit = .
                [!provide]                PROVIDE (__end_noinit_RAM = .)
                [!provide]                PROVIDE (__end_noinit_SRAM_UPPER = .)
                0x00001000                _HeapSize = 0x1000

.heap           0x20000148     0x1000
                0x20000148                _pvHeapStart = .
                0x20001148                . = (. + _HeapSize)
 *fill*         0x20000148     0x1000 
                0x20001148                . = ALIGN (0x8)
                0x20001148                _pvHeapLimit = .
                0x00001000                _StackSize = 0x1000

.heap2stackfill
                0x20001148     0x1000
                0x20002148                . = (. + _StackSize)
 *fill*         0x20001148     0x1000 

.stack          0x2002f000        0x0
                0x2002f000                _vStackBase = .
                0x2002f000                . = ALIGN (0x8)
                0x20030000                _vStackTop = (. + _StackSize)
                0x00000000                _image_start = LOADADDR (.text)
                0x00003470                _image_end = (LOADADDR (.data) + SIZEOF (.data))
                0x00003470                _image_size = (_image_end - _image_start)
OUTPUT(MyUartProject.axf elf32-littlearm)
LOAD linker stubs

.debug_info     0x00000000     0xea5c
 .debug_info    0x00000000      0xd51 ./utilities/fsl_debug_console.o
 .debug_info    0x00000d51      0xaed ./utilities/fsl_str.o
 .debug_info    0x0000183e      0xc6f ./startup/startup_mk64f12.o
 .debug_info    0x000024ad      0x46d ./source/MyUartProject.o
 .debug_info    0x0000291a       0x3d ./source/semihost_hardfault.o
 .debug_info    0x00002957     0x20ee ./drivers/fsl_clock.o
 .debug_info    0x00004a45     0x2557 ./drivers/fsl_dspi.o
 .debug_info    0x00006f9c     0x1e1a ./drivers/fsl_i2c.o
 .debug_info    0x00008db6     0x1ef7 ./drivers/fsl_uart.o
 .debug_info    0x0000acad      0x626 ./device/system_MK64F12.o
 .debug_info    0x0000b2d3      0xabc ./component/uart/fsl_adapter_uart.o
 .debug_info    0x0000bd8f      0x982 ./component/serial_manager/fsl_component_serial_manager.o
 .debug_info    0x0000c711      0x4f7 ./component/serial_manager/fsl_component_serial_port_uart.o
 .debug_info    0x0000cc08      0x30c ./board/board.o
 .debug_info    0x0000cf14      0x8ed ./board/clock_config.o
 .debug_info    0x0000d801      0xc63 ./board/peripherals.o
 .debug_info    0x0000e464      0x5f8 ./board/pin_mux.o

.debug_abbrev   0x00000000     0x26a6
 .debug_abbrev  0x00000000      0x27a ./utilities/fsl_debug_console.o
 .debug_abbrev  0x0000027a      0x276 ./utilities/fsl_str.o
 .debug_abbrev  0x000004f0      0x17e ./startup/startup_mk64f12.o
 .debug_abbrev  0x0000066e      0x23c ./source/MyUartProject.o
 .debug_abbrev  0x000008aa       0x2f ./source/semihost_hardfault.o
 .debug_abbrev  0x000008d9      0x38e ./drivers/fsl_clock.o
 .debug_abbrev  0x00000c67      0x3c8 ./drivers/fsl_dspi.o
 .debug_abbrev  0x0000102f      0x39a ./drivers/fsl_i2c.o
 .debug_abbrev  0x000013c9      0x46e ./drivers/fsl_uart.o
 .debug_abbrev  0x00001837      0x149 ./device/system_MK64F12.o
 .debug_abbrev  0x00001980      0x223 ./component/uart/fsl_adapter_uart.o
 .debug_abbrev  0x00001ba3      0x264 ./component/serial_manager/fsl_component_serial_manager.o
 .debug_abbrev  0x00001e07      0x196 ./component/serial_manager/fsl_component_serial_port_uart.o
 .debug_abbrev  0x00001f9d      0x144 ./board/board.o
 .debug_abbrev  0x000020e1      0x1c6 ./board/clock_config.o
 .debug_abbrev  0x000022a7      0x272 ./board/peripherals.o
 .debug_abbrev  0x00002519      0x18d ./board/pin_mux.o

.debug_aranges  0x00000000      0xe38
 .debug_aranges
                0x00000000       0xa8 ./utilities/fsl_debug_console.o
 .debug_aranges
                0x000000a8       0xb8 ./utilities/fsl_str.o
 .debug_aranges
                0x00000160      0x330 ./startup/startup_mk64f12.o
 .debug_aranges
                0x00000490       0x48 ./source/MyUartProject.o
 .debug_aranges
                0x000004d8       0x20 ./source/semihost_hardfault.o
 .debug_aranges
                0x000004f8      0x1f8 ./drivers/fsl_clock.o
 .debug_aranges
                0x000006f0      0x1d8 ./drivers/fsl_dspi.o
 .debug_aranges
                0x000008c8      0x180 ./drivers/fsl_i2c.o
 .debug_aranges
                0x00000a48      0x1b8 ./drivers/fsl_uart.o
 .debug_aranges
                0x00000c00       0x30 ./device/system_MK64F12.o
 .debug_aranges
                0x00000c30       0x50 ./component/uart/fsl_adapter_uart.o
 .debug_aranges
                0x00000c80       0x98 ./component/serial_manager/fsl_component_serial_manager.o
 .debug_aranges
                0x00000d18       0x48 ./component/serial_manager/fsl_component_serial_port_uart.o
 .debug_aranges
                0x00000d60       0x20 ./board/board.o
 .debug_aranges
                0x00000d80       0x38 ./board/clock_config.o
 .debug_aranges
                0x00000db8       0x48 ./board/peripherals.o
 .debug_aranges
                0x00000e00       0x38 ./board/pin_mux.o

.debug_rnglists
                0x00000000      0xaba
 .debug_rnglists
                0x00000000       0x7c ./utilities/fsl_debug_console.o
 .debug_rnglists
                0x0000007c       0xa6 ./utilities/fsl_str.o
 .debug_rnglists
                0x00000122      0x25f ./startup/startup_mk64f12.o
 .debug_rnglists
                0x00000381       0x31 ./source/MyUartProject.o
 .debug_rnglists
                0x000003b2       0x13 ./source/semihost_hardfault.o
 .debug_rnglists
                0x000003c5      0x187 ./drivers/fsl_clock.o
 .debug_rnglists
                0x0000054c      0x16e ./drivers/fsl_dspi.o
 .debug_rnglists
                0x000006ba      0x129 ./drivers/fsl_i2c.o
 .debug_rnglists
                0x000007e3      0x153 ./drivers/fsl_uart.o
 .debug_rnglists
                0x00000936       0x20 ./device/system_MK64F12.o
 .debug_rnglists
                0x00000956       0x38 ./component/uart/fsl_adapter_uart.o
 .debug_rnglists
                0x0000098e       0x6d ./component/serial_manager/fsl_component_serial_manager.o
 .debug_rnglists
                0x000009fb       0x31 ./component/serial_manager/fsl_component_serial_port_uart.o
 .debug_rnglists
                0x00000a2c       0x13 ./board/board.o
 .debug_rnglists
                0x00000a3f       0x25 ./board/clock_config.o
 .debug_rnglists
                0x00000a64       0x31 ./board/peripherals.o
 .debug_rnglists
                0x00000a95       0x25 ./board/pin_mux.o

.debug_macro    0x00000000    0x141ba
 .debug_macro   0x00000000      0x1c8 ./utilities/fsl_debug_console.o
 .debug_macro   0x000001c8      0xaea ./utilities/fsl_debug_console.o
 .debug_macro   0x00000cb2       0x10 ./utilities/fsl_debug_console.o
 .debug_macro   0x00000cc2       0x16 ./utilities/fsl_debug_console.o
 .debug_macro   0x00000cd8       0x10 ./utilities/fsl_debug_console.o
 .debug_macro   0x00000ce8      0x12e ./utilities/fsl_debug_console.o
 .debug_macro   0x00000e16       0x28 ./utilities/fsl_debug_console.o
 .debug_macro   0x00000e3e       0x16 ./utilities/fsl_debug_console.o
 .debug_macro   0x00000e54       0x22 ./utilities/fsl_debug_console.o
 .debug_macro   0x00000e76      0x5b3 ./utilities/fsl_debug_console.o
 .debug_macro   0x00001429       0x10 ./utilities/fsl_debug_console.o
 .debug_macro   0x00001439       0x58 ./utilities/fsl_debug_console.o
 .debug_macro   0x00001491       0x1c ./utilities/fsl_debug_console.o
 .debug_macro   0x000014ad       0x22 ./utilities/fsl_debug_console.o
 .debug_macro   0x000014cf       0xfb ./utilities/fsl_debug_console.o
 .debug_macro   0x000015ca      0xeeb ./utilities/fsl_debug_console.o
 .debug_macro   0x000024b5       0x40 ./utilities/fsl_debug_console.o
 .debug_macro   0x000024f5     0xec5f ./utilities/fsl_debug_console.o
 .debug_macro   0x00011154     0x12e8 ./utilities/fsl_debug_console.o
 .debug_macro   0x0001243c       0x7a ./utilities/fsl_debug_console.o
 .debug_macro   0x000124b6       0xa8 ./utilities/fsl_debug_console.o
 .debug_macro   0x0001255e      0x174 ./utilities/fsl_debug_console.o
 .debug_macro   0x000126d2       0x50 ./utilities/fsl_debug_console.o
 .debug_macro   0x00012722       0x70 ./utilities/fsl_debug_console.o
 .debug_macro   0x00012792       0x46 ./utilities/fsl_debug_console.o
 .debug_macro   0x000127d8       0x16 ./utilities/fsl_debug_console.o
 .debug_macro   0x000127ee       0x66 ./utilities/fsl_debug_console.o
 .debug_macro   0x00012854       0x1c ./utilities/fsl_debug_console.o
 .debug_macro   0x00012870       0x1c ./utilities/fsl_debug_console.o
 .debug_macro   0x0001288c      0x14e ./utilities/fsl_str.o
 .debug_macro   0x000129da       0xc4 ./utilities/fsl_str.o
 .debug_macro   0x00012a9e       0x1c ./utilities/fsl_str.o
 .debug_macro   0x00012aba      0x1c7 ./utilities/fsl_str.o
 .debug_macro   0x00012c81       0x56 ./utilities/fsl_str.o
 .debug_macro   0x00012cd7       0x29 ./startup/startup_mk64f12.o
 .debug_macro   0x00012d00      0x1b8 ./source/MyUartProject.o
 .debug_macro   0x00012eb8       0xd8 ./source/MyUartProject.o
 .debug_macro   0x00012f90       0x22 ./source/MyUartProject.o
 .debug_macro   0x00012fb2       0x16 ./source/MyUartProject.o
 .debug_macro   0x00012fc8      0x155 ./source/MyUartProject.o
 .debug_macro   0x0001311d       0x16 ./source/MyUartProject.o
 .debug_macro   0x00013133       0x4c ./source/MyUartProject.o
 .debug_macro   0x0001317f       0x10 ./source/MyUartProject.o
 .debug_macro   0x0001318f       0x16 ./source/MyUartProject.o
 .debug_macro   0x000131a5       0x11 ./source/semihost_hardfault.o
 .debug_macro   0x000131b6      0x1d8 ./drivers/fsl_clock.o
 .debug_macro   0x0001338e      0x121 ./drivers/fsl_dspi.o
 .debug_macro   0x000134af       0x3a ./drivers/fsl_dspi.o
 .debug_macro   0x000134e9      0x121 ./drivers/fsl_i2c.o
 .debug_macro   0x0001360a       0x1c ./drivers/fsl_i2c.o
 .debug_macro   0x00013626      0x127 ./drivers/fsl_uart.o
 .debug_macro   0x0001374d       0x10 ./drivers/fsl_uart.o
 .debug_macro   0x0001375d       0x98 ./device/system_MK64F12.o
 .debug_macro   0x000137f5      0x11e ./component/uart/fsl_adapter_uart.o
 .debug_macro   0x00013913       0x46 ./component/uart/fsl_adapter_uart.o
 .debug_macro   0x00013959      0x185 ./component/serial_manager/fsl_component_serial_manager.o
 .debug_macro   0x00013ade       0x6a ./component/serial_manager/fsl_component_serial_manager.o
 .debug_macro   0x00013b48      0x14f ./component/serial_manager/fsl_component_serial_port_uart.o
 .debug_macro   0x00013c97      0x177 ./board/board.o
 .debug_macro   0x00013e0e       0x10 ./board/board.o
 .debug_macro   0x00013e1e      0x140 ./board/clock_config.o
 .debug_macro   0x00013f5e      0x128 ./board/peripherals.o
 .debug_macro   0x00014086      0x11e ./board/pin_mux.o
 .debug_macro   0x000141a4       0x16 ./board/pin_mux.o

.debug_line     0x00000000     0x9f2d
 .debug_line    0x00000000      0x858 ./utilities/fsl_debug_console.o
 .debug_line    0x00000858      0xaf2 ./utilities/fsl_str.o
 .debug_line    0x0000134a      0xa99 ./startup/startup_mk64f12.o
 .debug_line    0x00001de3      0x5f1 ./source/MyUartProject.o
 .debug_line    0x000023d4       0x59 ./source/semihost_hardfault.o
 .debug_line    0x0000242d     0x14e8 ./drivers/fsl_clock.o
 .debug_line    0x00003915     0x17d5 ./drivers/fsl_dspi.o
 .debug_line    0x000050ea     0x13c5 ./drivers/fsl_i2c.o
 .debug_line    0x000064af     0x153e ./drivers/fsl_uart.o
 .debug_line    0x000079ed      0x3d8 ./device/system_MK64F12.o
 .debug_line    0x00007dc5      0x4fd ./component/uart/fsl_adapter_uart.o
 .debug_line    0x000082c2      0x756 ./component/serial_manager/fsl_component_serial_manager.o
 .debug_line    0x00008a18      0x525 ./component/serial_manager/fsl_component_serial_port_uart.o
 .debug_line    0x00008f3d      0x497 ./board/board.o
 .debug_line    0x000093d4      0x3ab ./board/clock_config.o
 .debug_line    0x0000977f      0x3f2 ./board/peripherals.o
 .debug_line    0x00009b71      0x3bc ./board/pin_mux.o

.debug_str      0x00000000    0x841a1
 .debug_str     0x00000000    0x7bf12 ./utilities/fsl_debug_console.o
                              0x7c01e (size before relaxing)
 .debug_str     0x0007bf12      0xbf8 ./utilities/fsl_str.o
                              0x7aca0 (size before relaxing)
 .debug_str     0x0007cb0a      0x7c7 ./startup/startup_mk64f12.o
                               0x373f (size before relaxing)
 .debug_str     0x0007d2d1     0x145e ./source/MyUartProject.o
                              0x7bdc8 (size before relaxing)
 .debug_str     0x0007e72f       0x1f ./source/semihost_hardfault.o
                               0x2ec7 (size before relaxing)
 .debug_str     0x0007e74e     0x1e31 ./drivers/fsl_clock.o
                              0x7c636 (size before relaxing)
 .debug_str     0x0008057f     0x18db ./drivers/fsl_dspi.o
                              0x7c4ad (size before relaxing)
 .debug_str     0x00081e5a      0xc7c ./drivers/fsl_i2c.o
                              0x7bd2c (size before relaxing)
 .debug_str     0x00082ad6      0xb4f ./drivers/fsl_uart.o
                              0x7bf77 (size before relaxing)
 .debug_str     0x00083625      0x11c ./device/system_MK64F12.o
                              0x78507 (size before relaxing)
 .debug_str     0x00083741      0x2ec ./component/uart/fsl_adapter_uart.o
                              0x7af42 (size before relaxing)
 .debug_str     0x00083a2d      0x371 ./component/serial_manager/fsl_component_serial_manager.o
                              0x7afec (size before relaxing)
 .debug_str     0x00083d9e       0x92 ./component/serial_manager/fsl_component_serial_port_uart.o
                              0x7ad3c (size before relaxing)
 .debug_str     0x00083e30       0x20 ./board/board.o
                              0x7b6fa (size before relaxing)
 .debug_str     0x00083e50      0x129 ./board/clock_config.o
                              0x7ac6b (size before relaxing)
 .debug_str     0x00083f79       0x5d ./board/peripherals.o
                              0x7b599 (size before relaxing)
 .debug_str     0x00083fd6      0x1cb ./board/pin_mux.o
                              0x7a35b (size before relaxing)

.comment        0x00000000       0x45
 .comment       0x00000000       0x45 ./utilities/fsl_debug_console.o
                                 0x46 (size before relaxing)
 .comment       0x00000045       0x46 ./utilities/fsl_str.o
 .comment       0x00000045       0x46 ./startup/startup_mk64f12.o
 .comment       0x00000045       0x46 ./source/MyUartProject.o
 .comment       0x00000045       0x46 ./source/semihost_hardfault.o
 .comment       0x00000045       0x46 ./drivers/fsl_clock.o
 .comment       0x00000045       0x46 ./drivers/fsl_dspi.o
 .comment       0x00000045       0x46 ./drivers/fsl_i2c.o
 .comment       0x00000045       0x46 ./drivers/fsl_uart.o
 .comment       0x00000045       0x46 ./device/system_MK64F12.o
 .comment       0x00000045       0x46 ./component/uart/fsl_adapter_uart.o
 .comment       0x00000045       0x46 ./component/serial_manager/fsl_component_serial_manager.o
 .comment       0x00000045       0x46 ./component/serial_manager/fsl_component_serial_port_uart.o
 .comment       0x00000045       0x46 ./board/board.o
 .comment       0x00000045       0x46 ./board/clock_config.o
 .comment       0x00000045       0x46 ./board/peripherals.o
 .comment       0x00000045       0x46 ./board/pin_mux.o
 .comment       0x00000045       0x46 c:/nxp/mcuxpressoide_11.8.1_1197/ide/plugins/com.nxp.mcuxpresso.tools.win32_11.8.1.202308071233/tools/bin/../lib/gcc/arm-none-eabi/12.2.1/../../../../arm-none-eabi/lib/thumb/v7e-m+fp/hard\libcr_nohost_nf.a(_cr__main.o)
 .comment       0x00000045       0x46 c:/nxp/mcuxpressoide_11.8.1_1197/ide/plugins/com.nxp.mcuxpresso.tools.win32_11.8.1.202308071233/tools/bin/../lib/gcc/arm-none-eabi/12.2.1/../../../../arm-none-eabi/lib/thumb/v7e-m+fp/hard\libcr_nohost_nf.a(_cr_assert.o)
 .comment       0x00000045       0x46 c:/nxp/mcuxpressoide_11.8.1_1197/ide/plugins/com.nxp.mcuxpresso.tools.win32_11.8.1.202308071233/tools/bin/../lib/gcc/arm-none-eabi/12.2.1/../../../../arm-none-eabi/lib/thumb/v7e-m+fp/hard\libcr_nohost_nf.a(__ciob.o)
 .comment       0x00000045       0x46 c:/nxp/mcuxpressoide_11.8.1_1197/ide/plugins/com.nxp.mcuxpresso.tools.win32_11.8.1.202308071233/tools/bin/../lib/gcc/arm-none-eabi/12.2.1/../../../../arm-none-eabi/lib/thumb/v7e-m+fp/hard\libcr_nohost_nf.a(__sys_appexit.o)
 .comment       0x00000045       0x46 c:/nxp/mcuxpressoide_11.8.1_1197/ide/plugins/com.nxp.mcuxpresso.tools.win32_11.8.1.202308071233/tools/bin/../lib/gcc/arm-none-eabi/12.2.1/../../../../arm-none-eabi/lib/thumb/v7e-m+fp/hard\libcr_c.a(memcpy.o)
 .comment       0x00000045       0x46 c:/nxp/mcuxpressoide_11.8.1_1197/ide/plugins/com.nxp.mcuxpresso.tools.win32_11.8.1.202308071233/tools/bin/../lib/gcc/arm-none-eabi/12.2.1/../../../../arm-none-eabi/lib/thumb/v7e-m+fp/hard\libcr_c.a(memset.o)
 .comment       0x00000045       0x46 c:/nxp/mcuxpressoide_11.8.1_1197/ide/plugins/com.nxp.mcuxpresso.tools.win32_11.8.1.202308071233/tools/bin/../lib/gcc/arm-none-eabi/12.2.1/../../../../arm-none-eabi/lib/thumb/v7e-m+fp/hard\libcr_c.a(_deferredlazyseek.o)
 .comment       0x00000045       0x46 c:/nxp/mcuxpressoide_11.8.1_1197/ide/plugins/com.nxp.mcuxpresso.tools.win32_11.8.1.202308071233/tools/bin/../lib/gcc/arm-none-eabi/12.2.1/../../../../arm-none-eabi/lib/thumb/v7e-m+fp/hard\libcr_c.a(_fflush.o)
 .comment       0x00000045       0x46 c:/nxp/mcuxpressoide_11.8.1_1197/ide/plugins/com.nxp.mcuxpresso.tools.win32_11.8.1.202308071233/tools/bin/../lib/gcc/arm-none-eabi/12.2.1/../../../../arm-none-eabi/lib/thumb/v7e-m+fp/hard\libcr_c.a(_writebuf.o)
 .comment       0x00000045       0x46 c:/nxp/mcuxpressoide_11.8.1_1197/ide/plugins/com.nxp.mcuxpresso.tools.win32_11.8.1.202308071233/tools/bin/../lib/gcc/arm-none-eabi/12.2.1/../../../../arm-none-eabi/lib/thumb/v7e-m+fp/hard\libcr_c.a(alloc.o)
 .comment       0x00000045       0x46 c:/nxp/mcuxpressoide_11.8.1_1197/ide/plugins/com.nxp.mcuxpresso.tools.win32_11.8.1.202308071233/tools/bin/../lib/gcc/arm-none-eabi/12.2.1/../../../../arm-none-eabi/lib/thumb/v7e-m+fp/hard\libcr_c.a(errno.o)
 .comment       0x00000045       0x46 c:/nxp/mcuxpressoide_11.8.1_1197/ide/plugins/com.nxp.mcuxpresso.tools.win32_11.8.1.202308071233/tools/bin/../lib/gcc/arm-none-eabi/12.2.1/../../../../arm-none-eabi/lib/thumb/v7e-m+fp/hard\libcr_c.a(fputs.o)
 .comment       0x00000045       0x46 c:/nxp/mcuxpressoide_11.8.1_1197/ide/plugins/com.nxp.mcuxpresso.tools.win32_11.8.1.202308071233/tools/bin/../lib/gcc/arm-none-eabi/12.2.1/../../../../arm-none-eabi/lib/thumb/v7e-m+fp/hard\libcr_c.a(fseek.o)
 .comment       0x00000045       0x46 c:/nxp/mcuxpressoide_11.8.1_1197/ide/plugins/com.nxp.mcuxpresso.tools.win32_11.8.1.202308071233/tools/bin/../lib/gcc/arm-none-eabi/12.2.1/../../../../arm-none-eabi/lib/thumb/v7e-m+fp/hard\libcr_c.a(ftell.o)
 .comment       0x00000045       0x46 c:/nxp/mcuxpressoide_11.8.1_1197/ide/plugins/com.nxp.mcuxpresso.tools.win32_11.8.1.202308071233/tools/bin/../lib/gcc/arm-none-eabi/12.2.1/../../../../arm-none-eabi/lib/thumb/v7e-m+fp/hard\libcr_c.a(initio.o)
 .comment       0x00000045       0x46 c:/nxp/mcuxpressoide_11.8.1_1197/ide/plugins/com.nxp.mcuxpresso.tools.win32_11.8.1.202308071233/tools/bin/../lib/gcc/arm-none-eabi/12.2.1/../../../../arm-none-eabi/lib/thumb/v7e-m+fp/hard\libcr_c.a(setvbuf.o)
 .comment       0x00000045       0x46 c:/nxp/mcuxpressoide_11.8.1_1197/ide/plugins/com.nxp.mcuxpresso.tools.win32_11.8.1.202308071233/tools/bin/../lib/gcc/arm-none-eabi/12.2.1/../../../../arm-none-eabi/lib/thumb/v7e-m+fp/hard\libcr_c.a(strlen.o)
 .comment       0x00000045       0x46 c:/nxp/mcuxpressoide_11.8.1_1197/ide/plugins/com.nxp.mcuxpresso.tools.win32_11.8.1.202308071233/tools/bin/../lib/gcc/arm-none-eabi/12.2.1/../../../../arm-none-eabi/lib/thumb/v7e-m+fp/hard\libcr_c.a(__init_alloc.o)
 .comment       0x00000045       0x46 c:/nxp/mcuxpressoide_11.8.1_1197/ide/plugins/com.nxp.mcuxpresso.tools.win32_11.8.1.202308071233/tools/bin/../lib/gcc/arm-none-eabi/12.2.1/../../../../arm-none-eabi/lib/thumb/v7e-m+fp/hard\libcr_c.a(_cr_sbrk.o)
 .comment       0x00000045       0x46 c:/nxp/mcuxpressoide_11.8.1_1197/ide/plugins/com.nxp.mcuxpresso.tools.win32_11.8.1.202308071233/tools/bin/../lib/gcc/arm-none-eabi/12.2.1/../../../../arm-none-eabi/lib/thumb/v7e-m+fp/hard\libcr_c.a(_fdopen.o)
 .comment       0x00000045       0x46 c:/nxp/mcuxpressoide_11.8.1_1197/ide/plugins/com.nxp.mcuxpresso.tools.win32_11.8.1.202308071233/tools/bin/../lib/gcc/arm-none-eabi/12.2.1/../../../../arm-none-eabi/lib/thumb/v7e-m+fp/hard\libcr_c.a(fclose.o)
 .comment       0x00000045       0x46 c:/nxp/mcuxpressoide_11.8.1_1197/ide/plugins/com.nxp.mcuxpresso.tools.win32_11.8.1.202308071233/tools/bin/../lib/gcc/arm-none-eabi/12.2.1/../../../../arm-none-eabi/lib/thumb/v7e-m+fp/hard\libcr_c.a(fflush.o)
 .comment       0x00000045       0x46 c:/nxp/mcuxpressoide_11.8.1_1197/ide/plugins/com.nxp.mcuxpresso.tools.win32_11.8.1.202308071233/tools/bin/../lib/gcc/arm-none-eabi/12.2.1/../../../../arm-none-eabi/lib/thumb/v7e-m+fp/hard\libcr_c.a(remove.o)
 .comment       0x00000045       0x46 c:/nxp/mcuxpressoide_11.8.1_1197/ide/plugins/com.nxp.mcuxpresso.tools.win32_11.8.1.202308071233/tools/bin/../lib/gcc/arm-none-eabi/12.2.1/../../../../arm-none-eabi/lib/thumb/v7e-m+fp/hard\libcr_c.a(_cr_check_heap.o)
 .comment       0x00000045       0x46 c:/nxp/mcuxpressoide_11.8.1_1197/ide/plugins/com.nxp.mcuxpresso.tools.win32_11.8.1.202308071233/tools/bin/../lib/gcc/arm-none-eabi/12.2.1/../../../../arm-none-eabi/lib/thumb/v7e-m+fp/hard\libcr_c.a(_do_fflush.o)
 .comment       0x00000045       0x46 c:/nxp/mcuxpressoide_11.8.1_1197/ide/plugins/com.nxp.mcuxpresso.tools.win32_11.8.1.202308071233/tools/bin/../lib/gcc/arm-none-eabi/12.2.1/../../../../arm-none-eabi/lib/thumb/v7e-m+fp/hard\libcr_nohost_nf.a(__sys_close.o)
 .comment       0x00000045       0x46 c:/nxp/mcuxpressoide_11.8.1_1197/ide/plugins/com.nxp.mcuxpresso.tools.win32_11.8.1.202308071233/tools/bin/../lib/gcc/arm-none-eabi/12.2.1/../../../../arm-none-eabi/lib/thumb/v7e-m+fp/hard\libcr_nohost_nf.a(__sys_flen.o)
 .comment       0x00000045       0x46 c:/nxp/mcuxpressoide_11.8.1_1197/ide/plugins/com.nxp.mcuxpresso.tools.win32_11.8.1.202308071233/tools/bin/../lib/gcc/arm-none-eabi/12.2.1/../../../../arm-none-eabi/lib/thumb/v7e-m+fp/hard\libcr_nohost_nf.a(__sys_istty.o)
 .comment       0x00000045       0x46 c:/nxp/mcuxpressoide_11.8.1_1197/ide/plugins/com.nxp.mcuxpresso.tools.win32_11.8.1.202308071233/tools/bin/../lib/gcc/arm-none-eabi/12.2.1/../../../../arm-none-eabi/lib/thumb/v7e-m+fp/hard\libcr_nohost_nf.a(__sys_remove.o)
 .comment       0x00000045       0x46 c:/nxp/mcuxpressoide_11.8.1_1197/ide/plugins/com.nxp.mcuxpresso.tools.win32_11.8.1.202308071233/tools/bin/../lib/gcc/arm-none-eabi/12.2.1/../../../../arm-none-eabi/lib/thumb/v7e-m+fp/hard\libcr_nohost_nf.a(__sys_seek.o)
 .comment       0x00000045       0x46 c:/nxp/mcuxpressoide_11.8.1_1197/ide/plugins/com.nxp.mcuxpresso.tools.win32_11.8.1.202308071233/tools/bin/../lib/gcc/arm-none-eabi/12.2.1/../../../../arm-none-eabi/lib/thumb/v7e-m+fp/hard\libcr_nohost_nf.a(__sys_tmpnam.o)
 .comment       0x00000045       0x46 c:/nxp/mcuxpressoide_11.8.1_1197/ide/plugins/com.nxp.mcuxpresso.tools.win32_11.8.1.202308071233/tools/bin/../lib/gcc/arm-none-eabi/12.2.1/../../../../arm-none-eabi/lib/thumb/v7e-m+fp/hard\libcr_nohost_nf.a(__sys_write.o)

.ARM.attributes
                0x00000000       0x32
 .ARM.attributes
                0x00000000       0x34 ./utilities/fsl_debug_console.o
 .ARM.attributes
                0x00000034       0x34 ./utilities/fsl_str.o
 .ARM.attributes
                0x00000068       0x34 ./startup/startup_mk64f12.o
 .ARM.attributes
                0x0000009c       0x34 ./source/MyUartProject.o
 .ARM.attributes
                0x000000d0       0x34 ./source/semihost_hardfault.o
 .ARM.attributes
                0x00000104       0x34 ./drivers/fsl_clock.o
 .ARM.attributes
                0x00000138       0x34 ./drivers/fsl_dspi.o
 .ARM.attributes
                0x0000016c       0x34 ./drivers/fsl_i2c.o
 .ARM.attributes
                0x000001a0       0x34 ./drivers/fsl_uart.o
 .ARM.attributes
                0x000001d4       0x34 ./device/system_MK64F12.o
 .ARM.attributes
                0x00000208       0x34 ./component/uart/fsl_adapter_uart.o
 .ARM.attributes
                0x0000023c       0x34 ./component/serial_manager/fsl_component_serial_manager.o
 .ARM.attributes
                0x00000270       0x34 ./component/serial_manager/fsl_component_serial_port_uart.o
 .ARM.attributes
                0x000002a4       0x34 ./board/board.o
 .ARM.attributes
                0x000002d8       0x34 ./board/clock_config.o
 .ARM.attributes
                0x0000030c       0x34 ./board/peripherals.o
 .ARM.attributes
                0x00000340       0x34 ./board/pin_mux.o
 .ARM.attributes
                0x00000374       0x34 c:/nxp/mcuxpressoide_11.8.1_1197/ide/plugins/com.nxp.mcuxpresso.tools.win32_11.8.1.202308071233/tools/bin/../lib/gcc/arm-none-eabi/12.2.1/../../../../arm-none-eabi/lib/thumb/v7e-m+fp/hard\libcr_nohost_nf.a(_cr__main.o)
 .ARM.attributes
                0x000003a8       0x34 c:/nxp/mcuxpressoide_11.8.1_1197/ide/plugins/com.nxp.mcuxpresso.tools.win32_11.8.1.202308071233/tools/bin/../lib/gcc/arm-none-eabi/12.2.1/../../../../arm-none-eabi/lib/thumb/v7e-m+fp/hard\libcr_nohost_nf.a(_cr_assert.o)
 .ARM.attributes
                0x000003dc       0x34 c:/nxp/mcuxpressoide_11.8.1_1197/ide/plugins/com.nxp.mcuxpresso.tools.win32_11.8.1.202308071233/tools/bin/../lib/gcc/arm-none-eabi/12.2.1/../../../../arm-none-eabi/lib/thumb/v7e-m+fp/hard\libcr_nohost_nf.a(__ciob.o)
 .ARM.attributes
                0x00000410       0x34 c:/nxp/mcuxpressoide_11.8.1_1197/ide/plugins/com.nxp.mcuxpresso.tools.win32_11.8.1.202308071233/tools/bin/../lib/gcc/arm-none-eabi/12.2.1/../../../../arm-none-eabi/lib/thumb/v7e-m+fp/hard\libcr_nohost_nf.a(__sys_appexit.o)
 .ARM.attributes
                0x00000444       0x34 c:/nxp/mcuxpressoide_11.8.1_1197/ide/plugins/com.nxp.mcuxpresso.tools.win32_11.8.1.202308071233/tools/bin/../lib/gcc/arm-none-eabi/12.2.1/../../../../arm-none-eabi/lib/thumb/v7e-m+fp/hard\libcr_c.a(memcpy.o)
 .ARM.attributes
                0x00000478       0x34 c:/nxp/mcuxpressoide_11.8.1_1197/ide/plugins/com.nxp.mcuxpresso.tools.win32_11.8.1.202308071233/tools/bin/../lib/gcc/arm-none-eabi/12.2.1/../../../../arm-none-eabi/lib/thumb/v7e-m+fp/hard\libcr_c.a(memset.o)
 .ARM.attributes
                0x000004ac       0x34 c:/nxp/mcuxpressoide_11.8.1_1197/ide/plugins/com.nxp.mcuxpresso.tools.win32_11.8.1.202308071233/tools/bin/../lib/gcc/arm-none-eabi/12.2.1/../../../../arm-none-eabi/lib/thumb/v7e-m+fp/hard\libcr_c.a(_deferredlazyseek.o)
 .ARM.attributes
                0x000004e0       0x34 c:/nxp/mcuxpressoide_11.8.1_1197/ide/plugins/com.nxp.mcuxpresso.tools.win32_11.8.1.202308071233/tools/bin/../lib/gcc/arm-none-eabi/12.2.1/../../../../arm-none-eabi/lib/thumb/v7e-m+fp/hard\libcr_c.a(_fflush.o)
 .ARM.attributes
                0x00000514       0x34 c:/nxp/mcuxpressoide_11.8.1_1197/ide/plugins/com.nxp.mcuxpresso.tools.win32_11.8.1.202308071233/tools/bin/../lib/gcc/arm-none-eabi/12.2.1/../../../../arm-none-eabi/lib/thumb/v7e-m+fp/hard\libcr_c.a(_writebuf.o)
 .ARM.attributes
                0x00000548       0x34 c:/nxp/mcuxpressoide_11.8.1_1197/ide/plugins/com.nxp.mcuxpresso.tools.win32_11.8.1.202308071233/tools/bin/../lib/gcc/arm-none-eabi/12.2.1/../../../../arm-none-eabi/lib/thumb/v7e-m+fp/hard\libcr_c.a(alloc.o)
 .ARM.attributes
                0x0000057c       0x34 c:/nxp/mcuxpressoide_11.8.1_1197/ide/plugins/com.nxp.mcuxpresso.tools.win32_11.8.1.202308071233/tools/bin/../lib/gcc/arm-none-eabi/12.2.1/../../../../arm-none-eabi/lib/thumb/v7e-m+fp/hard\libcr_c.a(errno.o)
 .ARM.attributes
                0x000005b0       0x34 c:/nxp/mcuxpressoide_11.8.1_1197/ide/plugins/com.nxp.mcuxpresso.tools.win32_11.8.1.202308071233/tools/bin/../lib/gcc/arm-none-eabi/12.2.1/../../../../arm-none-eabi/lib/thumb/v7e-m+fp/hard\libcr_c.a(fputs.o)
 .ARM.attributes
                0x000005e4       0x34 c:/nxp/mcuxpressoide_11.8.1_1197/ide/plugins/com.nxp.mcuxpresso.tools.win32_11.8.1.202308071233/tools/bin/../lib/gcc/arm-none-eabi/12.2.1/../../../../arm-none-eabi/lib/thumb/v7e-m+fp/hard\libcr_c.a(fseek.o)
 .ARM.attributes
                0x00000618       0x34 c:/nxp/mcuxpressoide_11.8.1_1197/ide/plugins/com.nxp.mcuxpresso.tools.win32_11.8.1.202308071233/tools/bin/../lib/gcc/arm-none-eabi/12.2.1/../../../../arm-none-eabi/lib/thumb/v7e-m+fp/hard\libcr_c.a(ftell.o)
 .ARM.attributes
                0x0000064c       0x34 c:/nxp/mcuxpressoide_11.8.1_1197/ide/plugins/com.nxp.mcuxpresso.tools.win32_11.8.1.202308071233/tools/bin/../lib/gcc/arm-none-eabi/12.2.1/../../../../arm-none-eabi/lib/thumb/v7e-m+fp/hard\libcr_c.a(initio.o)
 .ARM.attributes
                0x00000680       0x34 c:/nxp/mcuxpressoide_11.8.1_1197/ide/plugins/com.nxp.mcuxpresso.tools.win32_11.8.1.202308071233/tools/bin/../lib/gcc/arm-none-eabi/12.2.1/../../../../arm-none-eabi/lib/thumb/v7e-m+fp/hard\libcr_c.a(setvbuf.o)
 .ARM.attributes
                0x000006b4       0x34 c:/nxp/mcuxpressoide_11.8.1_1197/ide/plugins/com.nxp.mcuxpresso.tools.win32_11.8.1.202308071233/tools/bin/../lib/gcc/arm-none-eabi/12.2.1/../../../../arm-none-eabi/lib/thumb/v7e-m+fp/hard\libcr_c.a(strlen.o)
 .ARM.attributes
                0x000006e8       0x34 c:/nxp/mcuxpressoide_11.8.1_1197/ide/plugins/com.nxp.mcuxpresso.tools.win32_11.8.1.202308071233/tools/bin/../lib/gcc/arm-none-eabi/12.2.1/../../../../arm-none-eabi/lib/thumb/v7e-m+fp/hard\libcr_c.a(__init_alloc.o)
 .ARM.attributes
                0x0000071c       0x34 c:/nxp/mcuxpressoide_11.8.1_1197/ide/plugins/com.nxp.mcuxpresso.tools.win32_11.8.1.202308071233/tools/bin/../lib/gcc/arm-none-eabi/12.2.1/../../../../arm-none-eabi/lib/thumb/v7e-m+fp/hard\libcr_c.a(_cr_sbrk.o)
 .ARM.attributes
                0x00000750       0x34 c:/nxp/mcuxpressoide_11.8.1_1197/ide/plugins/com.nxp.mcuxpresso.tools.win32_11.8.1.202308071233/tools/bin/../lib/gcc/arm-none-eabi/12.2.1/../../../../arm-none-eabi/lib/thumb/v7e-m+fp/hard\libcr_c.a(_fdopen.o)
 .ARM.attributes
                0x00000784       0x34 c:/nxp/mcuxpressoide_11.8.1_1197/ide/plugins/com.nxp.mcuxpresso.tools.win32_11.8.1.202308071233/tools/bin/../lib/gcc/arm-none-eabi/12.2.1/../../../../arm-none-eabi/lib/thumb/v7e-m+fp/hard\libcr_c.a(fclose.o)
 .ARM.attributes
                0x000007b8       0x34 c:/nxp/mcuxpressoide_11.8.1_1197/ide/plugins/com.nxp.mcuxpresso.tools.win32_11.8.1.202308071233/tools/bin/../lib/gcc/arm-none-eabi/12.2.1/../../../../arm-none-eabi/lib/thumb/v7e-m+fp/hard\libcr_c.a(fflush.o)
 .ARM.attributes
                0x000007ec       0x34 c:/nxp/mcuxpressoide_11.8.1_1197/ide/plugins/com.nxp.mcuxpresso.tools.win32_11.8.1.202308071233/tools/bin/../lib/gcc/arm-none-eabi/12.2.1/../../../../arm-none-eabi/lib/thumb/v7e-m+fp/hard\libcr_c.a(remove.o)
 .ARM.attributes
                0x00000820       0x34 c:/nxp/mcuxpressoide_11.8.1_1197/ide/plugins/com.nxp.mcuxpresso.tools.win32_11.8.1.202308071233/tools/bin/../lib/gcc/arm-none-eabi/12.2.1/../../../../arm-none-eabi/lib/thumb/v7e-m+fp/hard\libcr_c.a(_cr_check_heap.o)
 .ARM.attributes
                0x00000854       0x34 c:/nxp/mcuxpressoide_11.8.1_1197/ide/plugins/com.nxp.mcuxpresso.tools.win32_11.8.1.202308071233/tools/bin/../lib/gcc/arm-none-eabi/12.2.1/../../../../arm-none-eabi/lib/thumb/v7e-m+fp/hard\libcr_c.a(_do_fflush.o)
 .ARM.attributes
                0x00000888       0x20 c:/nxp/mcuxpressoide_11.8.1_1197/ide/plugins/com.nxp.mcuxpresso.tools.win32_11.8.1.202308071233/tools/bin/../lib/gcc/arm-none-eabi/12.2.1/thumb/v7e-m+fp/hard\libcr_eabihelpers.a(memcpy.o)
 .ARM.attributes
                0x000008a8       0x34 c:/nxp/mcuxpressoide_11.8.1_1197/ide/plugins/com.nxp.mcuxpresso.tools.win32_11.8.1.202308071233/tools/bin/../lib/gcc/arm-none-eabi/12.2.1/../../../../arm-none-eabi/lib/thumb/v7e-m+fp/hard\libcr_nohost_nf.a(__sys_close.o)
 .ARM.attributes
                0x000008dc       0x34 c:/nxp/mcuxpressoide_11.8.1_1197/ide/plugins/com.nxp.mcuxpresso.tools.win32_11.8.1.202308071233/tools/bin/../lib/gcc/arm-none-eabi/12.2.1/../../../../arm-none-eabi/lib/thumb/v7e-m+fp/hard\libcr_nohost_nf.a(__sys_flen.o)
 .ARM.attributes
                0x00000910       0x34 c:/nxp/mcuxpressoide_11.8.1_1197/ide/plugins/com.nxp.mcuxpresso.tools.win32_11.8.1.202308071233/tools/bin/../lib/gcc/arm-none-eabi/12.2.1/../../../../arm-none-eabi/lib/thumb/v7e-m+fp/hard\libcr_nohost_nf.a(__sys_istty.o)
 .ARM.attributes
                0x00000944       0x34 c:/nxp/mcuxpressoide_11.8.1_1197/ide/plugins/com.nxp.mcuxpresso.tools.win32_11.8.1.202308071233/tools/bin/../lib/gcc/arm-none-eabi/12.2.1/../../../../arm-none-eabi/lib/thumb/v7e-m+fp/hard\libcr_nohost_nf.a(__sys_remove.o)
 .ARM.attributes
                0x00000978       0x34 c:/nxp/mcuxpressoide_11.8.1_1197/ide/plugins/com.nxp.mcuxpresso.tools.win32_11.8.1.202308071233/tools/bin/../lib/gcc/arm-none-eabi/12.2.1/../../../../arm-none-eabi/lib/thumb/v7e-m+fp/hard\libcr_nohost_nf.a(__sys_seek.o)
 .ARM.attributes
                0x000009ac       0x34 c:/nxp/mcuxpressoide_11.8.1_1197/ide/plugins/com.nxp.mcuxpresso.tools.win32_11.8.1.202308071233/tools/bin/../lib/gcc/arm-none-eabi/12.2.1/../../../../arm-none-eabi/lib/thumb/v7e-m+fp/hard\libcr_nohost_nf.a(__sys_tmpnam.o)
 .ARM.attributes