C:\Local\FIRMWARE\TESTES\FRDM_K64F\Teste2Sodium\source\libsodium\include\sodium/private/common.h:113:1:load32_le	24	static
C:\Local\FIRMWARE\TESTES\FRDM_K64F\Teste2Sodium\source\libsodium\include\sodium/private/common.h:130:1:store32_le	16	static
../source/libsodium/crypto_onetimeauth/poly1305/donna/poly1305_donna32.h:29:1:poly1305_init	16	static
../source/libsodium/crypto_onetimeauth/poly1305/donna/poly1305_donna32.h:56:1:poly1305_blocks	968	static
../source/libsodium/crypto_onetimeauth/poly1305/donna/poly1305_donna32.h:140:1:poly1305_finish	216	static
../source/libsodium/crypto_onetimeauth/poly1305/donna/poly1305_donna.c:15:1:poly1305_update	128	static
../source/libsodium/crypto_onetimeauth/poly1305/donna/poly1305_donna.c:59:1:crypto_onetimeauth_poly1305_donna	176	static
../source/libsodium/crypto_onetimeauth/poly1305/donna/poly1305_donna.c:73:1:crypto_onetimeauth_poly1305_donna_init	16	static
../source/libsodium/crypto_onetimeauth/poly1305/donna/poly1305_donna.c:84:1:crypto_onetimeauth_poly1305_donna_update	24	static
../source/libsodium/crypto_onetimeauth/poly1305/donna/poly1305_donna.c:94:1:crypto_onetimeauth_poly1305_donna_final	16	static
../source/libsodium/crypto_onetimeauth/poly1305/donna/poly1305_donna.c:103:1:crypto_onetimeauth_poly1305_donna_verify	48	static
