../source/BearSSL/src/ec/ec_c25519_m15.c:95:1:le8_to_le13	32	static
../source/BearSSL/src/ec/ec_c25519_m15.c:120:1:le13_to_le8	32	static
../source/BearSSL/src/ec/ec_c25519_m15.c:144:1:norm13	40	static
../source/BearSSL/src/ec/ec_c25519_m15.c:407:1:mul20	192	static
../source/BearSSL/src/ec/ec_c25519_m15.c:816:1:square20	184	static
../source/BearSSL/src/ec/ec_c25519_m15.c:1044:1:reduce_final_f255	112	static
../source/BearSSL/src/ec/ec_c25519_m15.c:1066:1:f255_mulgen	192	static
../source/BearSSL/src/ec/ec_c25519_m15.c:1170:1:f255_add	40	static
../source/BearSSL/src/ec/ec_c25519_m15.c:1195:1:f255_sub	40	static
../source/BearSSL/src/ec/ec_c25519_m15.c:1224:1:f255_mul_a24	32	static
../source/BearSSL/src/ec/ec_c25519_m15.c:1259:1:api_generator	16	static
../source/BearSSL/src/ec/ec_c25519_m15.c:1267:1:api_order	16	static
../source/BearSSL/src/ec/ec_c25519_m15.c:1275:1:api_xoff	16	static
../source/BearSSL/src/ec/ec_c25519_m15.c:1283:1:cswap	40	static
../source/BearSSL/src/ec/ec_c25519_m15.c:1300:1:api_mul	1200	static
../source/BearSSL/src/ec/ec_c25519_m15.c:1436:1:api_mulgen	40	static
../source/BearSSL/src/ec/ec_c25519_m15.c:1449:1:api_muladd	24	static
