C:\Local\FIRMWARE\GIT\Firmwares\Nxp\Testes\TesteBearSSL\source\BearSSL\src/inner.h:737:1:NOT	16	static
C:\Local\FIRMWARE\GIT\Firmwares\Nxp\Testes\TesteBearSSL\source\BearSSL\src/inner.h:755:1:EQ	24	static
C:\Local\FIRMWARE\GIT\Firmwares\Nxp\Testes\TesteBearSSL\source\BearSSL\src/inner.h:767:1:NEQ	24	static
../source/BearSSL/src/ec/ec_prime_i31.c:113:1:id_to_curve	16	static
../source/BearSSL/src/ec/ec_prime_i31.c:451:1:run_code	1144	static
../source/BearSSL/src/ec/ec_prime_i31.c:520:1:set_one	24	static
../source/BearSSL/src/ec/ec_prime_i31.c:531:1:point_zero	16	static
../source/BearSSL/src/ec/ec_prime_i31.c:538:1:point_double	16	static
../source/BearSSL/src/ec/ec_prime_i31.c:544:1:point_add	24	static
../source/BearSSL/src/ec/ec_prime_i31.c:550:1:point_mul	1192	static
../source/BearSSL/src/ec/ec_prime_i31.c:608:1:point_decode	272	static
../source/BearSSL/src/ec/ec_prime_i31.c:667:1:point_encode	496	static
../source/BearSSL/src/ec/ec_prime_i31.c:687:1:id_to_curve_def	16	static
../source/BearSSL/src/ec/ec_prime_i31.c:701:1:api_generator	24	static
../source/BearSSL/src/ec/ec_prime_i31.c:711:1:api_order	24	static
../source/BearSSL/src/ec/ec_prime_i31.c:721:1:api_xoff	16	static
../source/BearSSL/src/ec/ec_prime_i31.c:729:1:api_mul	264	static
../source/BearSSL/src/ec/ec_prime_i31.c:744:1:api_mulgen	40	static
../source/BearSSL/src/ec/ec_prime_i31.c:757:1:api_muladd	512	static
