C:\Local\FIRMWARE\GITHUB\Firmwares\Nxp\Testes\TesteBearSSL\source\BearSSL\src/inner.h:737:1:NOT	16	static
C:\Local\FIRMWARE\GITHUB\Firmwares\Nxp\Testes\TesteBearSSL\source\BearSSL\src/inner.h:755:1:EQ	24	static
C:\Local\FIRMWARE\GITHUB\Firmwares\Nxp\Testes\TesteBearSSL\source\BearSSL\src/inner.h:767:1:NEQ	24	static
../source/BearSSL/src/ec/ec_prime_i15.c:115:1:id_to_curve	16	static
../source/BearSSL/src/ec/ec_prime_i15.c:453:1:run_code	1120	static
../source/BearSSL/src/ec/ec_prime_i15.c:522:1:set_one	24	static
../source/BearSSL/src/ec/ec_prime_i15.c:533:1:point_zero	16	static
../source/BearSSL/src/ec/ec_prime_i15.c:540:1:point_double	16	static
../source/BearSSL/src/ec/ec_prime_i15.c:546:1:point_add	24	static
../source/BearSSL/src/ec/ec_prime_i15.c:552:1:point_mul	1168	static
../source/BearSSL/src/ec/ec_prime_i15.c:610:1:point_decode	264	static
../source/BearSSL/src/ec/ec_prime_i15.c:669:1:point_encode	480	static
../source/BearSSL/src/ec/ec_prime_i15.c:686:1:id_to_curve_def	16	static
../source/BearSSL/src/ec/ec_prime_i15.c:700:1:api_generator	24	static
../source/BearSSL/src/ec/ec_prime_i15.c:710:1:api_order	24	static
../source/BearSSL/src/ec/ec_prime_i15.c:720:1:api_xoff	16	static
../source/BearSSL/src/ec/ec_prime_i15.c:728:1:api_mul	256	static
../source/BearSSL/src/ec/ec_prime_i15.c:745:1:api_mulgen	40	static
../source/BearSSL/src/ec/ec_prime_i15.c:758:1:api_muladd	504	static
