C:\Local\FIRMWARE\TESTES\FRDM_K64F\TesteBearSSL\source\BearSSL\src/inner.h:737:1:NOT	16	static
C:\Local\FIRMWARE\TESTES\FRDM_K64F\TesteBearSSL\source\BearSSL\src/inner.h:755:1:EQ	24	static
C:\Local\FIRMWARE\TESTES\FRDM_K64F\TesteBearSSL\source\BearSSL\src/inner.h:767:1:NEQ	24	static
../source/BearSSL/src/ec/ec_p256_m15.c:50:1:be8_to_le13	32	static
../source/BearSSL/src/ec/ec_p256_m15.c:75:1:le13_to_be8	32	static
../source/BearSSL/src/ec/ec_p256_m15.c:99:1:norm13	40	static
../source/BearSSL/src/ec/ec_p256_m15.c:362:1:mul20	192	static
../source/BearSSL/src/ec/ec_p256_m15.c:770:1:square20	184	static
../source/BearSSL/src/ec/ec_p256_m15.c:1013:1:reduce_f256	24	static
../source/BearSSL/src/ec/ec_p256_m15.c:1034:1:reduce_final_f256	112	static
../source/BearSSL/src/ec/ec_p256_m15.c:1062:1:mul_f256	200	static
../source/BearSSL/src/ec/ec_p256_m15.c:1152:1:square_f256	192	static
../source/BearSSL/src/ec/ec_p256_m15.c:1260:1:p256_to_affine	184	static
../source/BearSSL/src/ec/ec_p256_m15.c:1340:1:p256_double	344	static
../source/BearSSL/src/ec/ec_p256_m15.c:1468:1:p256_add	584	static
../source/BearSSL/src/ec/ec_p256_m15.c:1593:1:p256_add_mixed	584	static
../source/BearSSL/src/ec/ec_p256_m15.c:1690:1:p256_decode	360	static
../source/BearSSL/src/ec/ec_p256_m15.c:1750:1:p256_encode	24	static
../source/BearSSL/src/ec/ec_p256_m15.c:1766:1:p256_mul	1240	static
../source/BearSSL/src/ec/ec_p256_m15.c:1920:1:lookup_Gwin	112	static
../source/BearSSL/src/ec/ec_p256_m15.c:1950:1:p256_mulgen	768	static
../source/BearSSL/src/ec/ec_p256_m15.c:2011:1:api_generator	16	static
../source/BearSSL/src/ec/ec_p256_m15.c:2019:1:api_order	16	static
../source/BearSSL/src/ec/ec_p256_m15.c:2027:1:api_xoff	16	static
../source/BearSSL/src/ec/ec_p256_m15.c:2035:1:api_mul	272	static
../source/BearSSL/src/ec/ec_p256_m15.c:2052:1:api_mulgen	264	static
../source/BearSSL/src/ec/ec_p256_m15.c:2075:1:api_muladd	528	static
