C:\Local\FIRMWARE\GIT\Firmwares\Nxp\Testes\TesteBearSSL\source\BearSSL\src/inner.h:737:1:NOT	16	static
C:\Local\FIRMWARE\GIT\Firmwares\Nxp\Testes\TesteBearSSL\source\BearSSL\src/inner.h:755:1:EQ	24	static
C:\Local\FIRMWARE\GIT\Firmwares\Nxp\Testes\TesteBearSSL\source\BearSSL\src/inner.h:767:1:NEQ	24	static
../source/BearSSL/src/ec/ec_p256_m31.c:53:1:be8_to_le30	40	static
../source/BearSSL/src/ec/ec_p256_m31.c:82:1:le30_to_be8	40	static
../source/BearSSL/src/ec/ec_p256_m31.c:111:1:mul9	2648	static
../source/BearSSL/src/ec/ec_p256_m31.c:229:1:square9	1608	static
../source/BearSSL/src/ec/ec_p256_m31.c:318:1:add_f256	40	static
../source/BearSSL/src/ec/ec_p256_m31.c:347:1:sub_f256	40	static
../source/BearSSL/src/ec/ec_p256_m31.c:392:1:mul_f256	400	static
../source/BearSSL/src/ec/ec_p256_m31.c:504:1:square_f256	392	static
../source/BearSSL/src/ec/ec_p256_m31.c:619:1:reduce_final_f256	64	static
../source/BearSSL/src/ec/ec_p256_m31.c:665:1:p256_to_affine	96	static
../source/BearSSL/src/ec/ec_p256_m31.c:745:1:p256_double	160	static
../source/BearSSL/src/ec/ec_p256_m31.c:846:1:p256_add	280	static
../source/BearSSL/src/ec/ec_p256_m31.c:957:1:p256_add_mixed	280	static
../source/BearSSL/src/ec/ec_p256_m31.c:1040:1:p256_decode	184	static
../source/BearSSL/src/ec/ec_p256_m31.c:1100:1:p256_encode	24	static
../source/BearSSL/src/ec/ec_p256_m31.c:1116:1:p256_mul	584	static
../source/BearSSL/src/ec/ec_p256_m31.c:1269:1:lookup_Gwin	104	static
../source/BearSSL/src/ec/ec_p256_m31.c:1295:1:p256_mulgen	368	static
../source/BearSSL/src/ec/ec_p256_m31.c:1356:1:api_generator	16	static
../source/BearSSL/src/ec/ec_p256_m31.c:1364:1:api_order	16	static
../source/BearSSL/src/ec/ec_p256_m31.c:1372:1:api_xoff	16	static
../source/BearSSL/src/ec/ec_p256_m31.c:1380:1:api_mul	136	static
../source/BearSSL/src/ec/ec_p256_m31.c:1397:1:api_mulgen	136	static
../source/BearSSL/src/ec/ec_p256_m31.c:1420:1:api_muladd	256	static
