C:\Local\FIRMWARE\TESTES\FRDM_K64F\Teste2Sodium\source\libsodium\include\sodium/private/common.h:44:1:rotl32	16	static
C:\Local\FIRMWARE\TESTES\FRDM_K64F\Teste2Sodium\source\libsodium\include\sodium/private/common.h:113:1:load32_le	24	static
C:\Local\FIRMWARE\TESTES\FRDM_K64F\Teste2Sodium\source\libsodium\include\sodium/private/common.h:130:1:store32_le	16	static
../source/libsodium/crypto_stream/chacha20/ref/chacha20_ref.c:46:1:chacha_keysetup	16	static
../source/libsodium/crypto_stream/chacha20/ref/chacha20_ref.c:63:1:chacha_ivsetup	24	static
../source/libsodium/crypto_stream/chacha20/ref/chacha20_ref.c:72:1:chacha_ietf_ivsetup	24	static
../source/libsodium/crypto_stream/chacha20/ref/chacha20_ref.c:81:1:chacha20_encrypt_bytes	240	static
../source/libsodium/crypto_stream/chacha20/ref/chacha20_ref.c:224:1:stream_ref	96	static
../source/libsodium/crypto_stream/chacha20/ref/chacha20_ref.c:243:1:stream_ietf_ext_ref	96	static
../source/libsodium/crypto_stream/chacha20/ref/chacha20_ref.c:262:1:stream_ref_xor_ic	112	static
../source/libsodium/crypto_stream/chacha20/ref/chacha20_ref.c:287:1:stream_ietf_ext_ref_xor_ic	104	static
