../source/libsodium/crypto_stream/chacha20/stream_chacha20.c:23:1:crypto_stream_chacha20_keybytes	4	static
../source/libsodium/crypto_stream/chacha20/stream_chacha20.c:28:1:crypto_stream_chacha20_noncebytes	4	static
../source/libsodium/crypto_stream/chacha20/stream_chacha20.c:33:1:crypto_stream_chacha20_messagebytes_max	4	static
../source/libsodium/crypto_stream/chacha20/stream_chacha20.c:39:1:crypto_stream_chacha20_ietf_keybytes	4	static
../source/libsodium/crypto_stream/chacha20/stream_chacha20.c:44:1:crypto_stream_chacha20_ietf_noncebytes	4	static
../source/libsodium/crypto_stream/chacha20/stream_chacha20.c:49:1:crypto_stream_chacha20_ietf_messagebytes_max	4	static
../source/libsodium/crypto_stream/chacha20/stream_chacha20.c:55:1:crypto_stream_chacha20	32	static
../source/libsodium/crypto_stream/chacha20/stream_chacha20.c:65:1:crypto_stream_chacha20_xor_ic	56	static
../source/libsodium/crypto_stream/chacha20/stream_chacha20.c:77:1:crypto_stream_chacha20_xor	56	static
../source/libsodium/crypto_stream/chacha20/stream_chacha20.c:88:1:crypto_stream_chacha20_ietf_ext	32	static
../source/libsodium/crypto_stream/chacha20/stream_chacha20.c:98:1:crypto_stream_chacha20_ietf_ext_xor_ic	48	static
../source/libsodium/crypto_stream/chacha20/stream_chacha20.c:110:1:crypto_stream_chacha20_ietf_ext_xor	48	static
../source/libsodium/crypto_stream/chacha20/stream_chacha20.c:121:1:crypto_stream_chacha20_ietf	32	static
../source/libsodium/crypto_stream/chacha20/stream_chacha20.c:131:1:crypto_stream_chacha20_ietf_xor_ic	64	static
../source/libsodium/crypto_stream/chacha20/stream_chacha20.c:144:1:crypto_stream_chacha20_ietf_xor	32	static
../source/libsodium/crypto_stream/chacha20/stream_chacha20.c:155:1:crypto_stream_chacha20_ietf_keygen	16	static
../source/libsodium/crypto_stream/chacha20/stream_chacha20.c:161:1:crypto_stream_chacha20_keygen	16	static
../source/libsodium/crypto_stream/chacha20/stream_chacha20.c:167:1:_crypto_stream_chacha20_pick_best_implementation	4	static
