../source/libsodium/crypto_box/curve25519xsalsa20poly1305/box_curve25519xsalsa20poly1305.c:12:1:crypto_box_curve25519xsalsa20poly1305_seed_keypair	88	static
../source/libsodium/crypto_box/curve25519xsalsa20poly1305/box_curve25519xsalsa20poly1305.c:26:1:crypto_box_curve25519xsalsa20poly1305_keypair	16	static
../source/libsodium/crypto_box/curve25519xsalsa20poly1305/box_curve25519xsalsa20poly1305.c:35:1:crypto_box_curve25519xsalsa20poly1305_beforenm	56	static
../source/libsodium/crypto_box/curve25519xsalsa20poly1305/box_curve25519xsalsa20poly1305.c:49:1:crypto_box_curve25519xsalsa20poly1305_afternm	32	static
../source/libsodium/crypto_box/curve25519xsalsa20poly1305/box_curve25519xsalsa20poly1305.c:59:1:crypto_box_curve25519xsalsa20poly1305_open_afternm	32	static
../source/libsodium/crypto_box/curve25519xsalsa20poly1305/box_curve25519xsalsa20poly1305.c:69:1:crypto_box_curve25519xsalsa20poly1305	72	static
../source/libsodium/crypto_box/curve25519xsalsa20poly1305/box_curve25519xsalsa20poly1305.c:88:1:crypto_box_curve25519xsalsa20poly1305_open	72	static
../source/libsodium/crypto_box/curve25519xsalsa20poly1305/box_curve25519xsalsa20poly1305.c:105:1:crypto_box_curve25519xsalsa20poly1305_seedbytes	4	static
../source/libsodium/crypto_box/curve25519xsalsa20poly1305/box_curve25519xsalsa20poly1305.c:111:1:crypto_box_curve25519xsalsa20poly1305_publickeybytes	4	static
../source/libsodium/crypto_box/curve25519xsalsa20poly1305/box_curve25519xsalsa20poly1305.c:117:1:crypto_box_curve25519xsalsa20poly1305_secretkeybytes	4	static
../source/libsodium/crypto_box/curve25519xsalsa20poly1305/box_curve25519xsalsa20poly1305.c:123:1:crypto_box_curve25519xsalsa20poly1305_beforenmbytes	4	static
../source/libsodium/crypto_box/curve25519xsalsa20poly1305/box_curve25519xsalsa20poly1305.c:129:1:crypto_box_curve25519xsalsa20poly1305_noncebytes	4	static
../source/libsodium/crypto_box/curve25519xsalsa20poly1305/box_curve25519xsalsa20poly1305.c:135:1:crypto_box_curve25519xsalsa20poly1305_zerobytes	4	static
../source/libsodium/crypto_box/curve25519xsalsa20poly1305/box_curve25519xsalsa20poly1305.c:141:1:crypto_box_curve25519xsalsa20poly1305_boxzerobytes	4	static
../source/libsodium/crypto_box/curve25519xsalsa20poly1305/box_curve25519xsalsa20poly1305.c:147:1:crypto_box_curve25519xsalsa20poly1305_macbytes	4	static
../source/libsodium/crypto_box/curve25519xsalsa20poly1305/box_curve25519xsalsa20poly1305.c:153:1:crypto_box_curve25519xsalsa20poly1305_messagebytes_max	4	static
