C:\Local\FIRMWARE\TESTES\FRDM_K64F\Teste2Sodium\source\libsodium\include\sodium/private/common.h:95:1:store64_le	24	static
../source/libsodium/crypto_aead/chacha20poly1305/aead_chacha20poly1305.c:21:1:crypto_aead_chacha20poly1305_encrypt_detached	392	static
../source/libsodium/crypto_aead/chacha20poly1305/aead_chacha20poly1305.c:61:1:crypto_aead_chacha20poly1305_encrypt	88	static
../source/libsodium/crypto_aead/chacha20poly1305/aead_chacha20poly1305.c:92:1:crypto_aead_chacha20poly1305_ietf_encrypt_detached	416	static
../source/libsodium/crypto_aead/chacha20poly1305/aead_chacha20poly1305.c:136:1:crypto_aead_chacha20poly1305_ietf_encrypt	88	static
../source/libsodium/crypto_aead/chacha20poly1305/aead_chacha20poly1305.c:167:1:crypto_aead_chacha20poly1305_decrypt_detached	424	static
../source/libsodium/crypto_aead/chacha20poly1305/aead_chacha20poly1305.c:217:1:crypto_aead_chacha20poly1305_decrypt	88	static
../source/libsodium/crypto_aead/chacha20poly1305/aead_chacha20poly1305.c:247:1:crypto_aead_chacha20poly1305_ietf_decrypt_detached	448	static
../source/libsodium/crypto_aead/chacha20poly1305/aead_chacha20poly1305.c:301:1:crypto_aead_chacha20poly1305_ietf_decrypt	88	static
../source/libsodium/crypto_aead/chacha20poly1305/aead_chacha20poly1305.c:331:1:crypto_aead_chacha20poly1305_ietf_keybytes	4	static
../source/libsodium/crypto_aead/chacha20poly1305/aead_chacha20poly1305.c:337:1:crypto_aead_chacha20poly1305_ietf_npubbytes	4	static
../source/libsodium/crypto_aead/chacha20poly1305/aead_chacha20poly1305.c:343:1:crypto_aead_chacha20poly1305_ietf_nsecbytes	4	static
../source/libsodium/crypto_aead/chacha20poly1305/aead_chacha20poly1305.c:349:1:crypto_aead_chacha20poly1305_ietf_abytes	4	static
../source/libsodium/crypto_aead/chacha20poly1305/aead_chacha20poly1305.c:355:1:crypto_aead_chacha20poly1305_ietf_messagebytes_max	4	static
../source/libsodium/crypto_aead/chacha20poly1305/aead_chacha20poly1305.c:361:1:crypto_aead_chacha20poly1305_ietf_keygen	16	static
../source/libsodium/crypto_aead/chacha20poly1305/aead_chacha20poly1305.c:367:1:crypto_aead_chacha20poly1305_keybytes	4	static
../source/libsodium/crypto_aead/chacha20poly1305/aead_chacha20poly1305.c:373:1:crypto_aead_chacha20poly1305_npubbytes	4	static
../source/libsodium/crypto_aead/chacha20poly1305/aead_chacha20poly1305.c:379:1:crypto_aead_chacha20poly1305_nsecbytes	4	static
../source/libsodium/crypto_aead/chacha20poly1305/aead_chacha20poly1305.c:385:1:crypto_aead_chacha20poly1305_abytes	4	static
../source/libsodium/crypto_aead/chacha20poly1305/aead_chacha20poly1305.c:391:1:crypto_aead_chacha20poly1305_messagebytes_max	4	static
../source/libsodium/crypto_aead/chacha20poly1305/aead_chacha20poly1305.c:397:1:crypto_aead_chacha20poly1305_keygen	16	static
