C:\Local\FIRMWARE\TESTES\FRDM_K64F\Teste2Sodium\source\libsodium\include\sodium/private/common.h:74:1:load64_le	152	static
C:\Local\FIRMWARE\TESTES\FRDM_K64F\Teste2Sodium\source\libsodium\include\sodium/private/common.h:95:1:store64_le	24	static
C:\Local\FIRMWARE\TESTES\FRDM_K64F\Teste2Sodium\source\libsodium\include\sodium/private/common.h:130:1:store32_le	16	static
../source/libsodium/crypto_generichash/blake2b/ref/blake2b-ref.c:38:1:blake2b_set_lastnode	16	static
../source/libsodium/crypto_generichash/blake2b/ref/blake2b-ref.c:46:1:blake2b_is_lastblock	16	static
../source/libsodium/crypto_generichash/blake2b/ref/blake2b-ref.c:52:1:blake2b_set_lastblock	16	static
../source/libsodium/crypto_generichash/blake2b/ref/blake2b-ref.c:62:1:blake2b_increment_counter	48	static
../source/libsodium/crypto_generichash/blake2b/ref/blake2b-ref.c:78:1:blake2b_param_set_salt	16	static
../source/libsodium/crypto_generichash/blake2b/ref/blake2b-ref.c:85:1:blake2b_param_set_personal	16	static
../source/libsodium/crypto_generichash/blake2b/ref/blake2b-ref.c:93:1:blake2b_init0	24	static
../source/libsodium/crypto_generichash/blake2b/ref/blake2b-ref.c:109:1:blake2b_init_param	40	static
../source/libsodium/crypto_generichash/blake2b/ref/blake2b-ref.c:126:1:blake2b_init	80	static
../source/libsodium/crypto_generichash/blake2b/ref/blake2b-ref.c:148:1:blake2b_init_salt_personal	88	static
../source/libsodium/crypto_generichash/blake2b/ref/blake2b-ref.c:179:1:blake2b_init_key	216	static
../source/libsodium/crypto_generichash/blake2b/ref/blake2b-ref.c:216:1:blake2b_init_key_salt_personal	216	static
../source/libsodium/crypto_generichash/blake2b/ref/blake2b-ref.c:263:1:blake2b_update	56	static
../source/libsodium/crypto_generichash/blake2b/ref/blake2b-ref.c:292:1:blake2b_final	96	static
../source/libsodium/crypto_generichash/blake2b/ref/blake2b-ref.c:335:1:blake2b	448	static
../source/libsodium/crypto_generichash/blake2b/ref/blake2b-ref.c:372:1:blake2b_salt_personal	456	static
../source/libsodium/crypto_generichash/blake2b/ref/blake2b-ref.c:411:1:blake2b_pick_best_implementation	4	static
