C:\Local\FIRMWARE\GITHUB\Firmwares\Nxp\Testes\TesteBearSSL\source\BearSSL\src/inner.h:820:1:EQ0	24	static
../source/BearSSL/src/aead/eax.c:63:1:omac_start	16	static
../source/BearSSL/src/aead/eax.c:76:1:double_gf128	32	static
../source/BearSSL/src/aead/eax.c:96:1:do_pad	40	static
../source/BearSSL/src/aead/eax.c:128:1:do_cbcmac_chunk	40	static
../source/BearSSL/src/aead/eax.c:153:1:br_eax_init	56	static
../source/BearSSL/src/aead/eax.c:172:1:br_eax_capture	48	static
../source/BearSSL/src/aead/eax.c:193:1:br_eax_reset	24	static
../source/BearSSL/src/aead/eax.c:217:1:br_eax_reset_pre_aad	24	static
../source/BearSSL/src/aead/eax.c:245:1:br_eax_reset_post_aad	24	static
../source/BearSSL/src/aead/eax.c:267:1:br_eax_aad_inject	32	static
../source/BearSSL/src/aead/eax.c:299:1:br_eax_flip	24	static
../source/BearSSL/src/aead/eax.c:336:1:br_eax_run	80	static
../source/BearSSL/src/aead/eax.c:452:1:do_final	24	static
../source/BearSSL/src/aead/eax.c:469:1:br_eax_get_tag	16	static
../source/BearSSL/src/aead/eax.c:477:1:br_eax_get_tag_trunc	24	static
../source/BearSSL/src/aead/eax.c:485:1:br_eax_check_tag_trunc	48	static
../source/BearSSL/src/aead/eax.c:501:1:br_eax_check_tag	16	static
