C:\Local\FIRMWARE\TESTES\FRDM_K64F\Teste2Sodium\source\libsodium\include\sodium/private/common.h:74:1:load64_le	152	static
C:\Local\FIRMWARE\TESTES\FRDM_K64F\Teste2Sodium\source\libsodium\include\sodium/private/common.h:95:1:store64_le	24	static
C:\Local\FIRMWARE\TESTES\FRDM_K64F\Teste2Sodium\source\libsodium\include\sodium/private/common.h:130:1:store32_le	16	static
../source/libsodium/crypto_pwhash/argon2/argon2-core.h:74:1:copy_block	16	static
../source/libsodium/crypto_pwhash/argon2/argon2-core.h:81:1:xor_block	32	static
../source/libsodium/crypto_pwhash/argon2/argon2-core.h:139:17:index_alpha	120	static
../source/libsodium/crypto_pwhash/argon2/argon2-core.c:51:1:load_block	24	static
../source/libsodium/crypto_pwhash/argon2/argon2-core.c:60:1:store_block	24	static
../source/libsodium/crypto_pwhash/argon2/argon2-core.c:77:1:allocate_memory	32	static
../source/libsodium/crypto_pwhash/argon2/argon2-core.c:142:1:clear_memory	16	static
../source/libsodium/crypto_pwhash/argon2/argon2-core.c:164:1:free_memory	16	static
../source/libsodium/crypto_pwhash/argon2/argon2-core.c:179:1:argon2_free_instance	16	static
../source/libsodium/crypto_pwhash/argon2/argon2-core.c:192:1:argon2_finalize	2072	static
../source/libsodium/crypto_pwhash/argon2/argon2-core.c:226:1:argon2_fill_memory_blocks	56	static
../source/libsodium/crypto_pwhash/argon2/argon2-core.c:248:1:argon2_validate_inputs	16	static
../source/libsodium/crypto_pwhash/argon2/argon2-core.c:373:1:argon2_fill_first_blocks	1048	static
../source/libsodium/crypto_pwhash/argon2/argon2-core.c:397:1:argon2_initial_hash	512	static
../source/libsodium/crypto_pwhash/argon2/argon2-core.c:481:1:argon2_initialize	96	static
../source/libsodium/crypto_pwhash/argon2/argon2-core.c:522:1:argon2_pick_best_implementation	4	static
../source/libsodium/crypto_pwhash/argon2/argon2-core.c:553:1:_crypto_pwhash_argon2_pick_best_implementation	8	static
