../source/libsodium/crypto_pwhash/argon2/argon2-core.h:139:17:index_alpha	120	static
../source/libsodium/crypto_pwhash/argon2/pwhash_argon2id.c:18:1:crypto_pwhash_argon2id_alg_argon2id13	4	static
../source/libsodium/crypto_pwhash/argon2/pwhash_argon2id.c:24:1:crypto_pwhash_argon2id_bytes_min	4	static
../source/libsodium/crypto_pwhash/argon2/pwhash_argon2id.c:31:1:crypto_pwhash_argon2id_bytes_max	4	static
../source/libsodium/crypto_pwhash/argon2/pwhash_argon2id.c:38:1:crypto_pwhash_argon2id_passwd_min	4	static
../source/libsodium/crypto_pwhash/argon2/pwhash_argon2id.c:45:1:crypto_pwhash_argon2id_passwd_max	4	static
../source/libsodium/crypto_pwhash/argon2/pwhash_argon2id.c:52:1:crypto_pwhash_argon2id_saltbytes	4	static
../source/libsodium/crypto_pwhash/argon2/pwhash_argon2id.c:60:1:crypto_pwhash_argon2id_strbytes	4	static
../source/libsodium/crypto_pwhash/argon2/pwhash_argon2id.c:66:1:crypto_pwhash_argon2id_strprefix	4	static
../source/libsodium/crypto_pwhash/argon2/pwhash_argon2id.c:72:1:crypto_pwhash_argon2id_opslimit_min	4	static
../source/libsodium/crypto_pwhash/argon2/pwhash_argon2id.c:79:1:crypto_pwhash_argon2id_opslimit_max	4	static
../source/libsodium/crypto_pwhash/argon2/pwhash_argon2id.c:86:1:crypto_pwhash_argon2id_memlimit_min	4	static
../source/libsodium/crypto_pwhash/argon2/pwhash_argon2id.c:93:1:crypto_pwhash_argon2id_memlimit_max	4	static
../source/libsodium/crypto_pwhash/argon2/pwhash_argon2id.c:100:1:crypto_pwhash_argon2id_opslimit_interactive	4	static
../source/libsodium/crypto_pwhash/argon2/pwhash_argon2id.c:106:1:crypto_pwhash_argon2id_memlimit_interactive	4	static
../source/libsodium/crypto_pwhash/argon2/pwhash_argon2id.c:112:1:crypto_pwhash_argon2id_opslimit_moderate	4	static
../source/libsodium/crypto_pwhash/argon2/pwhash_argon2id.c:118:1:crypto_pwhash_argon2id_memlimit_moderate	4	static
../source/libsodium/crypto_pwhash/argon2/pwhash_argon2id.c:124:1:crypto_pwhash_argon2id_opslimit_sensitive	4	static
../source/libsodium/crypto_pwhash/argon2/pwhash_argon2id.c:130:1:crypto_pwhash_argon2id_memlimit_sensitive	4	static
../source/libsodium/crypto_pwhash/argon2/pwhash_argon2id.c:136:1:crypto_pwhash_argon2id	48	static
../source/libsodium/crypto_pwhash/argon2/pwhash_argon2id.c:182:1:crypto_pwhash_argon2id_str	64	static
../source/libsodium/crypto_pwhash/argon2/pwhash_argon2id.c:213:1:crypto_pwhash_argon2id_str_verify	32	static
