../source/libsodium/crypto_pwhash/argon2/argon2-core.h:139:17:index_alpha	120	static
../source/libsodium/crypto_pwhash/argon2/pwhash_argon2i.c:22:1:crypto_pwhash_argon2i_alg_argon2i13	4	static
../source/libsodium/crypto_pwhash/argon2/pwhash_argon2i.c:28:1:crypto_pwhash_argon2i_bytes_min	4	static
../source/libsodium/crypto_pwhash/argon2/pwhash_argon2i.c:35:1:crypto_pwhash_argon2i_bytes_max	4	static
../source/libsodium/crypto_pwhash/argon2/pwhash_argon2i.c:42:1:crypto_pwhash_argon2i_passwd_min	4	static
../source/libsodium/crypto_pwhash/argon2/pwhash_argon2i.c:49:1:crypto_pwhash_argon2i_passwd_max	4	static
../source/libsodium/crypto_pwhash/argon2/pwhash_argon2i.c:56:1:crypto_pwhash_argon2i_saltbytes	4	static
../source/libsodium/crypto_pwhash/argon2/pwhash_argon2i.c:64:1:crypto_pwhash_argon2i_strbytes	4	static
../source/libsodium/crypto_pwhash/argon2/pwhash_argon2i.c:70:1:crypto_pwhash_argon2i_strprefix	4	static
../source/libsodium/crypto_pwhash/argon2/pwhash_argon2i.c:76:1:crypto_pwhash_argon2i_opslimit_min	4	static
../source/libsodium/crypto_pwhash/argon2/pwhash_argon2i.c:83:1:crypto_pwhash_argon2i_opslimit_max	4	static
../source/libsodium/crypto_pwhash/argon2/pwhash_argon2i.c:90:1:crypto_pwhash_argon2i_memlimit_min	4	static
../source/libsodium/crypto_pwhash/argon2/pwhash_argon2i.c:97:1:crypto_pwhash_argon2i_memlimit_max	4	static
../source/libsodium/crypto_pwhash/argon2/pwhash_argon2i.c:104:1:crypto_pwhash_argon2i_opslimit_interactive	4	static
../source/libsodium/crypto_pwhash/argon2/pwhash_argon2i.c:110:1:crypto_pwhash_argon2i_memlimit_interactive	4	static
../source/libsodium/crypto_pwhash/argon2/pwhash_argon2i.c:116:1:crypto_pwhash_argon2i_opslimit_moderate	4	static
../source/libsodium/crypto_pwhash/argon2/pwhash_argon2i.c:122:1:crypto_pwhash_argon2i_memlimit_moderate	4	static
../source/libsodium/crypto_pwhash/argon2/pwhash_argon2i.c:128:1:crypto_pwhash_argon2i_opslimit_sensitive	4	static
../source/libsodium/crypto_pwhash/argon2/pwhash_argon2i.c:134:1:crypto_pwhash_argon2i_memlimit_sensitive	4	static
../source/libsodium/crypto_pwhash/argon2/pwhash_argon2i.c:140:1:crypto_pwhash_argon2i	48	static
../source/libsodium/crypto_pwhash/argon2/pwhash_argon2i.c:186:1:crypto_pwhash_argon2i_str	64	static
../source/libsodium/crypto_pwhash/argon2/pwhash_argon2i.c:217:1:crypto_pwhash_argon2i_str_verify	32	static
../source/libsodium/crypto_pwhash/argon2/pwhash_argon2i.c:245:1:_needs_rehash	96	static
../source/libsodium/crypto_pwhash/argon2/pwhash_argon2i.c:283:1:crypto_pwhash_argon2i_str_needs_rehash	32	static
../source/libsodium/crypto_pwhash/argon2/pwhash_argon2i.c:290:1:crypto_pwhash_argon2id_str_needs_rehash	32	static
