C:\Local\FIRMWARE\TESTES\FRDM_K64F\Teste2Sodium\source\libsodium\include\sodium/private/ed25519_ref10_fe_25_5.h:79:1:fe25519_sub	64	static
C:\Local\FIRMWARE\TESTES\FRDM_K64F\Teste2Sodium\source\libsodium\include\sodium/private/ed25519_ref10_fe_25_5.h:148:1:fe25519_cmov	112	static
C:\Local\FIRMWARE\TESTES\FRDM_K64F\Teste2Sodium\source\libsodium\include\sodium/private/ed25519_ref10_fe_25_5.h:198:1:fe25519_cswap	152	static
C:\Local\FIRMWARE\TESTES\FRDM_K64F\Teste2Sodium\source\libsodium\include\sodium/private/ed25519_ref10_fe_25_5.h:348:1:fe25519_mul	4552	static
C:\Local\FIRMWARE\TESTES\FRDM_K64F\Teste2Sodium\source\libsodium\include\sodium/private/ed25519_ref10_fe_25_5.h:618:1:fe25519_sq	2704	static
C:\Local\FIRMWARE\TESTES\FRDM_K64F\Teste2Sodium\source\libsodium\include\sodium/private/ed25519_ref10_fe_25_5.h:790:1:fe25519_sq2	2784	static
../source/libsodium/crypto_scalarmult/ristretto255/ref10/scalarmult_ristretto255_ref10.c:10:1:crypto_scalarmult_ristretto255	352	static
../source/libsodium/crypto_scalarmult/ristretto255/ref10/scalarmult_ristretto255_ref10.c:34:1:crypto_scalarmult_ristretto255_base	184	static
../source/libsodium/crypto_scalarmult/ristretto255/ref10/scalarmult_ristretto255_ref10.c:54:1:crypto_scalarmult_ristretto255_bytes	4	static
../source/libsodium/crypto_scalarmult/ristretto255/ref10/scalarmult_ristretto255_ref10.c:60:1:crypto_scalarmult_ristretto255_scalarbytes	4	static
