C:\Local\FIRMWARE\TESTES\FRDM_K64F\Teste2Sodium\source\libsodium\include\sodium/private/ed25519_ref10_fe_25_5.h:11:1:fe25519_0	16	static
C:\Local\FIRMWARE\TESTES\FRDM_K64F\Teste2Sodium\source\libsodium\include\sodium/private/ed25519_ref10_fe_25_5.h:21:1:fe25519_1	16	static
C:\Local\FIRMWARE\TESTES\FRDM_K64F\Teste2Sodium\source\libsodium\include\sodium/private/ed25519_ref10_fe_25_5.h:41:1:fe25519_add	64	static
C:\Local\FIRMWARE\TESTES\FRDM_K64F\Teste2Sodium\source\libsodium\include\sodium/private/ed25519_ref10_fe_25_5.h:79:1:fe25519_sub	64	static
C:\Local\FIRMWARE\TESTES\FRDM_K64F\Teste2Sodium\source\libsodium\include\sodium/private/ed25519_ref10_fe_25_5.h:115:1:fe25519_neg	56	static
C:\Local\FIRMWARE\TESTES\FRDM_K64F\Teste2Sodium\source\libsodium\include\sodium/private/ed25519_ref10_fe_25_5.h:148:1:fe25519_cmov	112	static
C:\Local\FIRMWARE\TESTES\FRDM_K64F\Teste2Sodium\source\libsodium\include\sodium/private/ed25519_ref10_fe_25_5.h:198:1:fe25519_cswap	152	static
C:\Local\FIRMWARE\TESTES\FRDM_K64F\Teste2Sodium\source\libsodium\include\sodium/private/ed25519_ref10_fe_25_5.h:274:1:fe25519_copy	16	static
C:\Local\FIRMWARE\TESTES\FRDM_K64F\Teste2Sodium\source\libsodium\include\sodium/private/ed25519_ref10_fe_25_5.h:288:1:fe25519_isnegative	48	static
C:\Local\FIRMWARE\TESTES\FRDM_K64F\Teste2Sodium\source\libsodium\include\sodium/private/ed25519_ref10_fe_25_5.h:306:1:fe25519_iszero	48	static
C:\Local\FIRMWARE\TESTES\FRDM_K64F\Teste2Sodium\source\libsodium\include\sodium/private/ed25519_ref10_fe_25_5.h:348:1:fe25519_mul	4552	static
C:\Local\FIRMWARE\TESTES\FRDM_K64F\Teste2Sodium\source\libsodium\include\sodium/private/ed25519_ref10_fe_25_5.h:618:1:fe25519_sq	2704	static
C:\Local\FIRMWARE\TESTES\FRDM_K64F\Teste2Sodium\source\libsodium\include\sodium/private/ed25519_ref10_fe_25_5.h:790:1:fe25519_sq2	2784	static
C:\Local\FIRMWARE\TESTES\FRDM_K64F\Teste2Sodium\source\libsodium\include\sodium/private/ed25519_ref10_fe_25_5.h:962:1:fe25519_mul32	664	static
../source/libsodium/crypto_core/ed25519/ref10/ed25519_ref10.c:12:1:load_3	56	static
../source/libsodium/crypto_core/ed25519/ref10/ed25519_ref10.c:24:1:load_4	88	static
../source/libsodium/crypto_core/ed25519/ref10/fe_25_5/fe.h:6:1:fe25519_frombytes	448	static
../source/libsodium/crypto_core/ed25519/ref10/fe_25_5/fe.h:100:1:fe25519_reduce	104	static
../source/libsodium/crypto_core/ed25519/ref10/fe_25_5/fe.h:183:1:fe25519_tobytes	56	static
../source/libsodium/crypto_core/ed25519/ref10/ed25519_ref10.c:54:1:fe25519_invert	184	static
../source/libsodium/crypto_core/ed25519/ref10/ed25519_ref10.c:109:1:fe25519_pow22523	144	static
../source/libsodium/crypto_core/ed25519/ref10/ed25519_ref10.c:162:1:fe25519_cneg	64	static
../source/libsodium/crypto_core/ed25519/ref10/ed25519_ref10.c:172:1:fe25519_abs	16	static
../source/libsodium/crypto_core/ed25519/ref10/ed25519_ref10.c:178:1:fe25519_sqmul	32	static
../source/libsodium/crypto_core/ed25519/ref10/ed25519_ref10.c:189:1:fe25519_notsquare	408	static
../source/libsodium/crypto_core/ed25519/ref10/ed25519_ref10.c:231:1:ge25519_add	64	static
../source/libsodium/crypto_core/ed25519/ref10/ed25519_ref10.c:249:1:slide_vartime	40	static
../source/libsodium/crypto_core/ed25519/ref10/ed25519_ref10.c:294:1:ge25519_frombytes	312	static
../source/libsodium/crypto_core/ed25519/ref10/ed25519_ref10.c:332:1:ge25519_frombytes_negate_vartime	256	static
../source/libsodium/crypto_core/ed25519/ref10/ed25519_ref10.c:381:1:ge25519_madd	64	static
../source/libsodium/crypto_core/ed25519/ref10/ed25519_ref10.c:402:1:ge25519_msub	64	static
../source/libsodium/crypto_core/ed25519/ref10/ed25519_ref10.c:423:1:ge25519_p1p1_to_p2	16	static
../source/libsodium/crypto_core/ed25519/ref10/ed25519_ref10.c:435:1:ge25519_p1p1_to_p3	16	static
../source/libsodium/crypto_core/ed25519/ref10/ed25519_ref10.c:444:1:ge25519_p2_0	16	static
../source/libsodium/crypto_core/ed25519/ref10/ed25519_ref10.c:456:1:ge25519_p2_dbl	56	static
../source/libsodium/crypto_core/ed25519/ref10/ed25519_ref10.c:472:1:ge25519_p3_0	16	static
../source/libsodium/crypto_core/ed25519/ref10/ed25519_ref10.c:481:1:ge25519_cached_0	16	static
../source/libsodium/crypto_core/ed25519/ref10/ed25519_ref10.c:494:1:ge25519_p3_to_cached	16	static
../source/libsodium/crypto_core/ed25519/ref10/ed25519_ref10.c:503:1:ge25519_p3_to_precomp	176	static
../source/libsodium/crypto_core/ed25519/ref10/ed25519_ref10.c:524:1:ge25519_p3_to_p2	16	static
../source/libsodium/crypto_core/ed25519/ref10/ed25519_ref10.c:532:1:ge25519_p3_tobytes	136	static
../source/libsodium/crypto_core/ed25519/ref10/ed25519_ref10.c:550:1:ge25519_p3_dbl	136	static
../source/libsodium/crypto_core/ed25519/ref10/ed25519_ref10.c:558:1:ge25519_precomp_0	16	static
../source/libsodium/crypto_core/ed25519/ref10/ed25519_ref10.c:566:1:equal	24	static
../source/libsodium/crypto_core/ed25519/ref10/ed25519_ref10.c:588:1:negative	24	static
../source/libsodium/crypto_core/ed25519/ref10/ed25519_ref10.c:604:1:ge25519_cmov	24	static
../source/libsodium/crypto_core/ed25519/ref10/ed25519_ref10.c:612:1:ge25519_cmov_cached	24	static
../source/libsodium/crypto_core/ed25519/ref10/ed25519_ref10.c:621:1:ge25519_cmov8	160	static
../source/libsodium/crypto_core/ed25519/ref10/ed25519_ref10.c:643:1:ge25519_cmov8_base	24	static
../source/libsodium/crypto_core/ed25519/ref10/ed25519_ref10.c:656:1:ge25519_cmov8_cached	200	static
../source/libsodium/crypto_core/ed25519/ref10/ed25519_ref10.c:683:1:ge25519_sub	64	static
../source/libsodium/crypto_core/ed25519/ref10/ed25519_ref10.c:701:1:ge25519_tobytes	136	static
../source/libsodium/crypto_core/ed25519/ref10/ed25519_ref10.c:724:1:ge25519_double_scalarmult_vartime	2312	static
../source/libsodium/crypto_core/ed25519/ref10/ed25519_ref10.c:820:1:ge25519_scalarmult	4056	static
../source/libsodium/crypto_core/ed25519/ref10/ed25519_ref10.c:913:1:ge25519_scalarmult_base	488	static
../source/libsodium/crypto_core/ed25519/ref10/ed25519_ref10.c:965:1:ge25519_mul_l	1784	static
../source/libsodium/crypto_core/ed25519/ref10/ed25519_ref10.c:1019:1:ge25519_is_on_curve	256	static
../source/libsodium/crypto_core/ed25519/ref10/ed25519_ref10.c:1044:1:ge25519_is_on_main_subgroup	176	static
../source/libsodium/crypto_core/ed25519/ref10/ed25519_ref10.c:1054:1:ge25519_is_canonical	32	static
../source/libsodium/crypto_core/ed25519/ref10/ed25519_ref10.c:1071:1:ge25519_has_small_order	40	static
../source/libsodium/crypto_core/ed25519/ref10/ed25519_ref10.c:1137:1:sc25519_mul	5704	static
../source/libsodium/crypto_core/ed25519/ref10/ed25519_ref10.c:1610:1:sc25519_muladd	5992	static
../source/libsodium/crypto_core/ed25519/ref10/ed25519_ref10.c:2096:1:sc25519_sq	16	static
../source/libsodium/crypto_core/ed25519/ref10/ed25519_ref10.c:2113:1:sc25519_sqmul	32	static
../source/libsodium/crypto_core/ed25519/ref10/ed25519_ref10.c:2124:1:sc25519_invert	752	static
../source/libsodium/crypto_core/ed25519/ref10/ed25519_ref10.c:2185:1:sc25519_reduce	2792	static
../source/libsodium/crypto_core/ed25519/ref10/ed25519_ref10.c:2509:1:sc25519_is_canonical	24	static
../source/libsodium/crypto_core/ed25519/ref10/ed25519_ref10.c:2532:1:ge25519_clear_cofactor	296	static
../source/libsodium/crypto_core/ed25519/ref10/ed25519_ref10.c:2546:1:ge25519_elligator2	632	static
../source/libsodium/crypto_core/ed25519/ref10/ed25519_ref10.c:2601:1:ge25519_from_uniform	64	static
../source/libsodium/crypto_core/ed25519/ref10/ed25519_ref10.c:2614:1:ge25519_from_hash	168	static
../source/libsodium/crypto_core/ed25519/ref10/ed25519_ref10.c:2643:1:ristretto255_sqrt_ratio_m1	280	static
../source/libsodium/crypto_core/ed25519/ref10/ed25519_ref10.c:2679:1:ristretto255_is_canonical	32	static
../source/libsodium/crypto_core/ed25519/ref10/ed25519_ref10.c:2698:1:ristretto255_frombytes	432	static
../source/libsodium/crypto_core/ed25519/ref10/ed25519_ref10.c:2748:1:ristretto255_p3_tobytes	744	static
../source/libsodium/crypto_core/ed25519/ref10/ed25519_ref10.c:2806:1:ristretto255_elligator	584	static
../source/libsodium/crypto_core/ed25519/ref10/ed25519_ref10.c:2857:1:ristretto255_from_hash	896	static
