C:\Local\FIRMWARE\TESTES\FRDM_K64F\Teste2Sodium\source\libsodium\include\sodium/private/common.h:44:1:rotl32	16	static
C:\Local\FIRMWARE\TESTES\FRDM_K64F\Teste2Sodium\source\libsodium\include\sodium/private/common.h:113:1:load32_le	24	static
C:\Local\FIRMWARE\TESTES\FRDM_K64F\Teste2Sodium\source\libsodium\include\sodium/private/common.h:130:1:store32_le	16	static
../source/libsodium/crypto_core/salsa/ref/core_salsa_ref.c:11:1:crypto_core_salsa	160	static
../source/libsodium/crypto_core/salsa/ref/core_salsa_ref.c:98:1:crypto_core_salsa20	32	static
../source/libsodium/crypto_core/salsa/ref/core_salsa_ref.c:106:1:crypto_core_salsa20_outputbytes	4	static
../source/libsodium/crypto_core/salsa/ref/core_salsa_ref.c:112:1:crypto_core_salsa20_inputbytes	4	static
../source/libsodium/crypto_core/salsa/ref/core_salsa_ref.c:118:1:crypto_core_salsa20_keybytes	4	static
../source/libsodium/crypto_core/salsa/ref/core_salsa_ref.c:124:1:crypto_core_salsa20_constbytes	4	static
../source/libsodium/crypto_core/salsa/ref/core_salsa_ref.c:132:1:crypto_core_salsa2012	32	static
../source/libsodium/crypto_core/salsa/ref/core_salsa_ref.c:140:1:crypto_core_salsa2012_outputbytes	4	static
../source/libsodium/crypto_core/salsa/ref/core_salsa_ref.c:146:1:crypto_core_salsa2012_inputbytes	4	static
../source/libsodium/crypto_core/salsa/ref/core_salsa_ref.c:152:1:crypto_core_salsa2012_keybytes	4	static
../source/libsodium/crypto_core/salsa/ref/core_salsa_ref.c:158:1:crypto_core_salsa2012_constbytes	4	static
../source/libsodium/crypto_core/salsa/ref/core_salsa_ref.c:164:1:crypto_core_salsa208	32	static
../source/libsodium/crypto_core/salsa/ref/core_salsa_ref.c:172:1:crypto_core_salsa208_outputbytes	4	static
../source/libsodium/crypto_core/salsa/ref/core_salsa_ref.c:178:1:crypto_core_salsa208_inputbytes	4	static
../source/libsodium/crypto_core/salsa/ref/core_salsa_ref.c:184:1:crypto_core_salsa208_keybytes	4	static
../source/libsodium/crypto_core/salsa/ref/core_salsa_ref.c:190:1:crypto_core_salsa208_constbytes	4	static
