../source/libsodium/crypto_kdf/hkdf/kdf_hkdf_sha512.c:11:1:crypto_kdf_hkdf_sha512_extract_init	24	static
../source/libsodium/crypto_kdf/hkdf/kdf_hkdf_sha512.c:18:1:crypto_kdf_hkdf_sha512_extract_update	32	static
../source/libsodium/crypto_kdf/hkdf/kdf_hkdf_sha512.c:25:1:crypto_kdf_hkdf_sha512_extract_final	16	static
../source/libsodium/crypto_kdf/hkdf/kdf_hkdf_sha512.c:35:1:crypto_kdf_hkdf_sha512_extract	448	static
../source/libsodium/crypto_kdf/hkdf/kdf_hkdf_sha512.c:49:1:crypto_kdf_hkdf_sha512_keygen	16	static
../source/libsodium/crypto_kdf/hkdf/kdf_hkdf_sha512.c:55:1:crypto_kdf_hkdf_sha512_expand	544	static
../source/libsodium/crypto_kdf/hkdf/kdf_hkdf_sha512.c:103:1:crypto_kdf_hkdf_sha512_keybytes	4	static
../source/libsodium/crypto_kdf/hkdf/kdf_hkdf_sha512.c:109:1:crypto_kdf_hkdf_sha512_bytes_min	4	static
../source/libsodium/crypto_kdf/hkdf/kdf_hkdf_sha512.c:115:1:crypto_kdf_hkdf_sha512_bytes_max	4	static
../source/libsodium/crypto_kdf/hkdf/kdf_hkdf_sha512.c:120:8:crypto_kdf_hkdf_sha512_statebytes	4	static
