C:\Local\FIRMWARE\TESTES\FRDM_K64F\Teste2Sodium\source\libsodium\include\sodium/private/ed25519_ref10_fe_25_5.h:11:1:fe25519_0	16	static
C:\Local\FIRMWARE\TESTES\FRDM_K64F\Teste2Sodium\source\libsodium\include\sodium/private/ed25519_ref10_fe_25_5.h:21:1:fe25519_1	16	static
C:\Local\FIRMWARE\TESTES\FRDM_K64F\Teste2Sodium\source\libsodium\include\sodium/private/ed25519_ref10_fe_25_5.h:41:1:fe25519_add	64	static
C:\Local\FIRMWARE\TESTES\FRDM_K64F\Teste2Sodium\source\libsodium\include\sodium/private/ed25519_ref10_fe_25_5.h:79:1:fe25519_sub	64	static
C:\Local\FIRMWARE\TESTES\FRDM_K64F\Teste2Sodium\source\libsodium\include\sodium/private/ed25519_ref10_fe_25_5.h:148:1:fe25519_cmov	112	static
C:\Local\FIRMWARE\TESTES\FRDM_K64F\Teste2Sodium\source\libsodium\include\sodium/private/ed25519_ref10_fe_25_5.h:198:1:fe25519_cswap	152	static
C:\Local\FIRMWARE\TESTES\FRDM_K64F\Teste2Sodium\source\libsodium\include\sodium/private/ed25519_ref10_fe_25_5.h:274:1:fe25519_copy	16	static
C:\Local\FIRMWARE\TESTES\FRDM_K64F\Teste2Sodium\source\libsodium\include\sodium/private/ed25519_ref10_fe_25_5.h:348:1:fe25519_mul	4552	static
C:\Local\FIRMWARE\TESTES\FRDM_K64F\Teste2Sodium\source\libsodium\include\sodium/private/ed25519_ref10_fe_25_5.h:618:1:fe25519_sq	2704	static
C:\Local\FIRMWARE\TESTES\FRDM_K64F\Teste2Sodium\source\libsodium\include\sodium/private/ed25519_ref10_fe_25_5.h:790:1:fe25519_sq2	2784	static
C:\Local\FIRMWARE\TESTES\FRDM_K64F\Teste2Sodium\source\libsodium\include\sodium/private/ed25519_ref10_fe_25_5.h:962:1:fe25519_mul32	664	static
../source/libsodium/crypto_scalarmult/curve25519/ref10/x25519_ref10.c:17:1:has_small_order	40	static
../source/libsodium/crypto_scalarmult/curve25519/ref10/x25519_ref10.c:73:1:crypto_scalarmult_curve25519_ref10	352	static
../source/libsodium/crypto_scalarmult/curve25519/ref10/x25519_ref10.c:145:1:edwards_to_montgomery	104	static
../source/libsodium/crypto_scalarmult/curve25519/ref10/x25519_ref10.c:157:1:crypto_scalarmult_curve25519_ref10_base	224	static
