C:\Local\FIRMWARE\TESTES\FRDM_K64F\Teste2Sodium\source\libsodium\include\sodium/private/common.h:113:1:load32_le	24	static
C:\Local\FIRMWARE\TESTES\FRDM_K64F\Teste2Sodium\source\libsodium\include\sodium/private/common.h:130:1:store32_le	16	static
C:\Local\FIRMWARE\TESTES\FRDM_K64F\Teste2Sodium\source\libsodium\include\sodium/private/softaes.h:18:1:softaes_block_load	40	static
C:\Local\FIRMWARE\TESTES\FRDM_K64F\Teste2Sodium\source\libsodium\include\sodium/private/softaes.h:26:1:softaes_block_load64x2	40	static
C:\Local\FIRMWARE\TESTES\FRDM_K64F\Teste2Sodium\source\libsodium\include\sodium/private/softaes.h:34:1:softaes_block_store	16	static
C:\Local\FIRMWARE\TESTES\FRDM_K64F\Teste2Sodium\source\libsodium\include\sodium/private/softaes.h:43:1:softaes_block_xor	32	static
C:\Local\FIRMWARE\TESTES\FRDM_K64F\Teste2Sodium\source\libsodium\include\sodium/private/softaes.h:50:1:softaes_block_and	32	static
../source/libsodium/crypto_aead/aegis128l/aegis128l_soft.c:34:1:aegis128l_update	96	static
../source/libsodium/crypto_aead/aegis128l/aegis128l_common.h:4:1:aegis128l_init	152	static
../source/libsodium/crypto_aead/aegis128l/aegis128l_common.h:36:1:aegis128l_mac	184	static
../source/libsodium/crypto_aead/aegis128l/aegis128l_common.h:66:1:aegis128l_absorb	80	static
../source/libsodium/crypto_aead/aegis128l/aegis128l_common.h:76:1:aegis128l_absorb2	112	static
../source/libsodium/crypto_aead/aegis128l/aegis128l_common.h:89:1:aegis128l_enc	176	static
../source/libsodium/crypto_aead/aegis128l/aegis128l_common.h:109:1:aegis128l_dec	144	static
../source/libsodium/crypto_aead/aegis128l/aegis128l_common.h:128:1:aegis128l_declast	176	static
../source/libsodium/crypto_aead/aegis128l/aegis128l_common.h:158:1:encrypt_detached	288	static
../source/libsodium/crypto_aead/aegis128l/aegis128l_common.h:195:1:decrypt_detached	328	static
